Archive member included to satisfy reference by file (symbol)

D:\APP5\Architecture_calcul_rapide_DSP\TP\stCube_workspace\TP_Calcul_Rapide\Drivers\CMSIS\Lib\GCC\libarm_cortexM4lf_math.a(arm_rfft_fast_init_f32.o)
                              ./Core/Src/static_tuner.o (arm_rfft_fast_init_f32)
D:\APP5\Architecture_calcul_rapide_DSP\TP\stCube_workspace\TP_Calcul_Rapide\Drivers\CMSIS\Lib\GCC\libarm_cortexM4lf_math.a(arm_rfft_fast_f32.o)
                              ./Core/Src/static_tuner.o (arm_rfft_fast_f32)
D:\APP5\Architecture_calcul_rapide_DSP\TP\stCube_workspace\TP_Calcul_Rapide\Drivers\CMSIS\Lib\GCC\libarm_cortexM4lf_math.a(arm_cfft_f32.o)
                              D:\APP5\Architecture_calcul_rapide_DSP\TP\stCube_workspace\TP_Calcul_Rapide\Drivers\CMSIS\Lib\GCC\libarm_cortexM4lf_math.a(arm_rfft_fast_f32.o) (arm_cfft_f32)
D:\APP5\Architecture_calcul_rapide_DSP\TP\stCube_workspace\TP_Calcul_Rapide\Drivers\CMSIS\Lib\GCC\libarm_cortexM4lf_math.a(arm_correlate_f32.o)
                              ./Core/Src/static_tuner.o (arm_correlate_f32)
D:\APP5\Architecture_calcul_rapide_DSP\TP\stCube_workspace\TP_Calcul_Rapide\Drivers\CMSIS\Lib\GCC\libarm_cortexM4lf_math.a(arm_sin_f32.o)
                              ./Core/Src/static_tuner.o (arm_sin_f32)
D:\APP5\Architecture_calcul_rapide_DSP\TP\stCube_workspace\TP_Calcul_Rapide\Drivers\CMSIS\Lib\GCC\libarm_cortexM4lf_math.a(arm_cos_f32.o)
                              ./Core/Src/static_tuner.o (arm_cos_f32)
D:\APP5\Architecture_calcul_rapide_DSP\TP\stCube_workspace\TP_Calcul_Rapide\Drivers\CMSIS\Lib\GCC\libarm_cortexM4lf_math.a(arm_common_tables.o)
                              D:\APP5\Architecture_calcul_rapide_DSP\TP\stCube_workspace\TP_Calcul_Rapide\Drivers\CMSIS\Lib\GCC\libarm_cortexM4lf_math.a(arm_sin_f32.o) (sinTable_f32)
D:\APP5\Architecture_calcul_rapide_DSP\TP\stCube_workspace\TP_Calcul_Rapide\Drivers\CMSIS\Lib\GCC\libarm_cortexM4lf_math.a(arm_bitreversal2.o)
                              D:\APP5\Architecture_calcul_rapide_DSP\TP\stCube_workspace\TP_Calcul_Rapide\Drivers\CMSIS\Lib\GCC\libarm_cortexM4lf_math.a(arm_cfft_f32.o) (arm_bitreversal_32)
D:\APP5\Architecture_calcul_rapide_DSP\TP\stCube_workspace\TP_Calcul_Rapide\Drivers\CMSIS\Lib\GCC\libarm_cortexM4lf_math.a(arm_cfft_radix8_f32.o)
                              D:\APP5\Architecture_calcul_rapide_DSP\TP\stCube_workspace\TP_Calcul_Rapide\Drivers\CMSIS\Lib\GCC\libarm_cortexM4lf_math.a(arm_cfft_f32.o) (arm_radix8_butterfly_f32)
D:/STM32CubeIDE_1.18.1/STM32CubeIDE/plugins/com.st.stm32cube.ide.mcu.externaltools.gnu-tools-for-stm32.13.3.rel1.win32_1.0.0.202411081344/tools/bin/../lib/gcc/arm-none-eabi/13.3.1/thumb/v7e-m+fp/hard\libgcc.a(_arm_muldf3.o)
                              ./Core/Src/math_helper.o (__aeabi_dmul)
D:/STM32CubeIDE_1.18.1/STM32CubeIDE/plugins/com.st.stm32cube.ide.mcu.externaltools.gnu-tools-for-stm32.13.3.rel1.win32_1.0.0.202411081344/tools/bin/../lib/gcc/arm-none-eabi/13.3.1/thumb/v7e-m+fp/hard\libgcc.a(_arm_addsubdf3.o)
                              ./Core/Src/math_helper.o (__aeabi_dadd)
D:/STM32CubeIDE_1.18.1/STM32CubeIDE/plugins/com.st.stm32cube.ide.mcu.externaltools.gnu-tools-for-stm32.13.3.rel1.win32_1.0.0.202411081344/tools/bin/../lib/gcc/arm-none-eabi/13.3.1/thumb/v7e-m+fp/hard\libgcc.a(_arm_fixdfsi.o)
                              ./Core/Src/math_helper.o (__aeabi_d2iz)
D:/STM32CubeIDE_1.18.1/STM32CubeIDE/plugins/com.st.stm32cube.ide.mcu.externaltools.gnu-tools-for-stm32.13.3.rel1.win32_1.0.0.202411081344/tools/bin/../lib/gcc/arm-none-eabi/13.3.1/thumb/v7e-m+fp/hard\libgcc.a(_arm_truncdfsf2.o)
                              ./Core/Src/math_helper.o (__aeabi_d2f)
D:/STM32CubeIDE_1.18.1/STM32CubeIDE/plugins/com.st.stm32cube.ide.mcu.externaltools.gnu-tools-for-stm32.13.3.rel1.win32_1.0.0.202411081344/tools/bin/../lib/gcc/arm-none-eabi/13.3.1/thumb/v7e-m+fp/hard\libgcc.a(_arm_addsubsf3.o)
                              ./Core/Src/static_tuner.o (__aeabi_l2f)
D:/STM32CubeIDE_1.18.1/STM32CubeIDE/plugins/com.st.stm32cube.ide.mcu.externaltools.gnu-tools-for-stm32.13.3.rel1.win32_1.0.0.202411081344/tools/bin/../lib/gcc/arm-none-eabi/13.3.1/thumb/v7e-m+fp/hard\libgcc.a(_aeabi_uldivmod.o)
                              ./Drivers/STM32F4xx_HAL_Driver/Src/stm32f4xx_hal_rcc.o (__aeabi_uldivmod)
D:/STM32CubeIDE_1.18.1/STM32CubeIDE/plugins/com.st.stm32cube.ide.mcu.externaltools.gnu-tools-for-stm32.13.3.rel1.win32_1.0.0.202411081344/tools/bin/../lib/gcc/arm-none-eabi/13.3.1/thumb/v7e-m+fp/hard\libgcc.a(_udivmoddi4.o)
                              D:/STM32CubeIDE_1.18.1/STM32CubeIDE/plugins/com.st.stm32cube.ide.mcu.externaltools.gnu-tools-for-stm32.13.3.rel1.win32_1.0.0.202411081344/tools/bin/../lib/gcc/arm-none-eabi/13.3.1/thumb/v7e-m+fp/hard\libgcc.a(_aeabi_uldivmod.o) (__udivmoddi4)
[...]
Memory Configuration

Name             Origin             Length             Attributes
RAM              0x20000000         0x00020000         xrw
FLASH            0x08000000         0x00080000         xr
*default*        0x00000000         0xffffffff

Linker script and memory map

LOAD D:/STM32CubeIDE_1.18.1/STM32CubeIDE/plugins/com.st.stm32cube.ide.mcu.externaltools.gnu-tools-for-stm32.13.3.rel1.win32_1.0.0.202411081344/tools/bin/../lib/gcc/arm-none-eabi/13.3.1/thumb/v7e-m+fp/hard/crti.o
LOAD D:/STM32CubeIDE_1.18.1/STM32CubeIDE/plugins/com.st.stm32cube.ide.mcu.externaltools.gnu-tools-for-stm32.13.3.rel1.win32_1.0.0.202411081344/tools/bin/../lib/gcc/arm-none-eabi/13.3.1/thumb/v7e-m+fp/hard/crtbegin.o
LOAD D:/STM32CubeIDE_1.18.1/STM32CubeIDE/plugins/com.st.stm32cube.ide.mcu.externaltools.gnu-tools-for-stm32.13.3.rel1.win32_1.0.0.202411081344/tools/bin/../lib/gcc/arm-none-eabi/13.3.1/../../../../arm-none-eabi/lib/thumb/v7e-m+fp/hard/crt0.o
LOAD ./Core/Src/arm_fir_data.o
LOAD ./Core/Src/main.o
LOAD ./Core/Src/math_helper.o
LOAD ./Core/Src/microphone_dma.o
LOAD ./Core/Src/static_tuner.o
LOAD ./Core/Src/stm32f4xx_hal_msp.o
LOAD ./Core/Src/stm32f4xx_hal_timebase_tim.o
LOAD ./Core/Src/stm32f4xx_it.o
LOAD ./Core/Src/syscalls.o
LOAD ./Core/Src/sysmem.o
LOAD ./Core/Src/system_stm32f4xx.o
LOAD ./Core/Startup/startup_stm32f446retx.o
LOAD ./Drivers/STM32F4xx_HAL_Driver/Src/stm32f4xx_hal.o
LOAD ./Drivers/STM32F4xx_HAL_Driver/Src/stm32f4xx_hal_adc.o
LOAD ./Drivers/STM32F4xx_HAL_Driver/Src/stm32f4xx_hal_adc_ex.o
LOAD ./Drivers/STM32F4xx_HAL_Driver/Src/stm32f4xx_hal_cortex.o
LOAD ./Drivers/STM32F4xx_HAL_Driver/Src/stm32f4xx_hal_dac.o
LOAD ./Drivers/STM32F4xx_HAL_Driver/Src/stm32f4xx_hal_dac_ex.o
LOAD ./Drivers/STM32F4xx_HAL_Driver/Src/stm32f4xx_hal_dma.o
LOAD ./Drivers/STM32F4xx_HAL_Driver/Src/stm32f4xx_hal_dma_ex.o
LOAD ./Drivers/STM32F4xx_HAL_Driver/Src/stm32f4xx_hal_exti.o
LOAD ./Drivers/STM32F4xx_HAL_Driver/Src/stm32f4xx_hal_flash.o
LOAD ./Drivers/STM32F4xx_HAL_Driver/Src/stm32f4xx_hal_flash_ex.o
LOAD ./Drivers/STM32F4xx_HAL_Driver/Src/stm32f4xx_hal_flash_ramfunc.o
LOAD ./Drivers/STM32F4xx_HAL_Driver/Src/stm32f4xx_hal_gpio.o
LOAD ./Drivers/STM32F4xx_HAL_Driver/Src/stm32f4xx_hal_pwr.o
LOAD ./Drivers/STM32F4xx_HAL_Driver/Src/stm32f4xx_hal_pwr_ex.o
LOAD ./Drivers/STM32F4xx_HAL_Driver/Src/stm32f4xx_hal_rcc.o
LOAD ./Drivers/STM32F4xx_HAL_Driver/Src/stm32f4xx_hal_rcc_ex.o
LOAD ./Drivers/STM32F4xx_HAL_Driver/Src/stm32f4xx_hal_tim.o
LOAD ./Drivers/STM32F4xx_HAL_Driver/Src/stm32f4xx_hal_tim_ex.o
LOAD ./Drivers/STM32F4xx_HAL_Driver/Src/stm32f4xx_hal_uart.o
LOAD ./Drivers/STM32F4xx_HAL_Driver/Src/stm32f4xx_ll_adc.o
LOAD D:\APP5\Architecture_calcul_rapide_DSP\TP\stCube_workspace\TP_Calcul_Rapide\Drivers\CMSIS\Lib\GCC\libarm_cortexM4lf_math.a
START GROUP
LOAD D:/STM32CubeIDE_1.18.1/STM32CubeIDE/plugins/com.st.stm32cube.ide.mcu.externaltools.gnu-tools-for-stm32.13.3.rel1.win32_1.0.0.202411081344/tools/bin/../lib/gcc/arm-none-eabi/13.3.1/thumb/v7e-m+fp/hard\libgcc.a
LOAD D:/STM32CubeIDE_1.18.1/STM32CubeIDE/plugins/com.st.stm32cube.ide.mcu.externaltools.gnu-tools-for-stm32.13.3.rel1.win32_1.0.0.202411081344/tools/bin/../lib/gcc/arm-none-eabi/13.3.1/../../../../arm-none-eabi/lib/thumb/v7e-m+fp/hard\libc_nano.a
END GROUP
START GROUP
LOAD D:/STM32CubeIDE_1.18.1/STM32CubeIDE/plugins/com.st.stm32cube.ide.mcu.externaltools.gnu-tools-for-stm32.13.3.rel1.win32_1.0.0.202411081344/tools/bin/../lib/gcc/arm-none-eabi/13.3.1/thumb/v7e-m+fp/hard\libgcc.a
LOAD D:/STM32CubeIDE_1.18.1/STM32CubeIDE/plugins/com.st.stm32cube.ide.mcu.externaltools.gnu-tools-for-stm32.13.3.rel1.win32_1.0.0.202411081344/tools/bin/../lib/gcc/arm-none-eabi/13.3.1/../../../../arm-none-eabi/lib/thumb/v7e-m+fp/hard\libc_nano.a
LOAD D:/STM32CubeIDE_1.18.1/STM32CubeIDE/plugins/com.st.stm32cube.ide.mcu.externaltools.gnu-tools-for-stm32.13.3.rel1.win32_1.0.0.202411081344/tools/bin/../lib/gcc/arm-none-eabi/13.3.1/../../../../arm-none-eabi/lib/thumb/v7e-m+fp/hard\libnosys.a
END GROUP
START GROUP
LOAD D:/STM32CubeIDE_1.18.1/STM32CubeIDE/plugins/com.st.stm32cube.ide.mcu.externaltools.gnu-tools-for-stm32.13.3.rel1.win32_1.0.0.202411081344/tools/bin/../lib/gcc/arm-none-eabi/13.3.1/thumb/v7e-m+fp/hard\libgcc.a
LOAD D:/STM32CubeIDE_1.18.1/STM32CubeIDE/plugins/com.st.stm32cube.ide.mcu.externaltools.gnu-tools-for-stm32.13.3.rel1.win32_1.0.0.202411081344/tools/bin/../lib/gcc/arm-none-eabi/13.3.1/../../../../arm-none-eabi/lib/thumb/v7e-m+fp/hard\libc_nano.a
LOAD D:/STM32CubeIDE_1.18.1/STM32CubeIDE/plugins/com.st.stm32cube.ide.mcu.externaltools.gnu-tools-for-stm32.13.3.rel1.win32_1.0.0.202411081344/tools/bin/../lib/gcc/arm-none-eabi/13.3.1/../../../../arm-none-eabi/lib/thumb/v7e-m+fp/hard\libnosys.a
END GROUP
LOAD D:/STM32CubeIDE_1.18.1/STM32CubeIDE/plugins/com.st.stm32cube.ide.mcu.externaltools.gnu-tools-for-stm32.13.3.rel1.win32_1.0.0.202411081344/tools/bin/../lib/gcc/arm-none-eabi/13.3.1/thumb/v7e-m+fp/hard/crtend.o
LOAD D:/STM32CubeIDE_1.18.1/STM32CubeIDE/plugins/com.st.stm32cube.ide.mcu.externaltools.gnu-tools-for-stm32.13.3.rel1.win32_1.0.0.202411081344/tools/bin/../lib/gcc/arm-none-eabi/13.3.1/thumb/v7e-m+fp/hard/crtn.o
                0x20020000                        _estack = (ORIGIN (RAM) + LENGTH (RAM))
                0x00000200                        _Min_Heap_Size = 0x200
                0x00000400                        _Min_Stack_Size = 0x400

.isr_vector     0x08000000      0x1c4
                0x08000000                        . = ALIGN (0x4)
 *(.isr_vector)
 .isr_vector    0x08000000      0x1c4 ./Core/Startup/startup_stm32f446retx.o
                0x08000000                g_pfnVectors
                0x080001c4                        . = ALIGN (0x4)

.text           0x080001c4     0x5778
                0x080001c4                        . = ALIGN (0x4)
 *(.text)
 .text          0x080001c4       0x40 D:/STM32CubeIDE_1.18.1/STM32CubeIDE/plugins/com.st.stm32cube.ide.mcu.externaltools.gnu-tools-for-stm32.13.3.rel1.win32_1.0.0.202411081344/tools/bin/../lib/gcc/arm-none-eabi/13.3.1/thumb/v7e-m+fp/hard/crtbegin.o
 .text          0x08000204       0xc4 D:\APP5\Architecture_calcul_rapide_DSP\TP\stCube_workspace\TP_Calcul_Rapide\Drivers\CMSIS\Lib\GCC\libarm_cortexM4lf_math.a(arm_bitreversal2.o)
                0x08000204                arm_bitreversal_32
                0x08000270                arm_bitreversal_16
 .text          0x080002c8      0x21c D:/STM32CubeIDE_1.18.1/STM32CubeIDE/plugins/com.st.stm32cube.ide.mcu.externaltools.gnu-tools-for-stm32.13.3.rel1.win32_1.0.0.202411081344/tools/bin/../lib/gcc/arm-none-eabi/13.3.1/thumb/v7e-m+fp/hard\libgcc.a(_arm_addsubsf3.o)
                0x080002c8                __aeabi_frsub
                0x080002d0                __subsf3
                0x080002d0                __aeabi_fsub
                0x080002d4                __aeabi_fadd
                0x080002d4                __addsf3
                0x08000434                __aeabi_ui2f
                0x08000434                __floatunsisf
                0x0800043c                __aeabi_i2f
                0x0800043c                __floatsisf
                0x08000458                __aeabi_ul2f
                0x08000458                __floatundisf
                0x08000468                __aeabi_l2f
                0x08000468                __floatdisf
 .text          0x080004e4       0x30 D:/STM32CubeIDE_1.18.1/STM32CubeIDE/plugins/com.st.stm32cube.ide.mcu.externaltools.gnu-tools-for-stm32.13.3.rel1.win32_1.0.0.202411081344/tools/bin/../lib/gcc/arm-none-eabi/13.3.1/thumb/v7e-m+fp/hard\libgcc.a(_aeabi_uldivmod.o)
                0x080004e4                __aeabi_uldivmod
 .text          0x08000514      0x2f8 D:/STM32CubeIDE_1.18.1/STM32CubeIDE/plugins/com.st.stm32cube.ide.mcu.externaltools.gnu-tools-for-stm32.13.3.rel1.win32_1.0.0.202411081344/tools/bin/../lib/gcc/arm-none-eabi/13.3.1/thumb/v7e-m+fp/hard\libgcc.a(_udivmoddi4.o)
                0x08000514                __udivmoddi4
 .text          0x0800080c        0x4 D:/STM32CubeIDE_1.18.1/STM32CubeIDE/plugins/com.st.stm32cube.ide.mcu.externaltools.gnu-tools-for-stm32.13.3.rel1.win32_1.0.0.202411081344/tools/bin/../lib/gcc/arm-none-eabi/13.3.1/thumb/v7e-m+fp/hard\libgcc.a(_dvmd_tls.o)
                0x0800080c                __aeabi_idiv0
                0x0800080c                __aeabi_ldiv0
 *(.text*)
 .text.main     0x08000810       0x44 ./Core/Src/main.o
                0x08000810                main
 .text.SystemClock_Config
                0x08000854       0xdc ./Core/Src/main.o
                0x08000854                SystemClock_Config
 .text.MX_USART2_UART_Init
                0x08000930       0x54 ./Core/Src/main.o
 .text.MX_GPIO_Init
                0x08000984       0xdc ./Core/Src/main.o
 .text.HAL_TIM_PeriodElapsedCallback
                0x08000a60       0x3c ./Core/Src/main.o
                0x08000a60                HAL_TIM_PeriodElapsedCallback
 .text.Error_Handler
                0x08000a9c        0xc ./Core/Src/main.o
                0x08000a9c                Error_Handler
 .text.StaticTuner_AbsF
                0x08000aa8       0x34 ./Core/Src/static_tuner.o
 .text.StaticTuner_RoundToI32
                0x08000adc       0x4a ./Core/Src/static_tuner.o
 *fill*         0x08000b26        0x2 
 .text.StaticTuner_CentsFactor
                0x08000b28       0x48 ./Core/Src/static_tuner.o
 .text.StaticTuner_GetStringIndex
                0x08000b70       0x24 ./Core/Src/static_tuner.o
 .text.StaticTuner_GetOffsetIndex
                0x08000b94       0x2c ./Core/Src/static_tuner.o
 .text.StaticTuner_IsValidTest
                0x08000bc0       0x20 ./Core/Src/static_tuner.o
 .text.StaticTuner_FftBinFromHz
                0x08000be0       0x38 ./Core/Src/static_tuner.o
 .text.StaticTuner_GetFftMagnitude
                0x08000c18       0x80 ./Core/Src/static_tuner.o
 .text.StaticTuner_GetLocalFftMagnitude
                0x08000c98       0x86 ./Core/Src/static_tuner.o
 *fill*         0x08000d1e        0x2 
 .text.StaticTuner_UpdateFftDiagnostics
                0x08000d20      0x330 ./Core/Src/static_tuner.o
 .text.StaticTuner_GetSignalAmplitude
                0x08001050       0x80 ./Core/Src/static_tuner.o
 .text.StaticTuner_GenerateTone
                0x080010d0      0x174 ./Core/Src/static_tuner.o
 .text.StaticTuner_GetMean
                0x08001244       0x7a ./Core/Src/static_tuner.o
 *fill*         0x080012be        0x2 
 .text.StaticTuner_FindNearestString
                0x080012c0       0x7c ./Core/Src/static_tuner.o
 .text.StaticTuner_InterpolateTau
                0x0800133c       0xc4 ./Core/Src/static_tuner.o
 .text.StaticTuner_GetTuningState
                0x08001400       0x2c ./Core/Src/static_tuner.o
 .text.StaticTuner_FillPitchResult
                0x0800142c       0x98 ./Core/Src/static_tuner.o
 .text.StaticTuner_GetCorrScore
                0x080014c4       0x8c ./Core/Src/static_tuner.o
 .text.StaticTuner_AnalyzeCorrelation
                0x08001550      0x3a0 ./Core/Src/static_tuner.o
 .text.StaticTuner_Analyze
                0x080018f0      0x298 ./Core/Src/static_tuner.o
 .text.StaticTuner_PublishResult
                0x08001b88      0x148 ./Core/Src/static_tuner.o
 .text.StaticTuner_RunSelectedTest
                0x08001cd0       0xbc ./Core/Src/static_tuner.o
                0x08001cd0                StaticTuner_RunSelectedTest
 .text.StaticTuner_RunAllTests
                0x08001d8c       0x54 ./Core/Src/static_tuner.o
                0x08001d8c                StaticTuner_RunAllTests
 .text.StaticTuner_Init
                0x08001de0       0x6c ./Core/Src/static_tuner.o
                0x08001de0                StaticTuner_Init
 .text.StaticTuner_Task
                0x08001e4c       0xa4 ./Core/Src/static_tuner.o
                0x08001e4c                StaticTuner_Task
 .text.HAL_MspInit
                0x08001ef0       0x50 ./Core/Src/stm32f4xx_hal_msp.o
                0x08001ef0                HAL_MspInit
 .text.HAL_TIM_Base_MspInit
                0x08001f40       0x78 ./Core/Src/stm32f4xx_hal_msp.o
                0x08001f40                HAL_TIM_Base_MspInit
 .text.HAL_UART_MspInit
                0x08001fb8       0x90 ./Core/Src/stm32f4xx_hal_msp.o
                0x08001fb8                HAL_UART_MspInit
 .text.HAL_InitTick
                0x08002048       0xe4 ./Core/Src/stm32f4xx_hal_timebase_tim.o
                0x08002048                HAL_InitTick
 .text.NMI_Handler
                0x0800212c        0x8 ./Core/Src/stm32f4xx_it.o
                0x0800212c                NMI_Handler
 .text.HardFault_Handler
                0x08002134        0x8 ./Core/Src/stm32f4xx_it.o
                0x08002134                HardFault_Handler
 .text.MemManage_Handler
                0x0800213c        0x8 ./Core/Src/stm32f4xx_it.o
                0x0800213c                MemManage_Handler
 .text.BusFault_Handler
                0x08002144        0x8 ./Core/Src/stm32f4xx_it.o
                0x08002144                BusFault_Handler
 .text.UsageFault_Handler
                0x0800214c        0x8 ./Core/Src/stm32f4xx_it.o
                0x0800214c                UsageFault_Handler
 .text.SVC_Handler
                0x08002154        0xe ./Core/Src/stm32f4xx_it.o
                0x08002154                SVC_Handler
 .text.DebugMon_Handler
                0x08002162        0xe ./Core/Src/stm32f4xx_it.o
                0x08002162                DebugMon_Handler
 .text.PendSV_Handler
                0x08002170        0xe ./Core/Src/stm32f4xx_it.o
                0x08002170                PendSV_Handler
 .text.SysTick_Handler
                0x0800217e        0xe ./Core/Src/stm32f4xx_it.o
                0x0800217e                SysTick_Handler
 .text.DMA1_Stream5_IRQHandler
                0x0800218c       0x14 ./Core/Src/stm32f4xx_it.o
                0x0800218c                DMA1_Stream5_IRQHandler
 .text.TIM1_UP_TIM10_IRQHandler
                0x080021a0       0x14 ./Core/Src/stm32f4xx_it.o
                0x080021a0                TIM1_UP_TIM10_IRQHandler
 .text.TIM7_IRQHandler
                0x080021b4       0x14 ./Core/Src/stm32f4xx_it.o
                0x080021b4                TIM7_IRQHandler
 .text.DMA2_Stream0_IRQHandler
                0x080021c8       0x14 ./Core/Src/stm32f4xx_it.o
                0x080021c8                DMA2_Stream0_IRQHandler
 .text.SystemInit
                0x080021dc       0x24 ./Core/Src/system_stm32f4xx.o
                0x080021dc                SystemInit
 .text.Reset_Handler
                0x08002200       0x50 ./Core/Startup/startup_stm32f446retx.o
                0x08002200                Reset_Handler
 .text.Default_Handler
                0x08002250        0x2 ./Core/Startup/startup_stm32f446retx.o
                0x08002250                RTC_Alarm_IRQHandler
                0x08002250                EXTI2_IRQHandler
                0x08002250                TIM8_CC_IRQHandler
                0x08002250                FMPI2C1_EV_IRQHandler
                0x08002250                SPI4_IRQHandler
                0x08002250                TIM1_CC_IRQHandler
                0x08002250                DMA2_Stream5_IRQHandler
                0x08002250                PVD_IRQHandler
                0x08002250                SDIO_IRQHandler
                0x08002250                TAMP_STAMP_IRQHandler
                0x08002250                CAN2_RX1_IRQHandler
                0x08002250                EXTI3_IRQHandler
                0x08002250                TIM8_TRG_COM_TIM14_IRQHandler
                0x08002250                TIM8_UP_TIM13_IRQHandler
                0x08002250                I2C3_ER_IRQHandler
                0x08002250                EXTI0_IRQHandler
                0x08002250                I2C2_EV_IRQHandler
                0x08002250                DMA1_Stream2_IRQHandler
                0x08002250                CAN1_RX0_IRQHandler
                0x08002250                FPU_IRQHandler
                0x08002250                OTG_HS_WKUP_IRQHandler
                0x08002250                CAN2_SCE_IRQHandler
                0x08002250                DMA2_Stream2_IRQHandler
                0x08002250                SPI1_IRQHandler
                0x08002250                TIM6_DAC_IRQHandler
                0x08002250                TIM1_BRK_TIM9_IRQHandler
                0x08002250                DCMI_IRQHandler
                0x08002250                CAN2_RX0_IRQHandler
                0x08002250                DMA2_Stream3_IRQHandler
                0x08002250                SAI2_IRQHandler
                0x08002250                USART6_IRQHandler
                0x08002250                USART3_IRQHandler
                0x08002250                CAN1_RX1_IRQHandler
                0x08002250                UART5_IRQHandler
                0x08002250                TIM4_IRQHandler
                0x08002250                QUADSPI_IRQHandler
                0x08002250                I2C1_EV_IRQHandler
                0x08002250                DMA1_Stream6_IRQHandler
                0x08002250                DMA1_Stream1_IRQHandler
                0x08002250                UART4_IRQHandler
                0x08002250                TIM3_IRQHandler
                0x08002250                RCC_IRQHandler
                0x08002250                TIM8_BRK_TIM12_IRQHandler
                0x08002250                Default_Handler
                0x08002250                CEC_IRQHandler
                0x08002250                EXTI15_10_IRQHandler
                0x08002250                ADC_IRQHandler
                0x08002250                DMA1_Stream7_IRQHandler
                0x08002250                CAN2_TX_IRQHandler
                0x08002250                TIM5_IRQHandler
                0x08002250                DMA2_Stream7_IRQHandler
                0x08002250                I2C3_EV_IRQHandler
                0x08002250                EXTI9_5_IRQHandler
                0x08002250                RTC_WKUP_IRQHandler
                0x08002250                SPDIF_RX_IRQHandler
                0x08002250                SPI2_IRQHandler
                0x08002250                OTG_HS_EP1_IN_IRQHandler
                0x08002250                DMA1_Stream0_IRQHandler
                0x08002250                CAN1_TX_IRQHandler
                0x08002250                FMPI2C1_ER_IRQHandler
                0x08002250                EXTI4_IRQHandler
                0x08002250                OTG_HS_EP1_OUT_IRQHandler
                0x08002250                WWDG_IRQHandler
                0x08002250                TIM2_IRQHandler
                0x08002250                OTG_FS_WKUP_IRQHandler
                0x08002250                TIM1_TRG_COM_TIM11_IRQHandler
                0x08002250                OTG_HS_IRQHandler
                0x08002250                EXTI1_IRQHandler
                0x08002250                USART2_IRQHandler
                0x08002250                I2C2_ER_IRQHandler
                0x08002250                DMA2_Stream1_IRQHandler
                0x08002250                CAN1_SCE_IRQHandler
                0x08002250                FLASH_IRQHandler
                0x08002250                DMA2_Stream4_IRQHandler
                0x08002250                USART1_IRQHandler
                0x08002250                OTG_FS_IRQHandler
                0x08002250                SPI3_IRQHandler
                0x08002250                DMA1_Stream4_IRQHandler
                0x08002250                I2C1_ER_IRQHandler
                0x08002250                FMC_IRQHandler
                0x08002250                DMA2_Stream6_IRQHandler
                0x08002250                SAI1_IRQHandler
                0x08002250                DMA1_Stream3_IRQHandler
 *fill*         0x08002252        0x2 
 .text.HAL_Init
                0x08002254       0x44 ./Drivers/STM32F4xx_HAL_Driver/Src/stm32f4xx_hal.o
                0x08002254                HAL_Init
 .text.HAL_IncTick
                0x08002298       0x28 ./Drivers/STM32F4xx_HAL_Driver/Src/stm32f4xx_hal.o
                0x08002298                HAL_IncTick
 .text.HAL_GetTick
                0x080022c0       0x18 ./Drivers/STM32F4xx_HAL_Driver/Src/stm32f4xx_hal.o
                0x080022c0                HAL_GetTick
 .text.NVIC_SetPriorityGrouping
                0x080022d8       0x48 ./Drivers/STM32F4xx_HAL_Driver/Src/stm32f4xx_hal_cortex.o
 .text.NVIC_GetPriorityGrouping
                0x08002320       0x1c ./Drivers/STM32F4xx_HAL_Driver/Src/stm32f4xx_hal_cortex.o
 .text.NVIC_EnableIRQ
                0x0800233c       0x34 ./Drivers/STM32F4xx_HAL_Driver/Src/stm32f4xx_hal_cortex.o
 .text.NVIC_SetPriority
                0x08002370       0x54 ./Drivers/STM32F4xx_HAL_Driver/Src/stm32f4xx_hal_cortex.o
 .text.NVIC_EncodePriority
                0x080023c4       0x66 ./Drivers/STM32F4xx_HAL_Driver/Src/stm32f4xx_hal_cortex.o
 .text.HAL_NVIC_SetPriorityGrouping
                0x0800242a       0x16 ./Drivers/STM32F4xx_HAL_Driver/Src/stm32f4xx_hal_cortex.o
                0x0800242a                HAL_NVIC_SetPriorityGrouping
 .text.HAL_NVIC_SetPriority
                0x08002440       0x38 ./Drivers/STM32F4xx_HAL_Driver/Src/stm32f4xx_hal_cortex.o
                0x08002440                HAL_NVIC_SetPriority
 .text.HAL_NVIC_EnableIRQ
                0x08002478       0x1c ./Drivers/STM32F4xx_HAL_Driver/Src/stm32f4xx_hal_cortex.o
                0x08002478                HAL_NVIC_EnableIRQ
 .text.HAL_DMA_IRQHandler
                0x08002494      0x314 ./Drivers/STM32F4xx_HAL_Driver/Src/stm32f4xx_hal_dma.o
                0x08002494                HAL_DMA_IRQHandler
 .text.HAL_GPIO_Init
                0x080027a8      0x328 ./Drivers/STM32F4xx_HAL_Driver/Src/stm32f4xx_hal_gpio.o
                0x080027a8                HAL_GPIO_Init
 .text.HAL_GPIO_WritePin
                0x08002ad0       0x32 ./Drivers/STM32F4xx_HAL_Driver/Src/stm32f4xx_hal_gpio.o
                0x08002ad0                HAL_GPIO_WritePin
 .text.HAL_GPIO_TogglePin
                0x08002b02       0x34 ./Drivers/STM32F4xx_HAL_Driver/Src/stm32f4xx_hal_gpio.o
                0x08002b02                HAL_GPIO_TogglePin
 *fill*         0x08002b36        0x2 
 .text.HAL_RCC_ClockConfig
                0x08002b38      0x1cc ./Drivers/STM32F4xx_HAL_Driver/Src/stm32f4xx_hal_rcc.o
                0x08002b38                HAL_RCC_ClockConfig
 .text.HAL_RCC_GetHCLKFreq
                0x08002d04       0x18 ./Drivers/STM32F4xx_HAL_Driver/Src/stm32f4xx_hal_rcc.o
                0x08002d04                HAL_RCC_GetHCLKFreq
 .text.HAL_RCC_GetPCLK1Freq
                0x08002d1c       0x28 ./Drivers/STM32F4xx_HAL_Driver/Src/stm32f4xx_hal_rcc.o
                0x08002d1c                HAL_RCC_GetPCLK1Freq
 .text.HAL_RCC_GetPCLK2Freq
                0x08002d44       0x28 ./Drivers/STM32F4xx_HAL_Driver/Src/stm32f4xx_hal_rcc.o
                0x08002d44                HAL_RCC_GetPCLK2Freq
 .text.HAL_RCC_GetClockConfig
                0x08002d6c       0x64 ./Drivers/STM32F4xx_HAL_Driver/Src/stm32f4xx_hal_rcc.o
                0x08002d6c                HAL_RCC_GetClockConfig
 .text.HAL_RCC_GetSysClockFreq
                0x08002dd0      0x460 ./Drivers/STM32F4xx_HAL_Driver/Src/stm32f4xx_hal_rcc_ex.o
                0x08002dd0                HAL_RCC_GetSysClockFreq
 .text.HAL_RCC_OscConfig
                0x08003230      0x53c ./Drivers/STM32F4xx_HAL_Driver/Src/stm32f4xx_hal_rcc_ex.o
                0x08003230                HAL_RCC_OscConfig
 .text.HAL_TIM_Base_Init
                0x0800376c       0x9e ./Drivers/STM32F4xx_HAL_Driver/Src/stm32f4xx_hal_tim.o
                0x0800376c                HAL_TIM_Base_Init
 *fill*         0x0800380a        0x2 
 .text.HAL_TIM_Base_Start_IT
                0x0800380c       0xe0 ./Drivers/STM32F4xx_HAL_Driver/Src/stm32f4xx_hal_tim.o
                0x0800380c                HAL_TIM_Base_Start_IT
 .text.HAL_TIM_IRQHandler
                0x080038ec      0x1e0 ./Drivers/STM32F4xx_HAL_Driver/Src/stm32f4xx_hal_tim.o
                0x080038ec                HAL_TIM_IRQHandler
 .text.HAL_TIM_OC_DelayElapsedCallback
                0x08003acc       0x14 ./Drivers/STM32F4xx_HAL_Driver/Src/stm32f4xx_hal_tim.o
                0x08003acc                HAL_TIM_OC_DelayElapsedCallback
 .text.HAL_TIM_IC_CaptureCallback
                0x08003ae0       0x14 ./Drivers/STM32F4xx_HAL_Driver/Src/stm32f4xx_hal_tim.o
                0x08003ae0                HAL_TIM_IC_CaptureCallback
 .text.HAL_TIM_PWM_PulseFinishedCallback
                0x08003af4       0x14 ./Drivers/STM32F4xx_HAL_Driver/Src/stm32f4xx_hal_tim.o
                0x08003af4                HAL_TIM_PWM_PulseFinishedCallback
 .text.HAL_TIM_TriggerCallback
                0x08003b08       0x14 ./Drivers/STM32F4xx_HAL_Driver/Src/stm32f4xx_hal_tim.o
                0x08003b08                HAL_TIM_TriggerCallback
 .text.TIM_Base_SetConfig
                0x08003b1c      0x14c ./Drivers/STM32F4xx_HAL_Driver/Src/stm32f4xx_hal_tim.o
                0x08003b1c                TIM_Base_SetConfig
 .text.HAL_TIMEx_CommutCallback
                0x08003c68       0x14 ./Drivers/STM32F4xx_HAL_Driver/Src/stm32f4xx_hal_tim_ex.o
                0x08003c68                HAL_TIMEx_CommutCallback
 .text.HAL_TIMEx_BreakCallback
                0x08003c7c       0x14 ./Drivers/STM32F4xx_HAL_Driver/Src/stm32f4xx_hal_tim_ex.o
                0x08003c7c                HAL_TIMEx_BreakCallback
 .text.HAL_UART_Init
                0x08003c90       0xa0 ./Drivers/STM32F4xx_HAL_Driver/Src/stm32f4xx_hal_uart.o
                0x08003c90                HAL_UART_Init
 .text.UART_SetConfig
                0x08003d30      0x4e8 ./Drivers/STM32F4xx_HAL_Driver/Src/stm32f4xx_hal_uart.o
 .text.arm_rfft_fast_init_f32
                0x08004218      0x108 D:\APP5\Architecture_calcul_rapide_DSP\TP\stCube_workspace\TP_Calcul_Rapide\Drivers\CMSIS\Lib\GCC\libarm_cortexM4lf_math.a(arm_rfft_fast_init_f32.o)
                0x08004218                arm_rfft_fast_init_f32
 .text.arm_rfft_fast_f32
                0x08004320      0x18c D:\APP5\Architecture_calcul_rapide_DSP\TP\stCube_workspace\TP_Calcul_Rapide\Drivers\CMSIS\Lib\GCC\libarm_cortexM4lf_math.a(arm_rfft_fast_f32.o)
                0x08004320                arm_rfft_fast_f32
 .text.arm_cfft_radix8by2_f32
                0x080044ac      0x1c4 D:\APP5\Architecture_calcul_rapide_DSP\TP\stCube_workspace\TP_Calcul_Rapide\Drivers\CMSIS\Lib\GCC\libarm_cortexM4lf_math.a(arm_cfft_f32.o)
                0x080044ac                arm_cfft_radix8by2_f32
 .text.arm_cfft_radix8by4_f32
                0x08004670      0x4e8 D:\APP5\Architecture_calcul_rapide_DSP\TP\stCube_workspace\TP_Calcul_Rapide\Drivers\CMSIS\Lib\GCC\libarm_cortexM4lf_math.a(arm_cfft_f32.o)
                0x08004670                arm_cfft_radix8by4_f32
 .text.arm_cfft_f32
                0x08004b58      0x100 D:\APP5\Architecture_calcul_rapide_DSP\TP\stCube_workspace\TP_Calcul_Rapide\Drivers\CMSIS\Lib\GCC\libarm_cortexM4lf_math.a(arm_cfft_f32.o)
                0x08004b58                arm_cfft_f32
 .text.arm_correlate_f32
                0x08004c58      0x538 D:\APP5\Architecture_calcul_rapide_DSP\TP\stCube_workspace\TP_Calcul_Rapide\Drivers\CMSIS\Lib\GCC\libarm_cortexM4lf_math.a(arm_correlate_f32.o)
                0x08004c58                arm_correlate_f32
 .text.arm_sin_f32
                0x08005190       0x78 D:\APP5\Architecture_calcul_rapide_DSP\TP\stCube_workspace\TP_Calcul_Rapide\Drivers\CMSIS\Lib\GCC\libarm_cortexM4lf_math.a(arm_sin_f32.o)
                0x08005190                arm_sin_f32
 .text.arm_cos_f32
                0x08005208       0x80 D:\APP5\Architecture_calcul_rapide_DSP\TP\stCube_workspace\TP_Calcul_Rapide\Drivers\CMSIS\Lib\GCC\libarm_cortexM4lf_math.a(arm_cos_f32.o)
                0x08005208                arm_cos_f32
 .text.arm_radix8_butterfly_f32
                0x08005288      0x5f4 D:\APP5\Architecture_calcul_rapide_DSP\TP\stCube_workspace\TP_Calcul_Rapide\Drivers\CMSIS\Lib\GCC\libarm_cortexM4lf_math.a(arm_cfft_radix8_f32.o)
                0x08005288                arm_radix8_butterfly_f32
 .text.memset   0x0800587c       0x10 D:/STM32CubeIDE_1.18.1/STM32CubeIDE/plugins/com.st.stm32cube.ide.mcu.externaltools.gnu-tools-for-stm32.13.3.rel1.win32_1.0.0.202411081344/tools/bin/../lib/gcc/arm-none-eabi/13.3.1/../../../../arm-none-eabi/lib/thumb/v7e-m+fp/hard\libc_nano.a(libc_a-memset.o)
                0x0800587c                memset
 .text.__errno  0x0800588c        0xc D:/STM32CubeIDE_1.18.1/STM32CubeIDE/plugins/com.st.stm32cube.ide.mcu.externaltools.gnu-tools-for-stm32.13.3.rel1.win32_1.0.0.202411081344/tools/bin/../lib/gcc/arm-none-eabi/13.3.1/../../../../arm-none-eabi/lib/thumb/v7e-m+fp/hard\libc_nano.a(libc_a-errno.o)
                0x0800588c                __errno
 .text.__libc_init_array
                0x08005898       0x48 D:/STM32CubeIDE_1.18.1/STM32CubeIDE/plugins/com.st.stm32cube.ide.mcu.externaltools.gnu-tools-for-stm32.13.3.rel1.win32_1.0.0.202411081344/tools/bin/../lib/gcc/arm-none-eabi/13.3.1/../../../../arm-none-eabi/lib/thumb/v7e-m+fp/hard\libc_nano.a(libc_a-init.o)
                0x08005898                __libc_init_array
 .text.sqrtf    0x080058e0       0x3c D:/STM32CubeIDE_1.18.1/STM32CubeIDE/plugins/com.st.stm32cube.ide.mcu.externaltools.gnu-tools-for-stm32.13.3.rel1.win32_1.0.0.202411081344/tools/bin/../lib/gcc/arm-none-eabi/13.3.1/../../../../arm-none-eabi/lib/thumb/v7e-m+fp/hard\libm.a(libm_a-wf_sqrt.o)
                0x080058e0                sqrtf
 .text.__ieee754_sqrtf
                0x0800591c        0x6 D:/STM32CubeIDE_1.18.1/STM32CubeIDE/plugins/com.st.stm32cube.ide.mcu.externaltools.gnu-tools-for-stm32.13.3.rel1.win32_1.0.0.202411081344/tools/bin/../lib/gcc/arm-none-eabi/13.3.1/../../../../arm-none-eabi/lib/thumb/v7e-m+fp/hard\libm.a(libm_a-ef_sqrt.o)
                0x0800591c                __ieee754_sqrtf
 *(.glue_7)
 .glue_7        0x08005922        0x0 linker stubs
 *(.glue_7t)
 .glue_7t       0x08005922        0x0 linker stubs
 *(.eh_frame)
 *fill*         0x08005922        0x2 
 .eh_frame      0x08005924        0x0 D:/STM32CubeIDE_1.18.1/STM32CubeIDE/plugins/com.st.stm32cube.ide.mcu.externaltools.gnu-tools-for-stm32.13.3.rel1.win32_1.0.0.202411081344/tools/bin/../lib/gcc/arm-none-eabi/13.3.1/thumb/v7e-m+fp/hard/crtbegin.o
 *(.init)
 .init          0x08005924        0x4 D:/STM32CubeIDE_1.18.1/STM32CubeIDE/plugins/com.st.stm32cube.ide.mcu.externaltools.gnu-tools-for-stm32.13.3.rel1.win32_1.0.0.202411081344/tools/bin/../lib/gcc/arm-none-eabi/13.3.1/thumb/v7e-m+fp/hard/crti.o
                0x08005924                _init
 .init          0x08005928        0x8 D:/STM32CubeIDE_1.18.1/STM32CubeIDE/plugins/com.st.stm32cube.ide.mcu.externaltools.gnu-tools-for-stm32.13.3.rel1.win32_1.0.0.202411081344/tools/bin/../lib/gcc/arm-none-eabi/13.3.1/thumb/v7e-m+fp/hard/crtn.o
 *(.fini)
 .fini          0x08005930        0x4 D:/STM32CubeIDE_1.18.1/STM32CubeIDE/plugins/com.st.stm32cube.ide.mcu.externaltools.gnu-tools-for-stm32.13.3.rel1.win32_1.0.0.202411081344/tools/bin/../lib/gcc/arm-none-eabi/13.3.1/thumb/v7e-m+fp/hard/crti.o
                0x08005930                _fini
 .fini          0x08005934        0x8 D:/STM32CubeIDE_1.18.1/STM32CubeIDE/plugins/com.st.stm32cube.ide.mcu.externaltools.gnu-tools-for-stm32.13.3.rel1.win32_1.0.0.202411081344/tools/bin/../lib/gcc/arm-none-eabi/13.3.1/thumb/v7e-m+fp/hard/crtn.o
                0x0800593c                        . = ALIGN (0x4)
                0x0800593c                        _etext = .

.vfp11_veneer   0x0800593c        0x0
 .vfp11_veneer  0x0800593c        0x0 linker stubs

.v4_bx          0x0800593c        0x0
 .v4_bx         0x0800593c        0x0 linker stubs

.iplt           0x0800593c        0x0
 .iplt          0x0800593c        0x0 D:/STM32CubeIDE_1.18.1/STM32CubeIDE/plugins/com.st.stm32cube.ide.mcu.externaltools.gnu-tools-for-stm32.13.3.rel1.win32_1.0.0.202411081344/tools/bin/../lib/gcc/arm-none-eabi/13.3.1/thumb/v7e-m+fp/hard/crtbegin.o

.rodata         0x0800593c    0x13c9c
                0x0800593c                        . = ALIGN (0x4)
 *(.rodata)
 *(.rodata*)
 .rodata.tunerStrings
                0x0800593c       0x18 ./Core/Src/static_tuner.o
 .rodata.tunerTestOffsetsX10
                0x08005954        0xc ./Core/Src/static_tuner.o
 .rodata.tunerExpectedStates
                0x08005960        0x3 ./Core/Src/static_tuner.o
 *fill*         0x08005963        0x1 
 .rodata.AHBPrescTable
                0x08005964       0x10 ./Core/Src/system_stm32f4xx.o
                0x08005964                AHBPrescTable
 .rodata.APBPrescTable
                0x08005974        0x8 ./Core/Src/system_stm32f4xx.o
                0x08005974                APBPrescTable
 .rodata.twiddleCoef_2048
                0x0800597c     0x4000 D:\APP5\Architecture_calcul_rapide_DSP\TP\stCube_workspace\TP_Calcul_Rapide\Drivers\CMSIS\Lib\GCC\libarm_cortexM4lf_math.a(arm_common_tables.o)
                0x0800597c                twiddleCoef_2048
 .rodata.twiddleCoef_rfft_64
                0x0800997c      0x100 D:\APP5\Architecture_calcul_rapide_DSP\TP\stCube_workspace\TP_Calcul_Rapide\Drivers\CMSIS\Lib\GCC\libarm_cortexM4lf_math.a(arm_common_tables.o)
                0x0800997c                twiddleCoef_rfft_64
 .rodata.armBitRevIndexTable64
                0x08009a7c       0x70 D:\APP5\Architecture_calcul_rapide_DSP\TP\stCube_workspace\TP_Calcul_Rapide\Drivers\CMSIS\Lib\GCC\libarm_cortexM4lf_math.a(arm_common_tables.o)
                0x08009a7c                armBitRevIndexTable64
 .rodata.twiddleCoef_rfft_2048
                0x08009aec     0x2000 D:\APP5\Architecture_calcul_rapide_DSP\TP\stCube_workspace\TP_Calcul_Rapide\Drivers\CMSIS\Lib\GCC\libarm_cortexM4lf_math.a(arm_common_tables.o)
                0x08009aec                twiddleCoef_rfft_2048
 .rodata.twiddleCoef_rfft_4096
                0x0800baec     0x4000 D:\APP5\Architecture_calcul_rapide_DSP\TP\stCube_workspace\TP_Calcul_Rapide\Drivers\CMSIS\Lib\GCC\libarm_cortexM4lf_math.a(arm_common_tables.o)
                0x0800baec                twiddleCoef_rfft_4096
 .rodata.twiddleCoef_256
                0x0800faec      0x800 D:\APP5\Architecture_calcul_rapide_DSP\TP\stCube_workspace\TP_Calcul_Rapide\Drivers\CMSIS\Lib\GCC\libarm_cortexM4lf_math.a(arm_common_tables.o)
                0x0800faec                twiddleCoef_256
 .rodata.twiddleCoef_16
                0x080102ec       0x80 D:\APP5\Architecture_calcul_rapide_DSP\TP\stCube_workspace\TP_Calcul_Rapide\Drivers\CMSIS\Lib\GCC\libarm_cortexM4lf_math.a(arm_common_tables.o)
                0x080102ec                twiddleCoef_16
 .rodata.twiddleCoef_1024
                0x0801036c     0x2000 D:\APP5\Architecture_calcul_rapide_DSP\TP\stCube_workspace\TP_Calcul_Rapide\Drivers\CMSIS\Lib\GCC\libarm_cortexM4lf_math.a(arm_common_tables.o)
                0x0801036c                twiddleCoef_1024
 .rodata.twiddleCoef_32
                0x0801236c      0x100 D:\APP5\Architecture_calcul_rapide_DSP\TP\stCube_workspace\TP_Calcul_Rapide\Drivers\CMSIS\Lib\GCC\libarm_cortexM4lf_math.a(arm_common_tables.o)
                0x0801236c                twiddleCoef_32
 .rodata.armBitRevIndexTable1024
                0x0801246c      0xe10 D:\APP5\Architecture_calcul_rapide_DSP\TP\stCube_workspace\TP_Calcul_Rapide\Drivers\CMSIS\Lib\GCC\libarm_cortexM4lf_math.a(arm_common_tables.o)
                0x0801246c                armBitRevIndexTable1024
 .rodata.armBitRevIndexTable16
                0x0801327c       0x28 D:\APP5\Architecture_calcul_rapide_DSP\TP\stCube_workspace\TP_Calcul_Rapide\Drivers\CMSIS\Lib\GCC\libarm_cortexM4lf_math.a(arm_common_tables.o)
                0x0801327c                armBitRevIndexTable16
 .rodata.twiddleCoef_rfft_32
                0x080132a4       0x80 D:\APP5\Architecture_calcul_rapide_DSP\TP\stCube_workspace\TP_Calcul_Rapide\Drivers\CMSIS\Lib\GCC\libarm_cortexM4lf_math.a(arm_common_tables.o)
                0x080132a4                twiddleCoef_rfft_32
 .rodata.armBitRevIndexTable32
                0x08013324       0x60 D:\APP5\Architecture_calcul_rapide_DSP\TP\stCube_workspace\TP_Calcul_Rapide\Drivers\CMSIS\Lib\GCC\libarm_cortexM4lf_math.a(arm_common_tables.o)
                0x08013324                armBitRevIndexTable32
 .rodata.sinTable_f32
                0x08013384      0x804 D:\APP5\Architecture_calcul_rapide_DSP\TP\stCube_workspace\TP_Calcul_Rapide\Drivers\CMSIS\Lib\GCC\libarm_cortexM4lf_math.a(arm_common_tables.o)
                0x08013384                sinTable_f32
 .rodata.twiddleCoef_128
                0x08013b88      0x400 D:\APP5\Architecture_calcul_rapide_DSP\TP\stCube_workspace\TP_Calcul_Rapide\Drivers\CMSIS\Lib\GCC\libarm_cortexM4lf_math.a(arm_common_tables.o)
                0x08013b88                twiddleCoef_128
 .rodata.twiddleCoef_512
                0x08013f88     0x1000 D:\APP5\Architecture_calcul_rapide_DSP\TP\stCube_workspace\TP_Calcul_Rapide\Drivers\CMSIS\Lib\GCC\libarm_cortexM4lf_math.a(arm_common_tables.o)
                0x08013f88                twiddleCoef_512
 .rodata.armBitRevIndexTable2048
                0x08014f88     0x1dc0 D:\APP5\Architecture_calcul_rapide_DSP\TP\stCube_workspace\TP_Calcul_Rapide\Drivers\CMSIS\Lib\GCC\libarm_cortexM4lf_math.a(arm_common_tables.o)
                0x08014f88                armBitRevIndexTable2048
 .rodata.twiddleCoef_64
                0x08016d48      0x200 D:\APP5\Architecture_calcul_rapide_DSP\TP\stCube_workspace\TP_Calcul_Rapide\Drivers\CMSIS\Lib\GCC\libarm_cortexM4lf_math.a(arm_common_tables.o)
                0x08016d48                twiddleCoef_64
 .rodata.twiddleCoef_rfft_512
                0x08016f48      0x800 D:\APP5\Architecture_calcul_rapide_DSP\TP\stCube_workspace\TP_Calcul_Rapide\Drivers\CMSIS\Lib\GCC\libarm_cortexM4lf_math.a(arm_common_tables.o)
                0x08016f48                twiddleCoef_rfft_512
 .rodata.armBitRevIndexTable512
                0x08017748      0x380 D:\APP5\Architecture_calcul_rapide_DSP\TP\stCube_workspace\TP_Calcul_Rapide\Drivers\CMSIS\Lib\GCC\libarm_cortexM4lf_math.a(arm_common_tables.o)
                0x08017748                armBitRevIndexTable512
 .rodata.twiddleCoef_rfft_1024
                0x08017ac8     0x1000 D:\APP5\Architecture_calcul_rapide_DSP\TP\stCube_workspace\TP_Calcul_Rapide\Drivers\CMSIS\Lib\GCC\libarm_cortexM4lf_math.a(arm_common_tables.o)
                0x08017ac8                twiddleCoef_rfft_1024
 .rodata.twiddleCoef_rfft_256
                0x08018ac8      0x400 D:\APP5\Architecture_calcul_rapide_DSP\TP\stCube_workspace\TP_Calcul_Rapide\Drivers\CMSIS\Lib\GCC\libarm_cortexM4lf_math.a(arm_common_tables.o)
                0x08018ac8                twiddleCoef_rfft_256
 .rodata.armBitRevIndexTable256
                0x08018ec8      0x370 D:\APP5\Architecture_calcul_rapide_DSP\TP\stCube_workspace\TP_Calcul_Rapide\Drivers\CMSIS\Lib\GCC\libarm_cortexM4lf_math.a(arm_common_tables.o)
                0x08018ec8                armBitRevIndexTable256
 .rodata.twiddleCoef_rfft_128
                0x08019238      0x200 D:\APP5\Architecture_calcul_rapide_DSP\TP\stCube_workspace\TP_Calcul_Rapide\Drivers\CMSIS\Lib\GCC\libarm_cortexM4lf_math.a(arm_common_tables.o)
                0x08019238                twiddleCoef_rfft_128
 .rodata.armBitRevIndexTable128
                0x08019438      0x1a0 D:\APP5\Architecture_calcul_rapide_DSP\TP\stCube_workspace\TP_Calcul_Rapide\Drivers\CMSIS\Lib\GCC\libarm_cortexM4lf_math.a(arm_common_tables.o)
                0x08019438                armBitRevIndexTable128
                0x080195d8                        . = ALIGN (0x4)

.ARM.extab      0x080195d8        0x0
                0x080195d8                        . = ALIGN (0x4)
 *(.ARM.extab* .gnu.linkonce.armextab.*)
                0x080195d8                        . = ALIGN (0x4)

.ARM            0x080195d8        0x8
                0x080195d8                        . = ALIGN (0x4)
                0x080195d8                        __exidx_start = .
 *(.ARM.exidx*)
 .ARM.exidx     0x080195d8        0x8 D:/STM32CubeIDE_1.18.1/STM32CubeIDE/plugins/com.st.stm32cube.ide.mcu.externaltools.gnu-tools-for-stm32.13.3.rel1.win32_1.0.0.202411081344/tools/bin/../lib/gcc/arm-none-eabi/13.3.1/thumb/v7e-m+fp/hard\libgcc.a(_udivmoddi4.o)
                0x080195e0                        __exidx_end = .
                0x080195e0                        . = ALIGN (0x4)

.preinit_array  0x080195e0        0x0
                0x080195e0                        . = ALIGN (0x4)
                0x080195e0                        PROVIDE (__preinit_array_start = .)
 *(.preinit_array*)
                0x080195e0                        PROVIDE (__preinit_array_end = .)
                0x080195e0                        . = ALIGN (0x4)

.init_array     0x080195e0        0x4
                0x080195e0                        . = ALIGN (0x4)
                0x080195e0                        PROVIDE (__init_array_start = .)
 *(SORT_BY_NAME(.init_array.*))
 *(.init_array*)
 .init_array    0x080195e0        0x4 D:/STM32CubeIDE_1.18.1/STM32CubeIDE/plugins/com.st.stm32cube.ide.mcu.externaltools.gnu-tools-for-stm32.13.3.rel1.win32_1.0.0.202411081344/tools/bin/../lib/gcc/arm-none-eabi/13.3.1/thumb/v7e-m+fp/hard/crtbegin.o
                0x080195e4                        PROVIDE (__init_array_end = .)
                0x080195e4                        . = ALIGN (0x4)

.fini_array     0x080195e4        0x4
                0x080195e4                        . = ALIGN (0x4)
                [!provide]                        PROVIDE (__fini_array_start = .)
 *(SORT_BY_NAME(.fini_array.*))
 *(.fini_array*)
 .fini_array    0x080195e4        0x4 D:/STM32CubeIDE_1.18.1/STM32CubeIDE/plugins/com.st.stm32cube.ide.mcu.externaltools.gnu-tools-for-stm32.13.3.rel1.win32_1.0.0.202411081344/tools/bin/../lib/gcc/arm-none-eabi/13.3.1/thumb/v7e-m+fp/hard/crtbegin.o
                [!provide]                        PROVIDE (__fini_array_end = .)
                0x080195e8                        . = ALIGN (0x4)
                0x080195e8                        _sidata = LOADADDR (.data)

.rel.dyn        0x080195e8        0x0
 .rel.iplt      0x080195e8        0x0 D:/STM32CubeIDE_1.18.1/STM32CubeIDE/plugins/com.st.stm32cube.ide.mcu.externaltools.gnu-tools-for-stm32.13.3.rel1.win32_1.0.0.202411081344/tools/bin/../lib/gcc/arm-none-eabi/13.3.1/thumb/v7e-m+fp/hard/crtbegin.o

.data           0x20000000       0x5c load address 0x080195e8
                0x20000000                        . = ALIGN (0x4)
                0x20000000                        _sdata = .
 *(.data)
 *(.data*)
 .data.SystemCoreClock
                0x20000000        0x4 ./Core/Src/system_stm32f4xx.o
                0x20000000                SystemCoreClock
 .data.uwTickPrio
                0x20000004        0x4 ./Drivers/STM32F4xx_HAL_Driver/Src/stm32f4xx_hal.o
                0x20000004                uwTickPrio
 .data.uwTickFreq
                0x20000008        0x1 ./Drivers/STM32F4xx_HAL_Driver/Src/stm32f4xx_hal.o
                0x20000008                uwTickFreq
 *fill*         0x20000009        0x3 
 .data._impure_ptr
                0x2000000c        0x4 D:/STM32CubeIDE_1.18.1/STM32CubeIDE/plugins/com.st.stm32cube.ide.mcu.externaltools.gnu-tools-for-stm32.13.3.rel1.win32_1.0.0.202411081344/tools/bin/../lib/gcc/arm-none-eabi/13.3.1/../../../../arm-none-eabi/lib/thumb/v7e-m+fp/hard\libc_nano.a(libc_a-impure.o)
                0x2000000c                _impure_ptr
 .data._impure_data
                0x20000010       0x4c D:/STM32CubeIDE_1.18.1/STM32CubeIDE/plugins/com.st.stm32cube.ide.mcu.externaltools.gnu-tools-for-stm32.13.3.rel1.win32_1.0.0.202411081344/tools/bin/../lib/gcc/arm-none-eabi/13.3.1/../../../../arm-none-eabi/lib/thumb/v7e-m+fp/hard\libc_nano.a(libc_a-impure.o)
                0x20000010                _impure_data
 *(.RamFunc)
 *(.RamFunc*)
                0x2000005c                        . = ALIGN (0x4)
                0x2000005c                        _edata = .

.igot.plt       0x2000005c        0x0 load address 0x08019644
 .igot.plt      0x2000005c        0x0 D:/STM32CubeIDE_1.18.1/STM32CubeIDE/plugins/com.st.stm32cube.ide.mcu.externaltools.gnu-tools-for-stm32.13.3.rel1.win32_1.0.0.202411081344/tools/bin/../lib/gcc/arm-none-eabi/13.3.1/thumb/v7e-m+fp/hard/crtbegin.o
                0x2000005c                        . = ALIGN (0x4)

.bss            0x2000005c    0x10890 load address 0x08019644
                0x2000005c                        _sbss = .
                0x2000005c                        __bss_start__ = _sbss
 *(.bss)
 .bss           0x2000005c       0x1c D:/STM32CubeIDE_1.18.1/STM32CubeIDE/plugins/com.st.stm32cube.ide.mcu.externaltools.gnu-tools-for-stm32.13.3.rel1.win32_1.0.0.202411081344/tools/bin/../lib/gcc/arm-none-eabi/13.3.1/thumb/v7e-m+fp/hard/crtbegin.o
 *(.bss*)
 .bss.hdma_adc1
                0x20000078       0x60 ./Core/Src/main.o
                0x20000078                hdma_adc1
 .bss.hdma_dac1
                0x200000d8       0x60 ./Core/Src/main.o
                0x200000d8                hdma_dac1
 .bss.htim7     0x20000138       0x48 ./Core/Src/main.o
                0x20000138                htim7
 .bss.huart2    0x20000180       0x48 ./Core/Src/main.o
                0x20000180                huart2
 .bss.appDebugStep
                0x200001c8        0x4 ./Core/Src/main.o
                0x200001c8                appDebugStep
 .bss.tunerStaticInput
                0x200001cc     0x2000 ./Core/Src/static_tuner.o
                0x200001cc                tunerStaticInput
 .bss.tunerFftStringMagnitudes
                0x200021cc       0x18 ./Core/Src/static_tuner.o
                0x200021cc                tunerFftStringMagnitudes
 .bss.tunerSpectrum64
                0x200021e4      0x100 ./Core/Src/static_tuner.o
                0x200021e4                tunerSpectrum64
 .bss.tunerGraphLowE
                0x200022e4        0x4 ./Core/Src/static_tuner.o
                0x200022e4                tunerGraphLowE
 .bss.tunerGraphA
                0x200022e8        0x4 ./Core/Src/static_tuner.o
                0x200022e8                tunerGraphA
 .bss.tunerGraphD
                0x200022ec        0x4 ./Core/Src/static_tuner.o
                0x200022ec                tunerGraphD
 .bss.tunerGraphG
                0x200022f0        0x4 ./Core/Src/static_tuner.o
                0x200022f0                tunerGraphG
 .bss.tunerGraphB
                0x200022f4        0x4 ./Core/Src/static_tuner.o
                0x200022f4                tunerGraphB
 .bss.tunerGraphHighE
                0x200022f8        0x4 ./Core/Src/static_tuner.o
                0x200022f8                tunerGraphHighE
 .bss.tunerGraphPeakHz
                0x200022fc        0x4 ./Core/Src/static_tuner.o
                0x200022fc                tunerGraphPeakHz
 .bss.tunerGraphPeakMagnitude
                0x20002300        0x4 ./Core/Src/static_tuner.o
                0x20002300                tunerGraphPeakMagnitude
 .bss.tunerGraphCentsErrorX10
                0x20002304        0x4 ./Core/Src/static_tuner.o
                0x20002304                tunerGraphCentsErrorX10
 .bss.tunerGraphCorrHz
                0x20002308        0x4 ./Core/Src/static_tuner.o
                0x20002308                tunerGraphCorrHz
 .bss.tunerGraphCorrCentsErrorX10
                0x2000230c        0x4 ./Core/Src/static_tuner.o
                0x2000230c                tunerGraphCorrCentsErrorX10
 .bss.tunerDiag
                0x20002310       0x90 ./Core/Src/static_tuner.o
                0x20002310                tunerDiag
 .bss.tunerSelectedTest
                0x200023a0        0x4 ./Core/Src/static_tuner.o
                0x200023a0                tunerSelectedTest
 .bss.tunerRunRequest
                0x200023a4        0x4 ./Core/Src/static_tuner.o
                0x200023a4                tunerRunRequest
 .bss.tunerAutoDemoEnabled
                0x200023a8        0x4 ./Core/Src/static_tuner.o
                0x200023a8                tunerAutoDemoEnabled
 .bss.tunerAutoDemoPeriodMs
                0x200023ac        0x4 ./Core/Src/static_tuner.o
                0x200023ac                tunerAutoDemoPeriodMs
 .bss.tunerYinDiff
                0x200023b0      0x398 ./Core/Src/static_tuner.o
 .bss.tunerFftInstance
                0x20002748       0x18 ./Core/Src/static_tuner.o
 .bss.tunerFftInitialized
                0x20002760        0x4 ./Core/Src/static_tuner.o
 .bss.tunerFftInput
                0x20002764     0x4000 ./Core/Src/static_tuner.o
 .bss.tunerFftOutput
                0x20006764     0x4000 ./Core/Src/static_tuner.o
 .bss.tunerCorrInput
                0x2000a764     0x2000 ./Core/Src/static_tuner.o
 .bss.tunerCorrOutput
                0x2000c764     0x3ffc ./Core/Src/static_tuner.o
 .bss.tunerAutoDemoLastTickMs
                0x20010760        0x4 ./Core/Src/static_tuner.o
 .bss.tunerAutoDemoTestIndex
                0x20010764        0x4 ./Core/Src/static_tuner.o
 .bss.htim10    0x20010768       0x48 ./Core/Src/stm32f4xx_hal_timebase_tim.o
                0x20010768                htim10
 .bss.uwTick    0x200107b0        0x4 ./Drivers/STM32F4xx_HAL_Driver/Src/stm32f4xx_hal.o
                0x200107b0                uwTick
 .bss.__sf      0x200107b4      0x138 D:/STM32CubeIDE_1.18.1/STM32CubeIDE/plugins/com.st.stm32cube.ide.mcu.externaltools.gnu-tools-for-stm32.13.3.rel1.win32_1.0.0.202411081344/tools/bin/../lib/gcc/arm-none-eabi/13.3.1/../../../../arm-none-eabi/lib/thumb/v7e-m+fp/hard\libc_nano.a(libc_a-findfp.o)
                0x200107b4                __sf
 *(COMMON)
                0x200108ec                        . = ALIGN (0x4)
                0x200108ec                        _ebss = .
                0x200108ec                        __bss_end__ = _ebss

._user_heap_stack
                0x200108ec      0x604 load address 0x08019644
                0x200108f0                        . = ALIGN (0x8)
 *fill*         0x200108ec        0x4 
                [!provide]                        PROVIDE (end = .)
                0x200108f0                        PROVIDE (_end = .)
                0x20010af0                        . = (. + _Min_Heap_Size)
 *fill*         0x200108f0      0x200 
                0x20010ef0                        . = (. + _Min_Stack_Size)
 *fill*         0x20010af0      0x400 
                0x20010ef0                        . = ALIGN (0x8)

/DISCARD/
 libc.a(*)
 libm.a(*)
 libgcc.a(*)

.ARM.attributes
                0x00000000       0x2e
 *(.ARM.attributes)
 .ARM.attributes
                0x00000000       0x22 D:/STM32CubeIDE_1.18.1/STM32CubeIDE/plugins/com.st.stm32cube.ide.mcu.externaltools.gnu-tools-for-stm32.13.3.rel1.win32_1.0.0.202411081344/tools/bin/../lib/gcc/arm-none-eabi/13.3.1/thumb/v7e-m+fp/hard/crti.o
 .ARM.attributes
                0x00000022       0x34 D:/STM32CubeIDE_1.18.1/STM32CubeIDE/plugins/com.st.stm32cube.ide.mcu.externaltools.gnu-tools-for-stm32.13.3.rel1.win32_1.0.0.202411081344/tools/bin/../lib/gcc/arm-none-eabi/13.3.1/thumb/v7e-m+fp/hard/crtbegin.o
 .ARM.attributes
                0x00000056       0x34 ./Core/Src/main.o
 .ARM.attributes
                0x0000008a       0x34 ./Core/Src/static_tuner.o
 .ARM.attributes
                0x000000be       0x34 ./Core/Src/stm32f4xx_hal_msp.o
 .ARM.attributes
                0x000000f2       0x34 ./Core/Src/stm32f4xx_hal_timebase_tim.o
 .ARM.attributes
                0x00000126       0x34 ./Core/Src/stm32f4xx_it.o
 .ARM.attributes
                0x0000015a       0x34 ./Core/Src/system_stm32f4xx.o
 .ARM.attributes
                0x0000018e       0x21 ./Core/Startup/startup_stm32f446retx.o
 .ARM.attributes
                0x000001af       0x34 ./Drivers/STM32F4xx_HAL_Driver/Src/stm32f4xx_hal.o
 .ARM.attributes
                0x000001e3       0x34 ./Drivers/STM32F4xx_HAL_Driver/Src/stm32f4xx_hal_cortex.o
 .ARM.attributes
                0x00000217       0x34 ./Drivers/STM32F4xx_HAL_Driver/Src/stm32f4xx_hal_dma.o
 .ARM.attributes
                0x0000024b       0x34 ./Drivers/STM32F4xx_HAL_Driver/Src/stm32f4xx_hal_gpio.o
 .ARM.attributes
                0x0000027f       0x34 ./Drivers/STM32F4xx_HAL_Driver/Src/stm32f4xx_hal_rcc.o
 .ARM.attributes
                0x000002b3       0x34 ./Drivers/STM32F4xx_HAL_Driver/Src/stm32f4xx_hal_rcc_ex.o
 .ARM.attributes
                0x000002e7       0x34 ./Drivers/STM32F4xx_HAL_Driver/Src/stm32f4xx_hal_tim.o
 .ARM.attributes
                0x0000031b       0x34 ./Drivers/STM32F4xx_HAL_Driver/Src/stm32f4xx_hal_tim_ex.o
 .ARM.attributes
                0x0000034f       0x34 ./Drivers/STM32F4xx_HAL_Driver/Src/stm32f4xx_hal_uart.o
 .ARM.attributes
                0x00000383       0x39 D:\APP5\Architecture_calcul_rapide_DSP\TP\stCube_workspace\TP_Calcul_Rapide\Drivers\CMSIS\Lib\GCC\libarm_cortexM4lf_math.a(arm_rfft_fast_init_f32.o)
 .ARM.attributes
                0x000003bc       0x39 D:\APP5\Architecture_calcul_rapide_DSP\TP\stCube_workspace\TP_Calcul_Rapide\Drivers\CMSIS\Lib\GCC\libarm_cortexM4lf_math.a(arm_rfft_fast_f32.o)
 .ARM.attributes
                0x000003f5       0x39 D:\APP5\Architecture_calcul_rapide_DSP\TP\stCube_workspace\TP_Calcul_Rapide\Drivers\CMSIS\Lib\GCC\libarm_cortexM4lf_math.a(arm_cfft_f32.o)
 .ARM.attributes
                0x0000042e       0x39 D:\APP5\Architecture_calcul_rapide_DSP\TP\stCube_workspace\TP_Calcul_Rapide\Drivers\CMSIS\Lib\GCC\libarm_cortexM4lf_math.a(arm_correlate_f32.o)
 .ARM.attributes
                0x00000467       0x39 D:\APP5\Architecture_calcul_rapide_DSP\TP\stCube_workspace\TP_Calcul_Rapide\Drivers\CMSIS\Lib\GCC\libarm_cortexM4lf_math.a(arm_sin_f32.o)
 .ARM.attributes
                0x000004a0       0x39 D:\APP5\Architecture_calcul_rapide_DSP\TP\stCube_workspace\TP_Calcul_Rapide\Drivers\CMSIS\Lib\GCC\libarm_cortexM4lf_math.a(arm_cos_f32.o)
 .ARM.attributes
                0x000004d9       0x39 D:\APP5\Architecture_calcul_rapide_DSP\TP\stCube_workspace\TP_Calcul_Rapide\Drivers\CMSIS\Lib\GCC\libarm_cortexM4lf_math.a(arm_common_tables.o)
 .ARM.attributes
                0x00000512       0x25 D:\APP5\Architecture_calcul_rapide_DSP\TP\stCube_workspace\TP_Calcul_Rapide\Drivers\CMSIS\Lib\GCC\libarm_cortexM4lf_math.a(arm_bitreversal2.o)
 .ARM.attributes
                0x00000537       0x39 D:\APP5\Architecture_calcul_rapide_DSP\TP\stCube_workspace\TP_Calcul_Rapide\Drivers\CMSIS\Lib\GCC\libarm_cortexM4lf_math.a(arm_cfft_radix8_f32.o)
 .ARM.attributes
                0x00000570       0x22 D:/STM32CubeIDE_1.18.1/STM32CubeIDE/plugins/com.st.stm32cube.ide.mcu.externaltools.gnu-tools-for-stm32.13.3.rel1.win32_1.0.0.202411081344/tools/bin/../lib/gcc/arm-none-eabi/13.3.1/thumb/v7e-m+fp/hard\libgcc.a(_arm_addsubsf3.o)
 .ARM.attributes
                0x00000592       0x22 D:/STM32CubeIDE_1.18.1/STM32CubeIDE/plugins/com.st.stm32cube.ide.mcu.externaltools.gnu-tools-for-stm32.13.3.rel1.win32_1.0.0.202411081344/tools/bin/../lib/gcc/arm-none-eabi/13.3.1/thumb/v7e-m+fp/hard\libgcc.a(_aeabi_uldivmod.o)
 .ARM.attributes
                0x000005b4       0x34 D:/STM32CubeIDE_1.18.1/STM32CubeIDE/plugins/com.st.stm32cube.ide.mcu.externaltools.gnu-tools-for-stm32.13.3.rel1.win32_1.0.0.202411081344/tools/bin/../lib/gcc/arm-none-eabi/13.3.1/thumb/v7e-m+fp/hard\libgcc.a(_udivmoddi4.o)
 .ARM.attributes
                0x000005e8       0x22 D:/STM32CubeIDE_1.18.1/STM32CubeIDE/plugins/com.st.stm32cube.ide.mcu.externaltools.gnu-tools-for-stm32.13.3.rel1.win32_1.0.0.202411081344/tools/bin/../lib/gcc/arm-none-eabi/13.3.1/thumb/v7e-m+fp/hard\libgcc.a(_dvmd_tls.o)
 .ARM.attributes
                0x0000060a       0x34 D:/STM32CubeIDE_1.18.1/STM32CubeIDE/plugins/com.st.stm32cube.ide.mcu.externaltools.gnu-tools-for-stm32.13.3.rel1.win32_1.0.0.202411081344/tools/bin/../lib/gcc/arm-none-eabi/13.3.1/../../../../arm-none-eabi/lib/thumb/v7e-m+fp/hard\libc_nano.a(libc_a-findfp.o)
 .ARM.attributes
                0x0000063e       0x34 D:/STM32CubeIDE_1.18.1/STM32CubeIDE/plugins/com.st.stm32cube.ide.mcu.externaltools.gnu-tools-for-stm32.13.3.rel1.win32_1.0.0.202411081344/tools/bin/../lib/gcc/arm-none-eabi/13.3.1/../../../../arm-none-eabi/lib/thumb/v7e-m+fp/hard\libc_nano.a(libc_a-memset.o)
 .ARM.attributes
                0x00000672       0x34 D:/STM32CubeIDE_1.18.1/STM32CubeIDE/plugins/com.st.stm32cube.ide.mcu.externaltools.gnu-tools-for-stm32.13.3.rel1.win32_1.0.0.202411081344/tools/bin/../lib/gcc/arm-none-eabi/13.3.1/../../../../arm-none-eabi/lib/thumb/v7e-m+fp/hard\libc_nano.a(libc_a-impure.o)
 .ARM.attributes
                0x000006a6       0x34 D:/STM32CubeIDE_1.18.1/STM32CubeIDE/plugins/com.st.stm32cube.ide.mcu.externaltools.gnu-tools-for-stm32.13.3.rel1.win32_1.0.0.202411081344/tools/bin/../lib/gcc/arm-none-eabi/13.3.1/../../../../arm-none-eabi/lib/thumb/v7e-m+fp/hard\libc_nano.a(libc_a-errno.o)
 .ARM.attributes
                0x000006da       0x34 D:/STM32CubeIDE_1.18.1/STM32CubeIDE/plugins/com.st.stm32cube.ide.mcu.externaltools.gnu-tools-for-stm32.13.3.rel1.win32_1.0.0.202411081344/tools/bin/../lib/gcc/arm-none-eabi/13.3.1/../../../../arm-none-eabi/lib/thumb/v7e-m+fp/hard\libc_nano.a(libc_a-init.o)
 .ARM.attributes
                0x0000070e       0x22 D:/STM32CubeIDE_1.18.1/STM32CubeIDE/plugins/com.st.stm32cube.ide.mcu.externaltools.gnu-tools-for-stm32.13.3.rel1.win32_1.0.0.202411081344/tools/bin/../lib/gcc/arm-none-eabi/13.3.1/thumb/v7e-m+fp/hard/crtn.o
OUTPUT(TP_Calcul_Rapide.elf elf32-littlearm)
LOAD linker stubs
LOAD D:/STM32CubeIDE_1.18.1/STM32CubeIDE/plugins/com.st.stm32cube.ide.mcu.externaltools.gnu-tools-for-stm32.13.3.rel1.win32_1.0.0.202411081344/tools/bin/../lib/gcc/arm-none-eabi/13.3.1/../../../../arm-none-eabi/lib/thumb/v7e-m+fp/hard\libc.a
LOAD D:/STM32CubeIDE_1.18.1/STM32CubeIDE/plugins/com.st.stm32cube.ide.mcu.externaltools.gnu-tools-for-stm32.13.3.rel1.win32_1.0.0.202411081344/tools/bin/../lib/gcc/arm-none-eabi/13.3.1/../../../../arm-none-eabi/lib/thumb/v7e-m+fp/hard\libm.a
LOAD D:/STM32CubeIDE_1.18.1/STM32CubeIDE/plugins/com.st.stm32cube.ide.mcu.externaltools.gnu-tools-for-stm32.13.3.rel1.win32_1.0.0.202411081344/tools/bin/../lib/gcc/arm-none-eabi/13.3.1/thumb/v7e-m+fp/hard\libgcc.a

.debug_info     0x00000000    0x12ad6
 .debug_info    0x00000000     0x1936 ./Core/Src/main.o
 .debug_info    0x00001936     0x15d8 ./Core/Src/static_tuner.o
 .debug_info    0x00002f0e     0x153c ./Core/Src/stm32f4xx_hal_msp.o
 .debug_info    0x0000444a      0xc36 ./Core/Src/stm32f4xx_hal_timebase_tim.o
 .debug_info    0x00005080      0x738 ./Core/Src/stm32f4xx_it.o
 .debug_info    0x000057b8      0x513 ./Core/Src/system_stm32f4xx.o
 .debug_info    0x00005ccb       0x30 ./Core/Startup/startup_stm32f446retx.o
 .debug_info    0x00005cfb      0x969 ./Drivers/STM32F4xx_HAL_Driver/Src/stm32f4xx_hal.o
 .debug_info    0x00006664      0xdce ./Drivers/STM32F4xx_HAL_Driver/Src/stm32f4xx_hal_cortex.o
 .debug_info    0x00007432      0x8e7 ./Drivers/STM32F4xx_HAL_Driver/Src/stm32f4xx_hal_dma.o
 .debug_info    0x00007d19      0x70b ./Drivers/STM32F4xx_HAL_Driver/Src/stm32f4xx_hal_gpio.o
 .debug_info    0x00008424      0x8ff ./Drivers/STM32F4xx_HAL_Driver/Src/stm32f4xx_hal_rcc.o
 .debug_info    0x00008d23      0x960 ./Drivers/STM32F4xx_HAL_Driver/Src/stm32f4xx_hal_rcc_ex.o
 .debug_info    0x00009683     0x299d ./Drivers/STM32F4xx_HAL_Driver/Src/stm32f4xx_hal_tim.o
 .debug_info    0x0000c020     0x14db ./Drivers/STM32F4xx_HAL_Driver/Src/stm32f4xx_hal_tim_ex.o
 .debug_info    0x0000d4fb     0x2f4f ./Drivers/STM32F4xx_HAL_Driver/Src/stm32f4xx_hal_uart.o
 .debug_info    0x0001044a      0x4c3 D:\APP5\Architecture_calcul_rapide_DSP\TP\stCube_workspace\TP_Calcul_Rapide\Drivers\CMSIS\Lib\GCC\libarm_cortexM4lf_math.a(arm_rfft_fast_init_f32.o)
 .debug_info    0x0001090d      0x729 D:\APP5\Architecture_calcul_rapide_DSP\TP\stCube_workspace\TP_Calcul_Rapide\Drivers\CMSIS\Lib\GCC\libarm_cortexM4lf_math.a(arm_rfft_fast_f32.o)
 .debug_info    0x00011036      0x6b2 D:\APP5\Architecture_calcul_rapide_DSP\TP\stCube_workspace\TP_Calcul_Rapide\Drivers\CMSIS\Lib\GCC\libarm_cortexM4lf_math.a(arm_cfft_f32.o)
 .debug_info    0x000116e8      0x29f D:\APP5\Architecture_calcul_rapide_DSP\TP\stCube_workspace\TP_Calcul_Rapide\Drivers\CMSIS\Lib\GCC\libarm_cortexM4lf_math.a(arm_correlate_f32.o)
 .debug_info    0x00011987      0x18a D:\APP5\Architecture_calcul_rapide_DSP\TP\stCube_workspace\TP_Calcul_Rapide\Drivers\CMSIS\Lib\GCC\libarm_cortexM4lf_math.a(arm_sin_f32.o)
 .debug_info    0x00011b11      0x18a D:\APP5\Architecture_calcul_rapide_DSP\TP\stCube_workspace\TP_Calcul_Rapide\Drivers\CMSIS\Lib\GCC\libarm_cortexM4lf_math.a(arm_cos_f32.o)
 .debug_info    0x00011c9b      0x99d D:\APP5\Architecture_calcul_rapide_DSP\TP\stCube_workspace\TP_Calcul_Rapide\Drivers\CMSIS\Lib\GCC\libarm_cortexM4lf_math.a(arm_common_tables.o)
 .debug_info    0x00012638       0x85 D:\APP5\Architecture_calcul_rapide_DSP\TP\stCube_workspace\TP_Calcul_Rapide\Drivers\CMSIS\Lib\GCC\libarm_cortexM4lf_math.a(arm_bitreversal2.o)
 .debug_info    0x000126bd      0x419 D:\APP5\Architecture_calcul_rapide_DSP\TP\stCube_workspace\TP_Calcul_Rapide\Drivers\CMSIS\Lib\GCC\libarm_cortexM4lf_math.a(arm_cfft_radix8_f32.o)

.debug_abbrev   0x00000000     0x2ac9
 .debug_abbrev  0x00000000      0x2e8 ./Core/Src/main.o
 .debug_abbrev  0x000002e8      0x31b ./Core/Src/static_tuner.o
 .debug_abbrev  0x00000603      0x260 ./Core/Src/stm32f4xx_hal_msp.o
 .debug_abbrev  0x00000863      0x1f4 ./Core/Src/stm32f4xx_hal_timebase_tim.o
 .debug_abbrev  0x00000a57      0x181 ./Core/Src/stm32f4xx_it.o
 .debug_abbrev  0x00000bd8      0x11c ./Core/Src/system_stm32f4xx.o
 .debug_abbrev  0x00000cf4       0x24 ./Core/Startup/startup_stm32f446retx.o
 .debug_abbrev  0x00000d18      0x216 ./Drivers/STM32F4xx_HAL_Driver/Src/stm32f4xx_hal.o
 .debug_abbrev  0x00000f2e      0x300 ./Drivers/STM32F4xx_HAL_Driver/Src/stm32f4xx_hal_cortex.o
 .debug_abbrev  0x0000122e      0x264 ./Drivers/STM32F4xx_HAL_Driver/Src/stm32f4xx_hal_dma.o
 .debug_abbrev  0x00001492      0x1d4 ./Drivers/STM32F4xx_HAL_Driver/Src/stm32f4xx_hal_gpio.o
 .debug_abbrev  0x00001666      0x2b7 ./Drivers/STM32F4xx_HAL_Driver/Src/stm32f4xx_hal_rcc.o
 .debug_abbrev  0x0000191d      0x211 ./Drivers/STM32F4xx_HAL_Driver/Src/stm32f4xx_hal_rcc_ex.o
 .debug_abbrev  0x00001b2e      0x278 ./Drivers/STM32F4xx_HAL_Driver/Src/stm32f4xx_hal_tim.o
 .debug_abbrev  0x00001da6      0x283 ./Drivers/STM32F4xx_HAL_Driver/Src/stm32f4xx_hal_tim_ex.o
 .debug_abbrev  0x00002029      0x30e ./Drivers/STM32F4xx_HAL_Driver/Src/stm32f4xx_hal_uart.o
 .debug_abbrev  0x00002337       0xfd D:\APP5\Architecture_calcul_rapide_DSP\TP\stCube_workspace\TP_Calcul_Rapide\Drivers\CMSIS\Lib\GCC\libarm_cortexM4lf_math.a(arm_rfft_fast_init_f32.o)
 .debug_abbrev  0x00002434      0x188 D:\APP5\Architecture_calcul_rapide_DSP\TP\stCube_workspace\TP_Calcul_Rapide\Drivers\CMSIS\Lib\GCC\libarm_cortexM4lf_math.a(arm_rfft_fast_f32.o)
 .debug_abbrev  0x000025bc      0x18b D:\APP5\Architecture_calcul_rapide_DSP\TP\stCube_workspace\TP_Calcul_Rapide\Drivers\CMSIS\Lib\GCC\libarm_cortexM4lf_math.a(arm_cfft_f32.o)
 .debug_abbrev  0x00002747       0x94 D:\APP5\Architecture_calcul_rapide_DSP\TP\stCube_workspace\TP_Calcul_Rapide\Drivers\CMSIS\Lib\GCC\libarm_cortexM4lf_math.a(arm_correlate_f32.o)
 .debug_abbrev  0x000027db       0xd7 D:\APP5\Architecture_calcul_rapide_DSP\TP\stCube_workspace\TP_Calcul_Rapide\Drivers\CMSIS\Lib\GCC\libarm_cortexM4lf_math.a(arm_sin_f32.o)
 .debug_abbrev  0x000028b2       0xd7 D:\APP5\Architecture_calcul_rapide_DSP\TP\stCube_workspace\TP_Calcul_Rapide\Drivers\CMSIS\Lib\GCC\libarm_cortexM4lf_math.a(arm_cos_f32.o)
 .debug_abbrev  0x00002989       0x84 D:\APP5\Architecture_calcul_rapide_DSP\TP\stCube_workspace\TP_Calcul_Rapide\Drivers\CMSIS\Lib\GCC\libarm_cortexM4lf_math.a(arm_common_tables.o)
 .debug_abbrev  0x00002a0d       0x14 D:\APP5\Architecture_calcul_rapide_DSP\TP\stCube_workspace\TP_Calcul_Rapide\Drivers\CMSIS\Lib\GCC\libarm_cortexM4lf_math.a(arm_bitreversal2.o)
 .debug_abbrev  0x00002a21       0xa8 D:\APP5\Architecture_calcul_rapide_DSP\TP\stCube_workspace\TP_Calcul_Rapide\Drivers\CMSIS\Lib\GCC\libarm_cortexM4lf_math.a(arm_cfft_radix8_f32.o)

.debug_aranges  0x00000000      0xf30
 .debug_aranges
                0x00000000       0x70 ./Core/Src/main.o
 .debug_aranges
                0x00000070       0xe0 ./Core/Src/static_tuner.o
 .debug_aranges
                0x00000150       0x60 ./Core/Src/stm32f4xx_hal_msp.o
 .debug_aranges
                0x000001b0       0x30 ./Core/Src/stm32f4xx_hal_timebase_tim.o
 .debug_aranges
                0x000001e0       0x80 ./Core/Src/stm32f4xx_it.o
 .debug_aranges
                0x00000260       0x28 ./Core/Src/system_stm32f4xx.o
 .debug_aranges
                0x00000288       0x28 ./Core/Startup/startup_stm32f446retx.o
 .debug_aranges
                0x000002b0       0xf0 ./Drivers/STM32F4xx_HAL_Driver/Src/stm32f4xx_hal.o
 .debug_aranges
                0x000003a0      0x130 ./Drivers/STM32F4xx_HAL_Driver/Src/stm32f4xx_hal_cortex.o
 .debug_aranges
                0x000004d0       0x90 ./Drivers/STM32F4xx_HAL_Driver/Src/stm32f4xx_hal_dma.o
 .debug_aranges
                0x00000560       0x58 ./Drivers/STM32F4xx_HAL_Driver/Src/stm32f4xx_hal_gpio.o
 .debug_aranges
                0x000005b8       0x88 ./Drivers/STM32F4xx_HAL_Driver/Src/stm32f4xx_hal_rcc.o
 .debug_aranges
                0x00000640       0x78 ./Drivers/STM32F4xx_HAL_Driver/Src/stm32f4xx_hal_rcc_ex.o
 .debug_aranges
                0x000006b8      0x3d0 ./Drivers/STM32F4xx_HAL_Driver/Src/stm32f4xx_hal_tim.o
 .debug_aranges
                0x00000a88      0x168 ./Drivers/STM32F4xx_HAL_Driver/Src/stm32f4xx_hal_tim_ex.o
 .debug_aranges
                0x00000bf0      0x208 ./Drivers/STM32F4xx_HAL_Driver/Src/stm32f4xx_hal_uart.o
 .debug_aranges
                0x00000df8       0x20 D:\APP5\Architecture_calcul_rapide_DSP\TP\stCube_workspace\TP_Calcul_Rapide\Drivers\CMSIS\Lib\GCC\libarm_cortexM4lf_math.a(arm_rfft_fast_init_f32.o)
 .debug_aranges
                0x00000e18       0x30 D:\APP5\Architecture_calcul_rapide_DSP\TP\stCube_workspace\TP_Calcul_Rapide\Drivers\CMSIS\Lib\GCC\libarm_cortexM4lf_math.a(arm_rfft_fast_f32.o)
 .debug_aranges
                0x00000e48       0x30 D:\APP5\Architecture_calcul_rapide_DSP\TP\stCube_workspace\TP_Calcul_Rapide\Drivers\CMSIS\Lib\GCC\libarm_cortexM4lf_math.a(arm_cfft_f32.o)
 .debug_aranges
                0x00000e78       0x20 D:\APP5\Architecture_calcul_rapide_DSP\TP\stCube_workspace\TP_Calcul_Rapide\Drivers\CMSIS\Lib\GCC\libarm_cortexM4lf_math.a(arm_correlate_f32.o)
 .debug_aranges
                0x00000e98       0x20 D:\APP5\Architecture_calcul_rapide_DSP\TP\stCube_workspace\TP_Calcul_Rapide\Drivers\CMSIS\Lib\GCC\libarm_cortexM4lf_math.a(arm_sin_f32.o)
 .debug_aranges
                0x00000eb8       0x20 D:\APP5\Architecture_calcul_rapide_DSP\TP\stCube_workspace\TP_Calcul_Rapide\Drivers\CMSIS\Lib\GCC\libarm_cortexM4lf_math.a(arm_cos_f32.o)
 .debug_aranges
                0x00000ed8       0x18 D:\APP5\Architecture_calcul_rapide_DSP\TP\stCube_workspace\TP_Calcul_Rapide\Drivers\CMSIS\Lib\GCC\libarm_cortexM4lf_math.a(arm_common_tables.o)
 .debug_aranges
                0x00000ef0       0x20 D:\APP5\Architecture_calcul_rapide_DSP\TP\stCube_workspace\TP_Calcul_Rapide\Drivers\CMSIS\Lib\GCC\libarm_cortexM4lf_math.a(arm_bitreversal2.o)
 .debug_aranges
                0x00000f10       0x20 D:\APP5\Architecture_calcul_rapide_DSP\TP\stCube_workspace\TP_Calcul_Rapide\Drivers\CMSIS\Lib\GCC\libarm_cortexM4lf_math.a(arm_cfft_radix8_f32.o)

.debug_rnglists
                0x00000000      0xaf4
 .debug_rnglists
                0x00000000       0x53 ./Core/Src/main.o
 .debug_rnglists
                0x00000053       0xb0 ./Core/Src/static_tuner.o
 .debug_rnglists
                0x00000103       0x46 ./Core/Src/stm32f4xx_hal_msp.o
 .debug_rnglists
                0x00000149       0x20 ./Core/Src/stm32f4xx_hal_timebase_tim.o
 .debug_rnglists
                0x00000169       0x5b ./Core/Src/stm32f4xx_it.o
 .debug_rnglists
                0x000001c4       0x1a ./Core/Src/system_stm32f4xx.o
 .debug_rnglists
                0x000001de       0x19 ./Core/Startup/startup_stm32f446retx.o
 .debug_rnglists
                0x000001f7       0xaf ./Drivers/STM32F4xx_HAL_Driver/Src/stm32f4xx_hal.o
 .debug_rnglists
                0x000002a6       0xe0 ./Drivers/STM32F4xx_HAL_Driver/Src/stm32f4xx_hal_cortex.o
 .debug_rnglists
                0x00000386       0x70 ./Drivers/STM32F4xx_HAL_Driver/Src/stm32f4xx_hal_dma.o
 .debug_rnglists
                0x000003f6       0x3f ./Drivers/STM32F4xx_HAL_Driver/Src/stm32f4xx_hal_gpio.o
 .debug_rnglists
                0x00000435       0x66 ./Drivers/STM32F4xx_HAL_Driver/Src/stm32f4xx_hal_rcc.o
 .debug_rnglists
                0x0000049b       0x5e ./Drivers/STM32F4xx_HAL_Driver/Src/stm32f4xx_hal_rcc_ex.o
 .debug_rnglists
                0x000004f9      0x31a ./Drivers/STM32F4xx_HAL_Driver/Src/stm32f4xx_hal_tim.o
 .debug_rnglists
                0x00000813      0x125 ./Drivers/STM32F4xx_HAL_Driver/Src/stm32f4xx_hal_tim_ex.o
 .debug_rnglists
                0x00000938      0x1bc ./Drivers/STM32F4xx_HAL_Driver/Src/stm32f4xx_hal_uart.o

.debug_macro    0x00000000    0x217ee
 .debug_macro   0x00000000      0x214 ./Core/Src/main.o
 .debug_macro   0x00000214      0x2a7 ./Core/Src/main.o
 .debug_macro   0x000004bb       0x2e ./Core/Src/main.o
 .debug_macro   0x000004e9       0x28 ./Core/Src/main.o
 .debug_macro   0x00000511      0xe43 ./Core/Src/main.o
 .debug_macro   0x00001354    0x1675e ./Core/Src/main.o
 .debug_macro   0x00017ab2       0x6d ./Core/Src/main.o
 .debug_macro   0x00017b1f     0x3693 ./Core/Src/main.o
 .debug_macro   0x0001b1b2       0x5c ./Core/Src/main.o
 .debug_macro   0x0001b20e      0xca5 ./Core/Src/main.o
 .debug_macro   0x0001beb3      0x9e9 ./Core/Src/main.o
 .debug_macro   0x0001c89c      0x115 ./Core/Src/main.o
 .debug_macro   0x0001c9b1      0x1a0 ./Core/Src/main.o
 .debug_macro   0x0001cb51       0xa5 ./Core/Src/main.o
 .debug_macro   0x0001cbf6      0x16d ./Core/Src/main.o
 .debug_macro   0x0001cd63      0x287 ./Core/Src/main.o
 .debug_macro   0x0001cfea       0x5f ./Core/Src/main.o
 .debug_macro   0x0001d049      0x236 ./Core/Src/main.o
 .debug_macro   0x0001d27f      0xb5b ./Core/Src/main.o
 .debug_macro   0x0001ddda      0x38b ./Core/Src/main.o
 .debug_macro   0x0001e165      0x17d ./Core/Src/main.o
 .debug_macro   0x0001e2e2       0xf9 ./Core/Src/main.o
 .debug_macro   0x0001e3db      0x122 ./Core/Src/main.o
 .debug_macro   0x0001e4fd       0xa6 ./Core/Src/main.o
 .debug_macro   0x0001e5a3      0x132 ./Core/Src/main.o
 .debug_macro   0x0001e6d5      0x29c ./Core/Src/main.o
 .debug_macro   0x0001e971       0x2e ./Core/Src/main.o
 .debug_macro   0x0001e99f      0x127 ./Core/Src/main.o
 .debug_macro   0x0001eac6       0xe8 ./Core/Src/main.o
 .debug_macro   0x0001ebae       0x89 ./Core/Src/main.o
 .debug_macro   0x0001ec37      0x8ed ./Core/Src/main.o
 .debug_macro   0x0001f524       0x53 ./Core/Src/main.o
 .debug_macro   0x0001f577      0x2aa ./Core/Src/main.o
 .debug_macro   0x0001f821      0x126 ./Core/Src/main.o
 .debug_macro   0x0001f947       0x58 ./Core/Src/main.o
 .debug_macro   0x0001f99f       0x40 ./Core/Src/main.o
 .debug_macro   0x0001f9df      0x347 ./Core/Src/static_tuner.o
 .debug_macro   0x0001fd26       0x3a ./Core/Src/static_tuner.o
 .debug_macro   0x0001fd60       0x56 ./Core/Src/static_tuner.o
 .debug_macro   0x0001fdb6      0x205 ./Core/Src/stm32f4xx_hal_msp.o
 .debug_macro   0x0001ffbb      0x1f6 ./Core/Src/stm32f4xx_hal_timebase_tim.o
 .debug_macro   0x000201b1      0x20f ./Core/Src/stm32f4xx_it.o
 .debug_macro   0x000203c0      0x1f6 ./Core/Src/system_stm32f4xx.o
 .debug_macro   0x000205b6      0x256 ./Drivers/STM32F4xx_HAL_Driver/Src/stm32f4xx_hal.o
 .debug_macro   0x0002080c      0x1f6 ./Drivers/STM32F4xx_HAL_Driver/Src/stm32f4xx_hal_cortex.o
 .debug_macro   0x00020a02      0x1fc ./Drivers/STM32F4xx_HAL_Driver/Src/stm32f4xx_hal_dma.o
 .debug_macro   0x00020bfe      0x1fc ./Drivers/STM32F4xx_HAL_Driver/Src/stm32f4xx_hal_gpio.o
 .debug_macro   0x00020dfa      0x21a ./Drivers/STM32F4xx_HAL_Driver/Src/stm32f4xx_hal_rcc.o
 .debug_macro   0x00021014      0x1f6 ./Drivers/STM32F4xx_HAL_Driver/Src/stm32f4xx_hal_rcc_ex.o
 .debug_macro   0x0002120a      0x1f7 ./Drivers/STM32F4xx_HAL_Driver/Src/stm32f4xx_hal_tim.o
 .debug_macro   0x00021401      0x1f6 ./Drivers/STM32F4xx_HAL_Driver/Src/stm32f4xx_hal_tim_ex.o
 .debug_macro   0x000215f7      0x1f7 ./Drivers/STM32F4xx_HAL_Driver/Src/stm32f4xx_hal_uart.o

.debug_line     0x00000000    0x12a90
 .debug_line    0x00000000      0xa41 ./Core/Src/main.o
 .debug_line    0x00000a41     0x12c3 ./Core/Src/static_tuner.o
 .debug_line    0x00001d04      0x93f ./Core/Src/stm32f4xx_hal_msp.o
 .debug_line    0x00002643      0x811 ./Core/Src/stm32f4xx_hal_timebase_tim.o
 .debug_line    0x00002e54      0x8af ./Core/Src/stm32f4xx_it.o
 .debug_line    0x00003703      0x81b ./Core/Src/system_stm32f4xx.o
 .debug_line    0x00003f1e       0x7a ./Core/Startup/startup_stm32f446retx.o
 .debug_line    0x00003f98      0xa97 ./Drivers/STM32F4xx_HAL_Driver/Src/stm32f4xx_hal.o
 .debug_line    0x00004a2f      0xd57 ./Drivers/STM32F4xx_HAL_Driver/Src/stm32f4xx_hal_cortex.o
 .debug_line    0x00005786     0x1003 ./Drivers/STM32F4xx_HAL_Driver/Src/stm32f4xx_hal_dma.o
 .debug_line    0x00006789      0xbdb ./Drivers/STM32F4xx_HAL_Driver/Src/stm32f4xx_hal_gpio.o
 .debug_line    0x00007364      0xeb2 ./Drivers/STM32F4xx_HAL_Driver/Src/stm32f4xx_hal_rcc.o
 .debug_line    0x00008216     0x1563 ./Drivers/STM32F4xx_HAL_Driver/Src/stm32f4xx_hal_rcc_ex.o
 .debug_line    0x00009779     0x380c ./Drivers/STM32F4xx_HAL_Driver/Src/stm32f4xx_hal_tim.o
 .debug_line    0x0000cf85     0x19f7 ./Drivers/STM32F4xx_HAL_Driver/Src/stm32f4xx_hal_tim_ex.o
 .debug_line    0x0000e97c     0x25df ./Drivers/STM32F4xx_HAL_Driver/Src/stm32f4xx_hal_uart.o
 .debug_line    0x00010f5b      0x1a6 D:\APP5\Architecture_calcul_rapide_DSP\TP\stCube_workspace\TP_Calcul_Rapide\Drivers\CMSIS\Lib\GCC\libarm_cortexM4lf_math.a(arm_rfft_fast_init_f32.o)
 .debug_line    0x00011101      0x2f7 D:\APP5\Architecture_calcul_rapide_DSP\TP\stCube_workspace\TP_Calcul_Rapide\Drivers\CMSIS\Lib\GCC\libarm_cortexM4lf_math.a(arm_rfft_fast_f32.o)
 .debug_line    0x000113f8      0x783 D:\APP5\Architecture_calcul_rapide_DSP\TP\stCube_workspace\TP_Calcul_Rapide\Drivers\CMSIS\Lib\GCC\libarm_cortexM4lf_math.a(arm_cfft_f32.o)
 .debug_line    0x00011b7b      0x3e9 D:\APP5\Architecture_calcul_rapide_DSP\TP\stCube_workspace\TP_Calcul_Rapide\Drivers\CMSIS\Lib\GCC\libarm_cortexM4lf_math.a(arm_correlate_f32.o)
 .debug_line    0x00011f64      0x16c D:\APP5\Architecture_calcul_rapide_DSP\TP\stCube_workspace\TP_Calcul_Rapide\Drivers\CMSIS\Lib\GCC\libarm_cortexM4lf_math.a(arm_sin_f32.o)
 .debug_line    0x000120d0      0x168 D:\APP5\Architecture_calcul_rapide_DSP\TP\stCube_workspace\TP_Calcul_Rapide\Drivers\CMSIS\Lib\GCC\libarm_cortexM4lf_math.a(arm_cos_f32.o)
 .debug_line    0x00012238      0x129 D:\APP5\Architecture_calcul_rapide_DSP\TP\stCube_workspace\TP_Calcul_Rapide\Drivers\CMSIS\Lib\GCC\libarm_cortexM4lf_math.a(arm_common_tables.o)
 .debug_line    0x00012361       0x98 D:\APP5\Architecture_calcul_rapide_DSP\TP\stCube_workspace\TP_Calcul_Rapide\Drivers\CMSIS\Lib\GCC\libarm_cortexM4lf_math.a(arm_bitreversal2.o)
 .debug_line    0x000123f9      0x697 D:\APP5\Architecture_calcul_rapide_DSP\TP\stCube_workspace\TP_Calcul_Rapide\Drivers\CMSIS\Lib\GCC\libarm_cortexM4lf_math.a(arm_cfft_radix8_f32.o)

.debug_str      0x00000000    0xdeb1a
 .debug_str     0x00000000    0xdeb1a ./Core/Src/main.o
                              0xd6a44 (size before relaxing)
 .debug_str     0x000deb1a    0xda176 ./Core/Src/static_tuner.o
 .debug_str     0x000deb1a    0xd658d ./Core/Src/stm32f4xx_hal_msp.o
 .debug_str     0x000deb1a    0xd5f33 ./Core/Src/stm32f4xx_hal_timebase_tim.o
 .debug_str     0x000deb1a    0xd59aa ./Core/Src/stm32f4xx_it.o
 .debug_str     0x000deb1a    0xd540a ./Core/Src/system_stm32f4xx.o
 .debug_str     0x000deb1a       0x96 ./Core/Startup/startup_stm32f446retx.o
 .debug_str     0x000deb1a    0xd5fcf ./Drivers/STM32F4xx_HAL_Driver/Src/stm32f4xx_hal.o
 .debug_str     0x000deb1a    0xd5d21 ./Drivers/STM32F4xx_HAL_Driver/Src/stm32f4xx_hal_cortex.o
 .debug_str     0x000deb1a    0xd57ff ./Drivers/STM32F4xx_HAL_Driver/Src/stm32f4xx_hal_dma.o
 .debug_str     0x000deb1a    0xd5585 ./Drivers/STM32F4xx_HAL_Driver/Src/stm32f4xx_hal_gpio.o
 .debug_str     0x000deb1a    0xd5843 ./Drivers/STM32F4xx_HAL_Driver/Src/stm32f4xx_hal_rcc.o
 .debug_str     0x000deb1a    0xd5876 ./Drivers/STM32F4xx_HAL_Driver/Src/stm32f4xx_hal_rcc_ex.o
 .debug_str     0x000deb1a    0xd676f ./Drivers/STM32F4xx_HAL_Driver/Src/stm32f4xx_hal_tim.o
 .debug_str     0x000deb1a    0xd5f7b ./Drivers/STM32F4xx_HAL_Driver/Src/stm32f4xx_hal_tim_ex.o
 .debug_str     0x000deb1a    0xd5dfa ./Drivers/STM32F4xx_HAL_Driver/Src/stm32f4xx_hal_uart.o
 .debug_str     0x000deb1a      0x517 D:\APP5\Architecture_calcul_rapide_DSP\TP\stCube_workspace\TP_Calcul_Rapide\Drivers\CMSIS\Lib\GCC\libarm_cortexM4lf_math.a(arm_rfft_fast_init_f32.o)
 .debug_str     0x000deb1a      0x2f4 D:\APP5\Architecture_calcul_rapide_DSP\TP\stCube_workspace\TP_Calcul_Rapide\Drivers\CMSIS\Lib\GCC\libarm_cortexM4lf_math.a(arm_rfft_fast_f32.o)
 .debug_str     0x000deb1a      0x35f D:\APP5\Architecture_calcul_rapide_DSP\TP\stCube_workspace\TP_Calcul_Rapide\Drivers\CMSIS\Lib\GCC\libarm_cortexM4lf_math.a(arm_cfft_f32.o)
 .debug_str     0x000deb1a      0x2ad D:\APP5\Architecture_calcul_rapide_DSP\TP\stCube_workspace\TP_Calcul_Rapide\Drivers\CMSIS\Lib\GCC\libarm_cortexM4lf_math.a(arm_correlate_f32.o)
 .debug_str     0x000deb1a      0x242 D:\APP5\Architecture_calcul_rapide_DSP\TP\stCube_workspace\TP_Calcul_Rapide\Drivers\CMSIS\Lib\GCC\libarm_cortexM4lf_math.a(arm_sin_f32.o)
 .debug_str     0x000deb1a      0x242 D:\APP5\Architecture_calcul_rapide_DSP\TP\stCube_workspace\TP_Calcul_Rapide\Drivers\CMSIS\Lib\GCC\libarm_cortexM4lf_math.a(arm_cos_f32.o)
 .debug_str     0x000deb1a      0x704 D:\APP5\Architecture_calcul_rapide_DSP\TP\stCube_workspace\TP_Calcul_Rapide\Drivers\CMSIS\Lib\GCC\libarm_cortexM4lf_math.a(arm_common_tables.o)
 .debug_str     0x000deb1a      0x256 D:\APP5\Architecture_calcul_rapide_DSP\TP\stCube_workspace\TP_Calcul_Rapide\Drivers\CMSIS\Lib\GCC\libarm_cortexM4lf_math.a(arm_cfft_radix8_f32.o)

.comment        0x00000000       0xb3
 .comment       0x00000000       0xb3 ./Core/Src/main.o
                                 0x44 (size before relaxing)
 .comment       0x000000b3       0x44 ./Core/Src/static_tuner.o
 .comment       0x000000b3       0x44 ./Core/Src/stm32f4xx_hal_msp.o
 .comment       0x000000b3       0x44 ./Core/Src/stm32f4xx_hal_timebase_tim.o
 .comment       0x000000b3       0x44 ./Core/Src/stm32f4xx_it.o
 .comment       0x000000b3       0x44 ./Core/Src/system_stm32f4xx.o
 .comment       0x000000b3       0x44 ./Drivers/STM32F4xx_HAL_Driver/Src/stm32f4xx_hal.o
 .comment       0x000000b3       0x44 ./Drivers/STM32F4xx_HAL_Driver/Src/stm32f4xx_hal_cortex.o
 .comment       0x000000b3       0x44 ./Drivers/STM32F4xx_HAL_Driver/Src/stm32f4xx_hal_dma.o
 .comment       0x000000b3       0x44 ./Drivers/STM32F4xx_HAL_Driver/Src/stm32f4xx_hal_gpio.o
 .comment       0x000000b3       0x44 ./Drivers/STM32F4xx_HAL_Driver/Src/stm32f4xx_hal_rcc.o
 .comment       0x000000b3       0x44 ./Drivers/STM32F4xx_HAL_Driver/Src/stm32f4xx_hal_rcc_ex.o
 .comment       0x000000b3       0x44 ./Drivers/STM32F4xx_HAL_Driver/Src/stm32f4xx_hal_tim.o
 .comment       0x000000b3       0x44 ./Drivers/STM32F4xx_HAL_Driver/Src/stm32f4xx_hal_tim_ex.o
 .comment       0x000000b3       0x44 ./Drivers/STM32F4xx_HAL_Driver/Src/stm32f4xx_hal_uart.o
 .comment       0x000000b3       0x71 D:\APP5\Architecture_calcul_rapide_DSP\TP\stCube_workspace\TP_Calcul_Rapide\Drivers\CMSIS\Lib\GCC\libarm_cortexM4lf_math.a(arm_rfft_fast_init_f32.o)
 .comment       0x000000b3       0x71 D:\APP5\Architecture_calcul_rapide_DSP\TP\stCube_workspace\TP_Calcul_Rapide\Drivers\CMSIS\Lib\GCC\libarm_cortexM4lf_math.a(arm_rfft_fast_f32.o)
 .comment       0x000000b3       0x71 D:\APP5\Architecture_calcul_rapide_DSP\TP\stCube_workspace\TP_Calcul_Rapide\Drivers\CMSIS\Lib\GCC\libarm_cortexM4lf_math.a(arm_cfft_f32.o)
 .comment       0x000000b3       0x71 D:\APP5\Architecture_calcul_rapide_DSP\TP\stCube_workspace\TP_Calcul_Rapide\Drivers\CMSIS\Lib\GCC\libarm_cortexM4lf_math.a(arm_correlate_f32.o)
 .comment       0x000000b3       0x71 D:\APP5\Architecture_calcul_rapide_DSP\TP\stCube_workspace\TP_Calcul_Rapide\Drivers\CMSIS\Lib\GCC\libarm_cortexM4lf_math.a(arm_sin_f32.o)
 .comment       0x000000b3       0x71 D:\APP5\Architecture_calcul_rapide_DSP\TP\stCube_workspace\TP_Calcul_Rapide\Drivers\CMSIS\Lib\GCC\libarm_cortexM4lf_math.a(arm_cos_f32.o)
 .comment       0x000000b3       0x71 D:\APP5\Architecture_calcul_rapide_DSP\TP\stCube_workspace\TP_Calcul_Rapide\Drivers\CMSIS\Lib\GCC\libarm_cortexM4lf_math.a(arm_common_tables.o)
 .comment       0x000000b3       0x71 D:\APP5\Architecture_calcul_rapide_DSP\TP\stCube_workspace\TP_Calcul_Rapide\Drivers\CMSIS\Lib\GCC\libarm_cortexM4lf_math.a(arm_cfft_radix8_f32.o)

.debug_frame    0x00000000     0x3ea4
 .debug_frame   0x00000000      0x180 ./Core/Src/main.o
 .debug_frame   0x00000180      0x3f0 ./Core/Src/static_tuner.o
 .debug_frame   0x00000570      0x154 ./Core/Src/stm32f4xx_hal_msp.o
 .debug_frame   0x000006c4       0x74 ./Core/Src/stm32f4xx_hal_timebase_tim.o
 .debug_frame   0x00000738      0x178 ./Core/Src/stm32f4xx_it.o
 .debug_frame   0x000008b0       0x58 ./Core/Src/system_stm32f4xx.o
 .debug_frame   0x00000908      0x374 ./Drivers/STM32F4xx_HAL_Driver/Src/stm32f4xx_hal.o
 .debug_frame   0x00000c7c      0x508 ./Drivers/STM32F4xx_HAL_Driver/Src/stm32f4xx_hal_cortex.o
 .debug_frame   0x00001184      0x250 ./Drivers/STM32F4xx_HAL_Driver/Src/stm32f4xx_hal_dma.o
 .debug_frame   0x000013d4      0x14c ./Drivers/STM32F4xx_HAL_Driver/Src/stm32f4xx_hal_gpio.o
 .debug_frame   0x00001520      0x1f4 ./Drivers/STM32F4xx_HAL_Driver/Src/stm32f4xx_hal_rcc.o
 .debug_frame   0x00001714      0x1e8 ./Drivers/STM32F4xx_HAL_Driver/Src/stm32f4xx_hal_rcc_ex.o
 .debug_frame   0x000018fc     0x11c0 ./Drivers/STM32F4xx_HAL_Driver/Src/stm32f4xx_hal_tim.o
 .debug_frame   0x00002abc      0x638 ./Drivers/STM32F4xx_HAL_Driver/Src/stm32f4xx_hal_tim_ex.o
 .debug_frame   0x000030f4      0x954 ./Drivers/STM32F4xx_HAL_Driver/Src/stm32f4xx_hal_uart.o
 .debug_frame   0x00003a48       0x28 D:\APP5\Architecture_calcul_rapide_DSP\TP\stCube_workspace\TP_Calcul_Rapide\Drivers\CMSIS\Lib\GCC\libarm_cortexM4lf_math.a(arm_rfft_fast_init_f32.o)
 .debug_frame   0x00003a70       0x64 D:\APP5\Architecture_calcul_rapide_DSP\TP\stCube_workspace\TP_Calcul_Rapide\Drivers\CMSIS\Lib\GCC\libarm_cortexM4lf_math.a(arm_rfft_fast_f32.o)
 .debug_frame   0x00003ad4       0xa8 D:\APP5\Architecture_calcul_rapide_DSP\TP\stCube_workspace\TP_Calcul_Rapide\Drivers\CMSIS\Lib\GCC\libarm_cortexM4lf_math.a(arm_cfft_f32.o)
 .debug_frame   0x00003b7c       0x38 D:\APP5\Architecture_calcul_rapide_DSP\TP\stCube_workspace\TP_Calcul_Rapide\Drivers\CMSIS\Lib\GCC\libarm_cortexM4lf_math.a(arm_correlate_f32.o)
 .debug_frame   0x00003bb4       0x20 D:\APP5\Architecture_calcul_rapide_DSP\TP\stCube_workspace\TP_Calcul_Rapide\Drivers\CMSIS\Lib\GCC\libarm_cortexM4lf_math.a(arm_sin_f32.o)
 .debug_frame   0x00003bd4       0x20 D:\APP5\Architecture_calcul_rapide_DSP\TP\stCube_workspace\TP_Calcul_Rapide\Drivers\CMSIS\Lib\GCC\libarm_cortexM4lf_math.a(arm_cos_f32.o)
 .debug_frame   0x00003bf4       0x54 D:\APP5\Architecture_calcul_rapide_DSP\TP\stCube_workspace\TP_Calcul_Rapide\Drivers\CMSIS\Lib\GCC\libarm_cortexM4lf_math.a(arm_cfft_radix8_f32.o)
 .debug_frame   0x00003c48       0x4c D:/STM32CubeIDE_1.18.1/STM32CubeIDE/plugins/com.st.stm32cube.ide.mcu.externaltools.gnu-tools-for-stm32.13.3.rel1.win32_1.0.0.202411081344/tools/bin/../lib/gcc/arm-none-eabi/13.3.1/thumb/v7e-m+fp/hard\libgcc.a(_arm_addsubsf3.o)
 .debug_frame   0x00003c94       0x2c D:/STM32CubeIDE_1.18.1/STM32CubeIDE/plugins/com.st.stm32cube.ide.mcu.externaltools.gnu-tools-for-stm32.13.3.rel1.win32_1.0.0.202411081344/tools/bin/../lib/gcc/arm-none-eabi/13.3.1/thumb/v7e-m+fp/hard\libgcc.a(_aeabi_uldivmod.o)
 .debug_frame   0x00003cc0       0x34 D:/STM32CubeIDE_1.18.1/STM32CubeIDE/plugins/com.st.stm32cube.ide.mcu.externaltools.gnu-tools-for-stm32.13.3.rel1.win32_1.0.0.202411081344/tools/bin/../lib/gcc/arm-none-eabi/13.3.1/thumb/v7e-m+fp/hard\libgcc.a(_udivmoddi4.o)
 .debug_frame   0x00003cf4      0x144 D:/STM32CubeIDE_1.18.1/STM32CubeIDE/plugins/com.st.stm32cube.ide.mcu.externaltools.gnu-tools-for-stm32.13.3.rel1.win32_1.0.0.202411081344/tools/bin/../lib/gcc/arm-none-eabi/13.3.1/../../../../arm-none-eabi/lib/thumb/v7e-m+fp/hard\libc_nano.a(libc_a-findfp.o)
 .debug_frame   0x00003e38       0x20 D:/STM32CubeIDE_1.18.1/STM32CubeIDE/plugins/com.st.stm32cube.ide.mcu.externaltools.gnu-tools-for-stm32.13.3.rel1.win32_1.0.0.202411081344/tools/bin/../lib/gcc/arm-none-eabi/13.3.1/../../../../arm-none-eabi/lib/thumb/v7e-m+fp/hard\libc_nano.a(libc_a-memset.o)
 .debug_frame   0x00003e58       0x20 D:/STM32CubeIDE_1.18.1/STM32CubeIDE/plugins/com.st.stm32cube.ide.mcu.externaltools.gnu-tools-for-stm32.13.3.rel1.win32_1.0.0.202411081344/tools/bin/../lib/gcc/arm-none-eabi/13.3.1/../../../../arm-none-eabi/lib/thumb/v7e-m+fp/hard\libc_nano.a(libc_a-errno.o)
 .debug_frame   0x00003e78       0x2c D:/STM32CubeIDE_1.18.1/STM32CubeIDE/plugins/com.st.stm32cube.ide.mcu.externaltools.gnu-tools-for-stm32.13.3.rel1.win32_1.0.0.202411081344/tools/bin/../lib/gcc/arm-none-eabi/13.3.1/../../../../arm-none-eabi/lib/thumb/v7e-m+fp/hard\libc_nano.a(libc_a-init.o)

.debug_line_str
                0x00000000       0x7a
 .debug_line_str
                0x00000000       0x7a ./Core/Startup/startup_stm32f446retx.o

.debug_loc      0x00000000     0x39cf
 .debug_loc     0x00000000      0x183 D:\APP5\Architecture_calcul_rapide_DSP\TP\stCube_workspace\TP_Calcul_Rapide\Drivers\CMSIS\Lib\GCC\libarm_cortexM4lf_math.a(arm_rfft_fast_init_f32.o)
 .debug_loc     0x00000183      0xe32 D:\APP5\Architecture_calcul_rapide_DSP\TP\stCube_workspace\TP_Calcul_Rapide\Drivers\CMSIS\Lib\GCC\libarm_cortexM4lf_math.a(arm_rfft_fast_f32.o)
 .debug_loc     0x00000fb5      0xf37 D:\APP5\Architecture_calcul_rapide_DSP\TP\stCube_workspace\TP_Calcul_Rapide\Drivers\CMSIS\Lib\GCC\libarm_cortexM4lf_math.a(arm_cfft_f32.o)
 .debug_loc     0x00001eec     0x102b D:\APP5\Architecture_calcul_rapide_DSP\TP\stCube_workspace\TP_Calcul_Rapide\Drivers\CMSIS\Lib\GCC\libarm_cortexM4lf_math.a(arm_correlate_f32.o)
 .debug_loc     0x00002f17       0xc8 D:\APP5\Architecture_calcul_rapide_DSP\TP\stCube_workspace\TP_Calcul_Rapide\Drivers\CMSIS\Lib\GCC\libarm_cortexM4lf_math.a(arm_sin_f32.o)
 .debug_loc     0x00002fdf       0xc8 D:\APP5\Architecture_calcul_rapide_DSP\TP\stCube_workspace\TP_Calcul_Rapide\Drivers\CMSIS\Lib\GCC\libarm_cortexM4lf_math.a(arm_cos_f32.o)
 .debug_loc     0x000030a7      0x928 D:\APP5\Architecture_calcul_rapide_DSP\TP\stCube_workspace\TP_Calcul_Rapide\Drivers\CMSIS\Lib\GCC\libarm_cortexM4lf_math.a(arm_cfft_radix8_f32.o)

.debug_ranges   0x00000000       0x90
 .debug_ranges  0x00000000       0x10 D:\APP5\Architecture_calcul_rapide_DSP\TP\stCube_workspace\TP_Calcul_Rapide\Drivers\CMSIS\Lib\GCC\libarm_cortexM4lf_math.a(arm_rfft_fast_init_f32.o)
 .debug_ranges  0x00000010       0x20 D:\APP5\Architecture_calcul_rapide_DSP\TP\stCube_workspace\TP_Calcul_Rapide\Drivers\CMSIS\Lib\GCC\libarm_cortexM4lf_math.a(arm_rfft_fast_f32.o)
 .debug_ranges  0x00000030       0x20 D:\APP5\Architecture_calcul_rapide_DSP\TP\stCube_workspace\TP_Calcul_Rapide\Drivers\CMSIS\Lib\GCC\libarm_cortexM4lf_math.a(arm_cfft_f32.o)
 .debug_ranges  0x00000050       0x10 D:\APP5\Architecture_calcul_rapide_DSP\TP\stCube_workspace\TP_Calcul_Rapide\Drivers\CMSIS\Lib\GCC\libarm_cortexM4lf_math.a(arm_correlate_f32.o)
 .debug_ranges  0x00000060       0x10 D:\APP5\Architecture_calcul_rapide_DSP\TP\stCube_workspace\TP_Calcul_Rapide\Drivers\CMSIS\Lib\GCC\libarm_cortexM4lf_math.a(arm_sin_f32.o)
 .debug_ranges  0x00000070       0x10 D:\APP5\Architecture_calcul_rapide_DSP\TP\stCube_workspace\TP_Calcul_Rapide\Drivers\CMSIS\Lib\GCC\libarm_cortexM4lf_math.a(arm_cos_f32.o)
 .debug_ranges  0x00000080       0x10 D:\APP5\Architecture_calcul_rapide_DSP\TP\stCube_workspace\TP_Calcul_Rapide\Drivers\CMSIS\Lib\GCC\libarm_cortexM4lf_math.a(arm_cfft_radix8_f32.o)
