Archive member included to satisfy reference by file (symbol)

D:\APP5\Architecture_calcul_rapide_DSP\TP\stCube_workspace\TP_Calcul_Rapide\Drivers\CMSIS\Lib\GCC\libarm_cortexM4lf_math.a(arm_rfft_fast_init_f32.o)
                              ./Core/Src/static_tuner.o (arm_rfft_fast_init_f32)
D:\APP5\Architecture_calcul_rapide_DSP\TP\stCube_workspace\TP_Calcul_Rapide\Drivers\CMSIS\Lib\GCC\libarm_cortexM4lf_math.a(arm_rfft_fast_f32.o)
                              ./Core/Src/static_tuner.o (arm_rfft_fast_f32)
D:\APP5\Architecture_calcul_rapide_DSP\TP\stCube_workspace\TP_Calcul_Rapide\Drivers\CMSIS\Lib\GCC\libarm_cortexM4lf_math.a(arm_cfft_f32.o)
                              D:\APP5\Architecture_calcul_rapide_DSP\TP\stCube_workspace\TP_Calcul_Rapide\Drivers\CMSIS\Lib\GCC\libarm_cortexM4lf_math.a(arm_rfft_fast_f32.o) (arm_cfft_f32)
D:\APP5\Architecture_calcul_rapide_DSP\TP\stCube_workspace\TP_Calcul_Rapide\Drivers\CMSIS\Lib\GCC\libarm_cortexM4lf_math.a(arm_correlate_f32.o)
                              ./Core/Src/static_tuner.o (arm_correlate_f32)
D:\APP5\Architecture_calcul_rapide_DSP\TP\stCube_workspace\TP_Calcul_Rapide\Drivers\CMSIS\Lib\GCC\libarm_cortexM4lf_math.a(arm_sin_f32.o)
                              ./Core/Src/static_tuner.o (arm_sin_f32)
D:\APP5\Architecture_calcul_rapide_DSP\TP\stCube_workspace\TP_Calcul_Rapide\Drivers\CMSIS\Lib\GCC\libarm_cortexM4lf_math.a(arm_cos_f32.o)
                              ./Core/Src/static_tuner.o (arm_cos_f32)
D:\APP5\Architecture_calcul_rapide_DSP\TP\stCube_workspace\TP_Calcul_Rapide\Drivers\CMSIS\Lib\GCC\libarm_cortexM4lf_math.a(arm_common_tables.o)
                              D:\APP5\Architecture_calcul_rapide_DSP\TP\stCube_workspace\TP_Calcul_Rapide\Drivers\CMSIS\Lib\GCC\libarm_cortexM4lf_math.a(arm_sin_f32.o) (sinTable_f32)
D:\APP5\Architecture_calcul_rapide_DSP\TP\stCube_workspace\TP_Calcul_Rapide\Drivers\CMSIS\Lib\GCC\libarm_cortexM4lf_math.a(arm_bitreversal2.o)
                              D:\APP5\Architecture_calcul_rapide_DSP\TP\stCube_workspace\TP_Calcul_Rapide\Drivers\CMSIS\Lib\GCC\libarm_cortexM4lf_math.a(arm_cfft_f32.o) (arm_bitreversal_32)
D:\APP5\Architecture_calcul_rapide_DSP\TP\stCube_workspace\TP_Calcul_Rapide\Drivers\CMSIS\Lib\GCC\libarm_cortexM4lf_math.a(arm_cfft_radix8_f32.o)
                              D:\APP5\Architecture_calcul_rapide_DSP\TP\stCube_workspace\TP_Calcul_Rapide\Drivers\CMSIS\Lib\GCC\libarm_cortexM4lf_math.a(arm_cfft_f32.o) (arm_radix8_butterfly_f32)
D:/STM32CubeIDE_1.18.1/STM32CubeIDE/plugins/com.st.stm32cube.ide.mcu.externaltools.gnu-tools-for-stm32.13.3.rel1.win32_1.0.0.202411081344/tools/bin/../lib/gcc/arm-none-eabi/13.3.1/thumb/v7e-m+fp/hard\libgcc.a(_arm_muldf3.o)
                              ./Core/Src/math_helper.o (__aeabi_dmul)
D:/STM32CubeIDE_1.18.1/STM32CubeIDE/plugins/com.st.stm32cube.ide.mcu.externaltools.gnu-tools-for-stm32.13.3.rel1.win32_1.0.0.202411081344/tools/bin/../lib/gcc/arm-none-eabi/13.3.1/thumb/v7e-m+fp/hard\libgcc.a(_arm_addsubdf3.o)
                              ./Core/Src/math_helper.o (__aeabi_dadd)
D:/STM32CubeIDE_1.18.1/STM32CubeIDE/plugins/com.st.stm32cube.ide.mcu.externaltools.gnu-tools-for-stm32.13.3.rel1.win32_1.0.0.202411081344/tools/bin/../lib/gcc/arm-none-eabi/13.3.1/thumb/v7e-m+fp/hard\libgcc.a(_arm_fixdfsi.o)
                              ./Core/Src/math_helper.o (__aeabi_d2iz)
D:/STM32CubeIDE_1.18.1/STM32CubeIDE/plugins/com.st.stm32cube.ide.mcu.externaltools.gnu-tools-for-stm32.13.3.rel1.win32_1.0.0.202411081344/tools/bin/../lib/gcc/arm-none-eabi/13.3.1/thumb/v7e-m+fp/hard\libgcc.a(_arm_truncdfsf2.o)
                              ./Core/Src/math_helper.o (__aeabi_d2f)
D:/STM32CubeIDE_1.18.1/STM32CubeIDE/plugins/com.st.stm32cube.ide.mcu.externaltools.gnu-tools-for-stm32.13.3.rel1.win32_1.0.0.202411081344/tools/bin/../lib/gcc/arm-none-eabi/13.3.1/thumb/v7e-m+fp/hard\libgcc.a(_arm_addsubsf3.o)
                              ./Core/Src/static_tuner.o (__aeabi_l2f)
D:/STM32CubeIDE_1.18.1/STM32CubeIDE/plugins/com.st.stm32cube.ide.mcu.externaltools.gnu-tools-for-stm32.13.3.rel1.win32_1.0.0.202411081344/tools/bin/../lib/gcc/arm-none-eabi/13.3.1/thumb/v7e-m+fp/hard\libgcc.a(_aeabi_uldivmod.o)
                              ./Drivers/STM32F4xx_HAL_Driver/Src/stm32f4xx_hal_rcc.o (__aeabi_uldivmod)
D:/STM32CubeIDE_1.18.1/STM32CubeIDE/plugins/com.st.stm32cube.ide.mcu.externaltools.gnu-tools-for-stm32.13.3.rel1.win32_1.0.0.202411081344/tools/bin/../lib/gcc/arm-none-eabi/13.3.1/thumb/v7e-m+fp/hard\libgcc.a(_udivmoddi4.o)
                              D:/STM32CubeIDE_1.18.1/STM32CubeIDE/plugins/com.st.stm32cube.ide.mcu.externaltools.gnu-tools-for-stm32.13.3.rel1.win32_1.0.0.202411081344/tools/bin/../lib/gcc/arm-none-eabi/13.3.1/thumb/v7e-m+fp/hard\libgcc.a(_aeabi_uldivmod.o) (__udivmoddi4)
[...]
Memory Configuration

Name             Origin             Length             Attributes
RAM              0x20000000         0x00020000         xrw
FLASH            0x08000000         0x00080000         xr
*default*        0x00000000         0xffffffff

Linker script and memory map

LOAD D:/STM32CubeIDE_1.18.1/STM32CubeIDE/plugins/com.st.stm32cube.ide.mcu.externaltools.gnu-tools-for-stm32.13.3.rel1.win32_1.0.0.202411081344/tools/bin/../lib/gcc/arm-none-eabi/13.3.1/thumb/v7e-m+fp/hard/crti.o
LOAD D:/STM32CubeIDE_1.18.1/STM32CubeIDE/plugins/com.st.stm32cube.ide.mcu.externaltools.gnu-tools-for-stm32.13.3.rel1.win32_1.0.0.202411081344/tools/bin/../lib/gcc/arm-none-eabi/13.3.1/thumb/v7e-m+fp/hard/crtbegin.o
LOAD D:/STM32CubeIDE_1.18.1/STM32CubeIDE/plugins/com.st.stm32cube.ide.mcu.externaltools.gnu-tools-for-stm32.13.3.rel1.win32_1.0.0.202411081344/tools/bin/../lib/gcc/arm-none-eabi/13.3.1/../../../../arm-none-eabi/lib/thumb/v7e-m+fp/hard/crt0.o
LOAD ./Core/Src/arm_fir_data.o
LOAD ./Core/Src/main.o
LOAD ./Core/Src/math_helper.o
LOAD ./Core/Src/microphone_dma.o
LOAD ./Core/Src/static_tuner.o
LOAD ./Core/Src/stm32f4xx_hal_msp.o
LOAD ./Core/Src/stm32f4xx_hal_timebase_tim.o
LOAD ./Core/Src/stm32f4xx_it.o
LOAD ./Core/Src/syscalls.o
LOAD ./Core/Src/sysmem.o
LOAD ./Core/Src/system_stm32f4xx.o
LOAD ./Core/Startup/startup_stm32f446retx.o
LOAD ./Drivers/STM32F4xx_HAL_Driver/Src/stm32f4xx_hal.o
LOAD ./Drivers/STM32F4xx_HAL_Driver/Src/stm32f4xx_hal_adc.o
LOAD ./Drivers/STM32F4xx_HAL_Driver/Src/stm32f4xx_hal_adc_ex.o
LOAD ./Drivers/STM32F4xx_HAL_Driver/Src/stm32f4xx_hal_cortex.o
LOAD ./Drivers/STM32F4xx_HAL_Driver/Src/stm32f4xx_hal_dac.o
LOAD ./Drivers/STM32F4xx_HAL_Driver/Src/stm32f4xx_hal_dac_ex.o
LOAD ./Drivers/STM32F4xx_HAL_Driver/Src/stm32f4xx_hal_dma.o
LOAD ./Drivers/STM32F4xx_HAL_Driver/Src/stm32f4xx_hal_dma_ex.o
LOAD ./Drivers/STM32F4xx_HAL_Driver/Src/stm32f4xx_hal_exti.o
LOAD ./Drivers/STM32F4xx_HAL_Driver/Src/stm32f4xx_hal_flash.o
LOAD ./Drivers/STM32F4xx_HAL_Driver/Src/stm32f4xx_hal_flash_ex.o
LOAD ./Drivers/STM32F4xx_HAL_Driver/Src/stm32f4xx_hal_flash_ramfunc.o
LOAD ./Drivers/STM32F4xx_HAL_Driver/Src/stm32f4xx_hal_gpio.o
LOAD ./Drivers/STM32F4xx_HAL_Driver/Src/stm32f4xx_hal_pwr.o
LOAD ./Drivers/STM32F4xx_HAL_Driver/Src/stm32f4xx_hal_pwr_ex.o
LOAD ./Drivers/STM32F4xx_HAL_Driver/Src/stm32f4xx_hal_rcc.o
LOAD ./Drivers/STM32F4xx_HAL_Driver/Src/stm32f4xx_hal_rcc_ex.o
LOAD ./Drivers/STM32F4xx_HAL_Driver/Src/stm32f4xx_hal_tim.o
LOAD ./Drivers/STM32F4xx_HAL_Driver/Src/stm32f4xx_hal_tim_ex.o
LOAD ./Drivers/STM32F4xx_HAL_Driver/Src/stm32f4xx_hal_uart.o
LOAD ./Drivers/STM32F4xx_HAL_Driver/Src/stm32f4xx_ll_adc.o
LOAD D:\APP5\Architecture_calcul_rapide_DSP\TP\stCube_workspace\TP_Calcul_Rapide\Drivers\CMSIS\Lib\GCC\libarm_cortexM4lf_math.a
START GROUP
LOAD D:/STM32CubeIDE_1.18.1/STM32CubeIDE/plugins/com.st.stm32cube.ide.mcu.externaltools.gnu-tools-for-stm32.13.3.rel1.win32_1.0.0.202411081344/tools/bin/../lib/gcc/arm-none-eabi/13.3.1/thumb/v7e-m+fp/hard\libgcc.a
LOAD D:/STM32CubeIDE_1.18.1/STM32CubeIDE/plugins/com.st.stm32cube.ide.mcu.externaltools.gnu-tools-for-stm32.13.3.rel1.win32_1.0.0.202411081344/tools/bin/../lib/gcc/arm-none-eabi/13.3.1/../../../../arm-none-eabi/lib/thumb/v7e-m+fp/hard\libc_nano.a
END GROUP
START GROUP
LOAD D:/STM32CubeIDE_1.18.1/STM32CubeIDE/plugins/com.st.stm32cube.ide.mcu.externaltools.gnu-tools-for-stm32.13.3.rel1.win32_1.0.0.202411081344/tools/bin/../lib/gcc/arm-none-eabi/13.3.1/thumb/v7e-m+fp/hard\libgcc.a
LOAD D:/STM32CubeIDE_1.18.1/STM32CubeIDE/plugins/com.st.stm32cube.ide.mcu.externaltools.gnu-tools-for-stm32.13.3.rel1.win32_1.0.0.202411081344/tools/bin/../lib/gcc/arm-none-eabi/13.3.1/../../../../arm-none-eabi/lib/thumb/v7e-m+fp/hard\libc_nano.a
LOAD D:/STM32CubeIDE_1.18.1/STM32CubeIDE/plugins/com.st.stm32cube.ide.mcu.externaltools.gnu-tools-for-stm32.13.3.rel1.win32_1.0.0.202411081344/tools/bin/../lib/gcc/arm-none-eabi/13.3.1/../../../../arm-none-eabi/lib/thumb/v7e-m+fp/hard\libnosys.a
END GROUP
START GROUP
LOAD D:/STM32CubeIDE_1.18.1/STM32CubeIDE/plugins/com.st.stm32cube.ide.mcu.externaltools.gnu-tools-for-stm32.13.3.rel1.win32_1.0.0.202411081344/tools/bin/../lib/gcc/arm-none-eabi/13.3.1/thumb/v7e-m+fp/hard\libgcc.a
LOAD D:/STM32CubeIDE_1.18.1/STM32CubeIDE/plugins/com.st.stm32cube.ide.mcu.externaltools.gnu-tools-for-stm32.13.3.rel1.win32_1.0.0.202411081344/tools/bin/../lib/gcc/arm-none-eabi/13.3.1/../../../../arm-none-eabi/lib/thumb/v7e-m+fp/hard\libc_nano.a
LOAD D:/STM32CubeIDE_1.18.1/STM32CubeIDE/plugins/com.st.stm32cube.ide.mcu.externaltools.gnu-tools-for-stm32.13.3.rel1.win32_1.0.0.202411081344/tools/bin/../lib/gcc/arm-none-eabi/13.3.1/../../../../arm-none-eabi/lib/thumb/v7e-m+fp/hard\libnosys.a
END GROUP
LOAD D:/STM32CubeIDE_1.18.1/STM32CubeIDE/plugins/com.st.stm32cube.ide.mcu.externaltools.gnu-tools-for-stm32.13.3.rel1.win32_1.0.0.202411081344/tools/bin/../lib/gcc/arm-none-eabi/13.3.1/thumb/v7e-m+fp/hard/crtend.o
LOAD D:/STM32CubeIDE_1.18.1/STM32CubeIDE/plugins/com.st.stm32cube.ide.mcu.externaltools.gnu-tools-for-stm32.13.3.rel1.win32_1.0.0.202411081344/tools/bin/../lib/gcc/arm-none-eabi/13.3.1/thumb/v7e-m+fp/hard/crtn.o
                0x20020000                        _estack = (ORIGIN (RAM) + LENGTH (RAM))
                0x00000200                        _Min_Heap_Size = 0x200
                0x00000400                        _Min_Stack_Size = 0x400

.isr_vector     0x08000000      0x1c4
                0x08000000                        . = ALIGN (0x4)
 *(.isr_vector)
 .isr_vector    0x08000000      0x1c4 ./Core/Startup/startup_stm32f446retx.o
                0x08000000                g_pfnVectors
                0x080001c4                        . = ALIGN (0x4)

.text           0x080001c4     0x58e4
                0x080001c4                        . = ALIGN (0x4)
 *(.text)
 .text          0x080001c4       0x40 D:/STM32CubeIDE_1.18.1/STM32CubeIDE/plugins/com.st.stm32cube.ide.mcu.externaltools.gnu-tools-for-stm32.13.3.rel1.win32_1.0.0.202411081344/tools/bin/../lib/gcc/arm-none-eabi/13.3.1/thumb/v7e-m+fp/hard/crtbegin.o
 .text          0x08000204       0xc4 D:\APP5\Architecture_calcul_rapide_DSP\TP\stCube_workspace\TP_Calcul_Rapide\Drivers\CMSIS\Lib\GCC\libarm_cortexM4lf_math.a(arm_bitreversal2.o)
                0x08000204                arm_bitreversal_32
                0x08000270                arm_bitreversal_16
 .text          0x080002c8      0x21c D:/STM32CubeIDE_1.18.1/STM32CubeIDE/plugins/com.st.stm32cube.ide.mcu.externaltools.gnu-tools-for-stm32.13.3.rel1.win32_1.0.0.202411081344/tools/bin/../lib/gcc/arm-none-eabi/13.3.1/thumb/v7e-m+fp/hard\libgcc.a(_arm_addsubsf3.o)
                0x080002c8                __aeabi_frsub
                0x080002d0                __subsf3
                0x080002d0                __aeabi_fsub
                0x080002d4                __aeabi_fadd
                0x080002d4                __addsf3
                0x08000434                __aeabi_ui2f
                0x08000434                __floatunsisf
                0x0800043c                __aeabi_i2f
                0x0800043c                __floatsisf
                0x08000458                __aeabi_ul2f
                0x08000458                __floatundisf
                0x08000468                __aeabi_l2f
                0x08000468                __floatdisf
 .text          0x080004e4       0x30 D:/STM32CubeIDE_1.18.1/STM32CubeIDE/plugins/com.st.stm32cube.ide.mcu.externaltools.gnu-tools-for-stm32.13.3.rel1.win32_1.0.0.202411081344/tools/bin/../lib/gcc/arm-none-eabi/13.3.1/thumb/v7e-m+fp/hard\libgcc.a(_aeabi_uldivmod.o)
                0x080004e4                __aeabi_uldivmod
 .text          0x08000514      0x2f8 D:/STM32CubeIDE_1.18.1/STM32CubeIDE/plugins/com.st.stm32cube.ide.mcu.externaltools.gnu-tools-for-stm32.13.3.rel1.win32_1.0.0.202411081344/tools/bin/../lib/gcc/arm-none-eabi/13.3.1/thumb/v7e-m+fp/hard\libgcc.a(_udivmoddi4.o)
                0x08000514                __udivmoddi4
 .text          0x0800080c        0x4 D:/STM32CubeIDE_1.18.1/STM32CubeIDE/plugins/com.st.stm32cube.ide.mcu.externaltools.gnu-tools-for-stm32.13.3.rel1.win32_1.0.0.202411081344/tools/bin/../lib/gcc/arm-none-eabi/13.3.1/thumb/v7e-m+fp/hard\libgcc.a(_dvmd_tls.o)
                0x0800080c                __aeabi_idiv0
                0x0800080c                __aeabi_ldiv0
 *(.text*)
 .text.main     0x08000810       0x44 ./Core/Src/main.o
                0x08000810                main
 .text.SystemClock_Config
                0x08000854       0xdc ./Core/Src/main.o
                0x08000854                SystemClock_Config
 .text.MX_USART2_UART_Init
                0x08000930       0x54 ./Core/Src/main.o
 .text.MX_GPIO_Init
                0x08000984       0xdc ./Core/Src/main.o
 .text.HAL_TIM_PeriodElapsedCallback
                0x08000a60       0x3c ./Core/Src/main.o
                0x08000a60                HAL_TIM_PeriodElapsedCallback
 .text.Error_Handler
                0x08000a9c        0xc ./Core/Src/main.o
                0x08000a9c                Error_Handler
 .text.StaticTuner_AbsF
                0x08000aa8       0x34 ./Core/Src/static_tuner.o
 .text.StaticTuner_RoundToI32
                0x08000adc       0x4a ./Core/Src/static_tuner.o
 *fill*         0x08000b26        0x2 
 .text.StaticTuner_CentsFactor
                0x08000b28       0x48 ./Core/Src/static_tuner.o
 .text.StaticTuner_GetStringIndex
                0x08000b70       0x24 ./Core/Src/static_tuner.o
 .text.StaticTuner_GetOffsetIndex
                0x08000b94       0x2c ./Core/Src/static_tuner.o
 .text.StaticTuner_IsValidTest
                0x08000bc0       0x20 ./Core/Src/static_tuner.o
 .text.StaticTuner_FftBinFromHz
                0x08000be0       0x38 ./Core/Src/static_tuner.o
 .text.StaticTuner_GetFftMagnitude
                0x08000c18       0x80 ./Core/Src/static_tuner.o
 .text.StaticTuner_GetLocalFftMagnitude
                0x08000c98       0x86 ./Core/Src/static_tuner.o
 *fill*         0x08000d1e        0x2 
 .text.StaticTuner_UpdateFftDiagnostics
                0x08000d20      0x330 ./Core/Src/static_tuner.o
 .text.StaticTuner_GetSignalAmplitude
                0x08001050       0x80 ./Core/Src/static_tuner.o
 .text.StaticTuner_GenerateTone
                0x080010d0      0x174 ./Core/Src/static_tuner.o
 .text.StaticTuner_LoadRealAudioInput
                0x08001244       0x74 ./Core/Src/static_tuner.o
 .text.StaticTuner_GetMean
                0x080012b8       0x7a ./Core/Src/static_tuner.o
 *fill*         0x08001332        0x2 
 .text.StaticTuner_FindNearestString
                0x08001334       0x7c ./Core/Src/static_tuner.o
 .text.StaticTuner_InterpolateTau
                0x080013b0       0xc4 ./Core/Src/static_tuner.o
 .text.StaticTuner_GetTuningState
                0x08001474       0x2c ./Core/Src/static_tuner.o
 .text.StaticTuner_FillPitchResult
                0x080014a0       0x98 ./Core/Src/static_tuner.o
 .text.StaticTuner_GetCorrScore
                0x08001538       0x8c ./Core/Src/static_tuner.o
 .text.StaticTuner_AnalyzeCorrelation
                0x080015c4      0x3a0 ./Core/Src/static_tuner.o
 .text.StaticTuner_Analyze
                0x08001964      0x298 ./Core/Src/static_tuner.o
 .text.StaticTuner_PublishResult
                0x08001bfc      0x160 ./Core/Src/static_tuner.o
 .text.StaticTuner_RunSelectedTest
                0x08001d5c      0x11c ./Core/Src/static_tuner.o
                0x08001d5c                StaticTuner_RunSelectedTest
 .text.StaticTuner_RunAllTests
                0x08001e78       0x54 ./Core/Src/static_tuner.o
                0x08001e78                StaticTuner_RunAllTests
 .text.StaticTuner_Init
                0x08001ecc       0xec ./Core/Src/static_tuner.o
                0x08001ecc                StaticTuner_Init
 .text.StaticTuner_Task
                0x08001fb8       0xa4 ./Core/Src/static_tuner.o
                0x08001fb8                StaticTuner_Task
 .text.HAL_MspInit
                0x0800205c       0x50 ./Core/Src/stm32f4xx_hal_msp.o
                0x0800205c                HAL_MspInit
 .text.HAL_TIM_Base_MspInit
                0x080020ac       0x78 ./Core/Src/stm32f4xx_hal_msp.o
                0x080020ac                HAL_TIM_Base_MspInit
 .text.HAL_UART_MspInit
                0x08002124       0x90 ./Core/Src/stm32f4xx_hal_msp.o
                0x08002124                HAL_UART_MspInit
 .text.HAL_InitTick
                0x080021b4       0xe4 ./Core/Src/stm32f4xx_hal_timebase_tim.o
                0x080021b4                HAL_InitTick
 .text.NMI_Handler
                0x08002298        0x8 ./Core/Src/stm32f4xx_it.o
                0x08002298                NMI_Handler
 .text.HardFault_Handler
                0x080022a0        0x8 ./Core/Src/stm32f4xx_it.o
                0x080022a0                HardFault_Handler
 .text.MemManage_Handler
                0x080022a8        0x8 ./Core/Src/stm32f4xx_it.o
                0x080022a8                MemManage_Handler
 .text.BusFault_Handler
                0x080022b0        0x8 ./Core/Src/stm32f4xx_it.o
                0x080022b0                BusFault_Handler
 .text.UsageFault_Handler
                0x080022b8        0x8 ./Core/Src/stm32f4xx_it.o
                0x080022b8                UsageFault_Handler
 .text.SVC_Handler
                0x080022c0        0xe ./Core/Src/stm32f4xx_it.o
                0x080022c0                SVC_Handler
 .text.DebugMon_Handler
                0x080022ce        0xe ./Core/Src/stm32f4xx_it.o
                0x080022ce                DebugMon_Handler
 .text.PendSV_Handler
                0x080022dc        0xe ./Core/Src/stm32f4xx_it.o
                0x080022dc                PendSV_Handler
 .text.SysTick_Handler
                0x080022ea        0xe ./Core/Src/stm32f4xx_it.o
                0x080022ea                SysTick_Handler
 .text.DMA1_Stream5_IRQHandler
                0x080022f8       0x14 ./Core/Src/stm32f4xx_it.o
                0x080022f8                DMA1_Stream5_IRQHandler
 .text.TIM1_UP_TIM10_IRQHandler
                0x0800230c       0x14 ./Core/Src/stm32f4xx_it.o
                0x0800230c                TIM1_UP_TIM10_IRQHandler
 .text.TIM7_IRQHandler
                0x08002320       0x14 ./Core/Src/stm32f4xx_it.o
                0x08002320                TIM7_IRQHandler
 .text.DMA2_Stream0_IRQHandler
                0x08002334       0x14 ./Core/Src/stm32f4xx_it.o
                0x08002334                DMA2_Stream0_IRQHandler
 .text.SystemInit
                0x08002348       0x24 ./Core/Src/system_stm32f4xx.o
                0x08002348                SystemInit
 .text.Reset_Handler
                0x0800236c       0x50 ./Core/Startup/startup_stm32f446retx.o
                0x0800236c                Reset_Handler
 .text.Default_Handler
                0x080023bc        0x2 ./Core/Startup/startup_stm32f446retx.o
                0x080023bc                RTC_Alarm_IRQHandler
                0x080023bc                EXTI2_IRQHandler
                0x080023bc                TIM8_CC_IRQHandler
                0x080023bc                FMPI2C1_EV_IRQHandler
                0x080023bc                SPI4_IRQHandler
                0x080023bc                TIM1_CC_IRQHandler
                0x080023bc                DMA2_Stream5_IRQHandler
                0x080023bc                PVD_IRQHandler
                0x080023bc                SDIO_IRQHandler
                0x080023bc                TAMP_STAMP_IRQHandler
                0x080023bc                CAN2_RX1_IRQHandler
                0x080023bc                EXTI3_IRQHandler
                0x080023bc                TIM8_TRG_COM_TIM14_IRQHandler
                0x080023bc                TIM8_UP_TIM13_IRQHandler
                0x080023bc                I2C3_ER_IRQHandler
                0x080023bc                EXTI0_IRQHandler
                0x080023bc                I2C2_EV_IRQHandler
                0x080023bc                DMA1_Stream2_IRQHandler
                0x080023bc                CAN1_RX0_IRQHandler
                0x080023bc                FPU_IRQHandler
                0x080023bc                OTG_HS_WKUP_IRQHandler
                0x080023bc                CAN2_SCE_IRQHandler
                0x080023bc                DMA2_Stream2_IRQHandler
                0x080023bc                SPI1_IRQHandler
                0x080023bc                TIM6_DAC_IRQHandler
                0x080023bc                TIM1_BRK_TIM9_IRQHandler
                0x080023bc                DCMI_IRQHandler
                0x080023bc                CAN2_RX0_IRQHandler
                0x080023bc                DMA2_Stream3_IRQHandler
                0x080023bc                SAI2_IRQHandler
                0x080023bc                USART6_IRQHandler
                0x080023bc                USART3_IRQHandler
                0x080023bc                CAN1_RX1_IRQHandler
                0x080023bc                UART5_IRQHandler
                0x080023bc                TIM4_IRQHandler
                0x080023bc                QUADSPI_IRQHandler
                0x080023bc                I2C1_EV_IRQHandler
                0x080023bc                DMA1_Stream6_IRQHandler
                0x080023bc                DMA1_Stream1_IRQHandler
                0x080023bc                UART4_IRQHandler
                0x080023bc                TIM3_IRQHandler
                0x080023bc                RCC_IRQHandler
                0x080023bc                TIM8_BRK_TIM12_IRQHandler
                0x080023bc                Default_Handler
                0x080023bc                CEC_IRQHandler
                0x080023bc                EXTI15_10_IRQHandler
                0x080023bc                ADC_IRQHandler
                0x080023bc                DMA1_Stream7_IRQHandler
                0x080023bc                CAN2_TX_IRQHandler
                0x080023bc                TIM5_IRQHandler
                0x080023bc                DMA2_Stream7_IRQHandler
                0x080023bc                I2C3_EV_IRQHandler
                0x080023bc                EXTI9_5_IRQHandler
                0x080023bc                RTC_WKUP_IRQHandler
                0x080023bc                SPDIF_RX_IRQHandler
                0x080023bc                SPI2_IRQHandler
                0x080023bc                OTG_HS_EP1_IN_IRQHandler
                0x080023bc                DMA1_Stream0_IRQHandler
                0x080023bc                CAN1_TX_IRQHandler
                0x080023bc                FMPI2C1_ER_IRQHandler
                0x080023bc                EXTI4_IRQHandler
                0x080023bc                OTG_HS_EP1_OUT_IRQHandler
                0x080023bc                WWDG_IRQHandler
                0x080023bc                TIM2_IRQHandler
                0x080023bc                OTG_FS_WKUP_IRQHandler
                0x080023bc                TIM1_TRG_COM_TIM11_IRQHandler
                0x080023bc                OTG_HS_IRQHandler
                0x080023bc                EXTI1_IRQHandler
                0x080023bc                USART2_IRQHandler
                0x080023bc                I2C2_ER_IRQHandler
                0x080023bc                DMA2_Stream1_IRQHandler
                0x080023bc                CAN1_SCE_IRQHandler
                0x080023bc                FLASH_IRQHandler
                0x080023bc                DMA2_Stream4_IRQHandler
                0x080023bc                USART1_IRQHandler
                0x080023bc                OTG_FS_IRQHandler
                0x080023bc                SPI3_IRQHandler
                0x080023bc                DMA1_Stream4_IRQHandler
                0x080023bc                I2C1_ER_IRQHandler
                0x080023bc                FMC_IRQHandler
                0x080023bc                DMA2_Stream6_IRQHandler
                0x080023bc                SAI1_IRQHandler
                0x080023bc                DMA1_Stream3_IRQHandler
 *fill*         0x080023be        0x2 
 .text.HAL_Init
                0x080023c0       0x44 ./Drivers/STM32F4xx_HAL_Driver/Src/stm32f4xx_hal.o
                0x080023c0                HAL_Init
 .text.HAL_IncTick
                0x08002404       0x28 ./Drivers/STM32F4xx_HAL_Driver/Src/stm32f4xx_hal.o
                0x08002404                HAL_IncTick
 .text.HAL_GetTick
                0x0800242c       0x18 ./Drivers/STM32F4xx_HAL_Driver/Src/stm32f4xx_hal.o
                0x0800242c                HAL_GetTick
 .text.NVIC_SetPriorityGrouping
                0x08002444       0x48 ./Drivers/STM32F4xx_HAL_Driver/Src/stm32f4xx_hal_cortex.o
 .text.NVIC_GetPriorityGrouping
                0x0800248c       0x1c ./Drivers/STM32F4xx_HAL_Driver/Src/stm32f4xx_hal_cortex.o
 .text.NVIC_EnableIRQ
                0x080024a8       0x34 ./Drivers/STM32F4xx_HAL_Driver/Src/stm32f4xx_hal_cortex.o
 .text.NVIC_SetPriority
                0x080024dc       0x54 ./Drivers/STM32F4xx_HAL_Driver/Src/stm32f4xx_hal_cortex.o
 .text.NVIC_EncodePriority
                0x08002530       0x66 ./Drivers/STM32F4xx_HAL_Driver/Src/stm32f4xx_hal_cortex.o
 .text.HAL_NVIC_SetPriorityGrouping
                0x08002596       0x16 ./Drivers/STM32F4xx_HAL_Driver/Src/stm32f4xx_hal_cortex.o
                0x08002596                HAL_NVIC_SetPriorityGrouping
 .text.HAL_NVIC_SetPriority
                0x080025ac       0x38 ./Drivers/STM32F4xx_HAL_Driver/Src/stm32f4xx_hal_cortex.o
                0x080025ac                HAL_NVIC_SetPriority
 .text.HAL_NVIC_EnableIRQ
                0x080025e4       0x1c ./Drivers/STM32F4xx_HAL_Driver/Src/stm32f4xx_hal_cortex.o
                0x080025e4                HAL_NVIC_EnableIRQ
 .text.HAL_DMA_IRQHandler
                0x08002600      0x314 ./Drivers/STM32F4xx_HAL_Driver/Src/stm32f4xx_hal_dma.o
                0x08002600                HAL_DMA_IRQHandler
 .text.HAL_GPIO_Init
                0x08002914      0x328 ./Drivers/STM32F4xx_HAL_Driver/Src/stm32f4xx_hal_gpio.o
                0x08002914                HAL_GPIO_Init
 .text.HAL_GPIO_WritePin
                0x08002c3c       0x32 ./Drivers/STM32F4xx_HAL_Driver/Src/stm32f4xx_hal_gpio.o
                0x08002c3c                HAL_GPIO_WritePin
 .text.HAL_GPIO_TogglePin
                0x08002c6e       0x34 ./Drivers/STM32F4xx_HAL_Driver/Src/stm32f4xx_hal_gpio.o
                0x08002c6e                HAL_GPIO_TogglePin
 *fill*         0x08002ca2        0x2 
 .text.HAL_RCC_ClockConfig
                0x08002ca4      0x1cc ./Drivers/STM32F4xx_HAL_Driver/Src/stm32f4xx_hal_rcc.o
                0x08002ca4                HAL_RCC_ClockConfig
 .text.HAL_RCC_GetHCLKFreq
                0x08002e70       0x18 ./Drivers/STM32F4xx_HAL_Driver/Src/stm32f4xx_hal_rcc.o
                0x08002e70                HAL_RCC_GetHCLKFreq
 .text.HAL_RCC_GetPCLK1Freq
                0x08002e88       0x28 ./Drivers/STM32F4xx_HAL_Driver/Src/stm32f4xx_hal_rcc.o
                0x08002e88                HAL_RCC_GetPCLK1Freq
 .text.HAL_RCC_GetPCLK2Freq
                0x08002eb0       0x28 ./Drivers/STM32F4xx_HAL_Driver/Src/stm32f4xx_hal_rcc.o
                0x08002eb0                HAL_RCC_GetPCLK2Freq
 .text.HAL_RCC_GetClockConfig
                0x08002ed8       0x64 ./Drivers/STM32F4xx_HAL_Driver/Src/stm32f4xx_hal_rcc.o
                0x08002ed8                HAL_RCC_GetClockConfig
 .text.HAL_RCC_GetSysClockFreq
                0x08002f3c      0x460 ./Drivers/STM32F4xx_HAL_Driver/Src/stm32f4xx_hal_rcc_ex.o
                0x08002f3c                HAL_RCC_GetSysClockFreq
 .text.HAL_RCC_OscConfig
                0x0800339c      0x53c ./Drivers/STM32F4xx_HAL_Driver/Src/stm32f4xx_hal_rcc_ex.o
                0x0800339c                HAL_RCC_OscConfig
 .text.HAL_TIM_Base_Init
                0x080038d8       0x9e ./Drivers/STM32F4xx_HAL_Driver/Src/stm32f4xx_hal_tim.o
                0x080038d8                HAL_TIM_Base_Init
 *fill*         0x08003976        0x2 
 .text.HAL_TIM_Base_Start_IT
                0x08003978       0xe0 ./Drivers/STM32F4xx_HAL_Driver/Src/stm32f4xx_hal_tim.o
                0x08003978                HAL_TIM_Base_Start_IT
 .text.HAL_TIM_IRQHandler
                0x08003a58      0x1e0 ./Drivers/STM32F4xx_HAL_Driver/Src/stm32f4xx_hal_tim.o
                0x08003a58                HAL_TIM_IRQHandler
 .text.HAL_TIM_OC_DelayElapsedCallback
                0x08003c38       0x14 ./Drivers/STM32F4xx_HAL_Driver/Src/stm32f4xx_hal_tim.o
                0x08003c38                HAL_TIM_OC_DelayElapsedCallback
 .text.HAL_TIM_IC_CaptureCallback
                0x08003c4c       0x14 ./Drivers/STM32F4xx_HAL_Driver/Src/stm32f4xx_hal_tim.o
                0x08003c4c                HAL_TIM_IC_CaptureCallback
 .text.HAL_TIM_PWM_PulseFinishedCallback
                0x08003c60       0x14 ./Drivers/STM32F4xx_HAL_Driver/Src/stm32f4xx_hal_tim.o
                0x08003c60                HAL_TIM_PWM_PulseFinishedCallback
 .text.HAL_TIM_TriggerCallback
                0x08003c74       0x14 ./Drivers/STM32F4xx_HAL_Driver/Src/stm32f4xx_hal_tim.o
                0x08003c74                HAL_TIM_TriggerCallback
 .text.TIM_Base_SetConfig
                0x08003c88      0x14c ./Drivers/STM32F4xx_HAL_Driver/Src/stm32f4xx_hal_tim.o
                0x08003c88                TIM_Base_SetConfig
 .text.HAL_TIMEx_CommutCallback
                0x08003dd4       0x14 ./Drivers/STM32F4xx_HAL_Driver/Src/stm32f4xx_hal_tim_ex.o
                0x08003dd4                HAL_TIMEx_CommutCallback
 .text.HAL_TIMEx_BreakCallback
                0x08003de8       0x14 ./Drivers/STM32F4xx_HAL_Driver/Src/stm32f4xx_hal_tim_ex.o
                0x08003de8                HAL_TIMEx_BreakCallback
 .text.HAL_UART_Init
                0x08003dfc       0xa0 ./Drivers/STM32F4xx_HAL_Driver/Src/stm32f4xx_hal_uart.o
                0x08003dfc                HAL_UART_Init
 .text.UART_SetConfig
                0x08003e9c      0x4e8 ./Drivers/STM32F4xx_HAL_Driver/Src/stm32f4xx_hal_uart.o
 .text.arm_rfft_fast_init_f32
                0x08004384      0x108 D:\APP5\Architecture_calcul_rapide_DSP\TP\stCube_workspace\TP_Calcul_Rapide\Drivers\CMSIS\Lib\GCC\libarm_cortexM4lf_math.a(arm_rfft_fast_init_f32.o)
                0x08004384                arm_rfft_fast_init_f32
 .text.arm_rfft_fast_f32
                0x0800448c      0x18c D:\APP5\Architecture_calcul_rapide_DSP\TP\stCube_workspace\TP_Calcul_Rapide\Drivers\CMSIS\Lib\GCC\libarm_cortexM4lf_math.a(arm_rfft_fast_f32.o)
                0x0800448c                arm_rfft_fast_f32
 .text.arm_cfft_radix8by2_f32
                0x08004618      0x1c4 D:\APP5\Architecture_calcul_rapide_DSP\TP\stCube_workspace\TP_Calcul_Rapide\Drivers\CMSIS\Lib\GCC\libarm_cortexM4lf_math.a(arm_cfft_f32.o)
                0x08004618                arm_cfft_radix8by2_f32
 .text.arm_cfft_radix8by4_f32
                0x080047dc      0x4e8 D:\APP5\Architecture_calcul_rapide_DSP\TP\stCube_workspace\TP_Calcul_Rapide\Drivers\CMSIS\Lib\GCC\libarm_cortexM4lf_math.a(arm_cfft_f32.o)
                0x080047dc                arm_cfft_radix8by4_f32
 .text.arm_cfft_f32
                0x08004cc4      0x100 D:\APP5\Architecture_calcul_rapide_DSP\TP\stCube_workspace\TP_Calcul_Rapide\Drivers\CMSIS\Lib\GCC\libarm_cortexM4lf_math.a(arm_cfft_f32.o)
                0x08004cc4                arm_cfft_f32
 .text.arm_correlate_f32
                0x08004dc4      0x538 D:\APP5\Architecture_calcul_rapide_DSP\TP\stCube_workspace\TP_Calcul_Rapide\Drivers\CMSIS\Lib\GCC\libarm_cortexM4lf_math.a(arm_correlate_f32.o)
                0x08004dc4                arm_correlate_f32
 .text.arm_sin_f32
                0x080052fc       0x78 D:\APP5\Architecture_calcul_rapide_DSP\TP\stCube_workspace\TP_Calcul_Rapide\Drivers\CMSIS\Lib\GCC\libarm_cortexM4lf_math.a(arm_sin_f32.o)
                0x080052fc                arm_sin_f32
 .text.arm_cos_f32
                0x08005374       0x80 D:\APP5\Architecture_calcul_rapide_DSP\TP\stCube_workspace\TP_Calcul_Rapide\Drivers\CMSIS\Lib\GCC\libarm_cortexM4lf_math.a(arm_cos_f32.o)
                0x08005374                arm_cos_f32
 .text.arm_radix8_butterfly_f32
                0x080053f4      0x5f4 D:\APP5\Architecture_calcul_rapide_DSP\TP\stCube_workspace\TP_Calcul_Rapide\Drivers\CMSIS\Lib\GCC\libarm_cortexM4lf_math.a(arm_cfft_radix8_f32.o)
                0x080053f4                arm_radix8_butterfly_f32
 .text.memset   0x080059e8       0x10 D:/STM32CubeIDE_1.18.1/STM32CubeIDE/plugins/com.st.stm32cube.ide.mcu.externaltools.gnu-tools-for-stm32.13.3.rel1.win32_1.0.0.202411081344/tools/bin/../lib/gcc/arm-none-eabi/13.3.1/../../../../arm-none-eabi/lib/thumb/v7e-m+fp/hard\libc_nano.a(libc_a-memset.o)
                0x080059e8                memset
 .text.__errno  0x080059f8        0xc D:/STM32CubeIDE_1.18.1/STM32CubeIDE/plugins/com.st.stm32cube.ide.mcu.externaltools.gnu-tools-for-stm32.13.3.rel1.win32_1.0.0.202411081344/tools/bin/../lib/gcc/arm-none-eabi/13.3.1/../../../../arm-none-eabi/lib/thumb/v7e-m+fp/hard\libc_nano.a(libc_a-errno.o)
                0x080059f8                __errno
 .text.__libc_init_array
                0x08005a04       0x48 D:/STM32CubeIDE_1.18.1/STM32CubeIDE/plugins/com.st.stm32cube.ide.mcu.externaltools.gnu-tools-for-stm32.13.3.rel1.win32_1.0.0.202411081344/tools/bin/../lib/gcc/arm-none-eabi/13.3.1/../../../../arm-none-eabi/lib/thumb/v7e-m+fp/hard\libc_nano.a(libc_a-init.o)
                0x08005a04                __libc_init_array
 .text.sqrtf    0x08005a4c       0x3c D:/STM32CubeIDE_1.18.1/STM32CubeIDE/plugins/com.st.stm32cube.ide.mcu.externaltools.gnu-tools-for-stm32.13.3.rel1.win32_1.0.0.202411081344/tools/bin/../lib/gcc/arm-none-eabi/13.3.1/../../../../arm-none-eabi/lib/thumb/v7e-m+fp/hard\libm.a(libm_a-wf_sqrt.o)
                0x08005a4c                sqrtf
 .text.__ieee754_sqrtf
                0x08005a88        0x6 D:/STM32CubeIDE_1.18.1/STM32CubeIDE/plugins/com.st.stm32cube.ide.mcu.externaltools.gnu-tools-for-stm32.13.3.rel1.win32_1.0.0.202411081344/tools/bin/../lib/gcc/arm-none-eabi/13.3.1/../../../../arm-none-eabi/lib/thumb/v7e-m+fp/hard\libm.a(libm_a-ef_sqrt.o)
                0x08005a88                __ieee754_sqrtf
 *(.glue_7)
 .glue_7        0x08005a8e        0x0 linker stubs
 *(.glue_7t)
 .glue_7t       0x08005a8e        0x0 linker stubs
 *(.eh_frame)
 *fill*         0x08005a8e        0x2 
 .eh_frame      0x08005a90        0x0 D:/STM32CubeIDE_1.18.1/STM32CubeIDE/plugins/com.st.stm32cube.ide.mcu.externaltools.gnu-tools-for-stm32.13.3.rel1.win32_1.0.0.202411081344/tools/bin/../lib/gcc/arm-none-eabi/13.3.1/thumb/v7e-m+fp/hard/crtbegin.o
 *(.init)
 .init          0x08005a90        0x4 D:/STM32CubeIDE_1.18.1/STM32CubeIDE/plugins/com.st.stm32cube.ide.mcu.externaltools.gnu-tools-for-stm32.13.3.rel1.win32_1.0.0.202411081344/tools/bin/../lib/gcc/arm-none-eabi/13.3.1/thumb/v7e-m+fp/hard/crti.o
                0x08005a90                _init
 .init          0x08005a94        0x8 D:/STM32CubeIDE_1.18.1/STM32CubeIDE/plugins/com.st.stm32cube.ide.mcu.externaltools.gnu-tools-for-stm32.13.3.rel1.win32_1.0.0.202411081344/tools/bin/../lib/gcc/arm-none-eabi/13.3.1/thumb/v7e-m+fp/hard/crtn.o
 *(.fini)
 .fini          0x08005a9c        0x4 D:/STM32CubeIDE_1.18.1/STM32CubeIDE/plugins/com.st.stm32cube.ide.mcu.externaltools.gnu-tools-for-stm32.13.3.rel1.win32_1.0.0.202411081344/tools/bin/../lib/gcc/arm-none-eabi/13.3.1/thumb/v7e-m+fp/hard/crti.o
                0x08005a9c                _fini
 .fini          0x08005aa0        0x8 D:/STM32CubeIDE_1.18.1/STM32CubeIDE/plugins/com.st.stm32cube.ide.mcu.externaltools.gnu-tools-for-stm32.13.3.rel1.win32_1.0.0.202411081344/tools/bin/../lib/gcc/arm-none-eabi/13.3.1/thumb/v7e-m+fp/hard/crtn.o
                0x08005aa8                        . = ALIGN (0x4)
                0x08005aa8                        _etext = .

.vfp11_veneer   0x08005aa8        0x0
 .vfp11_veneer  0x08005aa8        0x0 linker stubs

.v4_bx          0x08005aa8        0x0
 .v4_bx         0x08005aa8        0x0 linker stubs

.iplt           0x08005aa8        0x0
 .iplt          0x08005aa8        0x0 D:/STM32CubeIDE_1.18.1/STM32CubeIDE/plugins/com.st.stm32cube.ide.mcu.externaltools.gnu-tools-for-stm32.13.3.rel1.win32_1.0.0.202411081344/tools/bin/../lib/gcc/arm-none-eabi/13.3.1/thumb/v7e-m+fp/hard/crtbegin.o

.rodata         0x08005aa8    0x15d4c
                0x08005aa8                        . = ALIGN (0x4)
 *(.rodata)
 *(.rodata*)
 .rodata.staticTunerRealSample
                0x08005aa8     0x2000 ./Core/Src/static_tuner.o
 .rodata.tunerRealAudioSourceFile
                0x08007aa8        0x7 ./Core/Src/static_tuner.o
                0x08007aa8                tunerRealAudioSourceFile
 *fill*         0x08007aaf        0x1 
 .rodata.tunerRealAudioSourceUrl
                0x08007ab0       0x40 ./Core/Src/static_tuner.o
                0x08007ab0                tunerRealAudioSourceUrl
 .rodata.tunerRealAudioSourceSha256
                0x08007af0       0x41 ./Core/Src/static_tuner.o
                0x08007af0                tunerRealAudioSourceSha256
 *fill*         0x08007b31        0x3 
 .rodata.tunerRealAudioLicense
                0x08007b34       0x23 ./Core/Src/static_tuner.o
                0x08007b34                tunerRealAudioLicense
 *fill*         0x08007b57        0x1 
 .rodata.tunerStrings
                0x08007b58       0x18 ./Core/Src/static_tuner.o
 .rodata.tunerTestOffsetsX10
                0x08007b70        0xc ./Core/Src/static_tuner.o
 .rodata.tunerExpectedStates
                0x08007b7c        0x3 ./Core/Src/static_tuner.o
 *fill*         0x08007b7f        0x1 
 .rodata.AHBPrescTable
                0x08007b80       0x10 ./Core/Src/system_stm32f4xx.o
                0x08007b80                AHBPrescTable
 .rodata.APBPrescTable
                0x08007b90        0x8 ./Core/Src/system_stm32f4xx.o
                0x08007b90                APBPrescTable
 .rodata.twiddleCoef_2048
                0x08007b98     0x4000 D:\APP5\Architecture_calcul_rapide_DSP\TP\stCube_workspace\TP_Calcul_Rapide\Drivers\CMSIS\Lib\GCC\libarm_cortexM4lf_math.a(arm_common_tables.o)
                0x08007b98                twiddleCoef_2048
 .rodata.twiddleCoef_rfft_64
                0x0800bb98      0x100 D:\APP5\Architecture_calcul_rapide_DSP\TP\stCube_workspace\TP_Calcul_Rapide\Drivers\CMSIS\Lib\GCC\libarm_cortexM4lf_math.a(arm_common_tables.o)
                0x0800bb98                twiddleCoef_rfft_64
 .rodata.armBitRevIndexTable64
                0x0800bc98       0x70 D:\APP5\Architecture_calcul_rapide_DSP\TP\stCube_workspace\TP_Calcul_Rapide\Drivers\CMSIS\Lib\GCC\libarm_cortexM4lf_math.a(arm_common_tables.o)
                0x0800bc98                armBitRevIndexTable64
 .rodata.twiddleCoef_rfft_2048
                0x0800bd08     0x2000 D:\APP5\Architecture_calcul_rapide_DSP\TP\stCube_workspace\TP_Calcul_Rapide\Drivers\CMSIS\Lib\GCC\libarm_cortexM4lf_math.a(arm_common_tables.o)
                0x0800bd08                twiddleCoef_rfft_2048
 .rodata.twiddleCoef_rfft_4096
                0x0800dd08     0x4000 D:\APP5\Architecture_calcul_rapide_DSP\TP\stCube_workspace\TP_Calcul_Rapide\Drivers\CMSIS\Lib\GCC\libarm_cortexM4lf_math.a(arm_common_tables.o)
                0x0800dd08                twiddleCoef_rfft_4096
 .rodata.twiddleCoef_256
                0x08011d08      0x800 D:\APP5\Architecture_calcul_rapide_DSP\TP\stCube_workspace\TP_Calcul_Rapide\Drivers\CMSIS\Lib\GCC\libarm_cortexM4lf_math.a(arm_common_tables.o)
                0x08011d08                twiddleCoef_256
 .rodata.twiddleCoef_16
                0x08012508       0x80 D:\APP5\Architecture_calcul_rapide_DSP\TP\stCube_workspace\TP_Calcul_Rapide\Drivers\CMSIS\Lib\GCC\libarm_cortexM4lf_math.a(arm_common_tables.o)
                0x08012508                twiddleCoef_16
 .rodata.twiddleCoef_1024
                0x08012588     0x2000 D:\APP5\Architecture_calcul_rapide_DSP\TP\stCube_workspace\TP_Calcul_Rapide\Drivers\CMSIS\Lib\GCC\libarm_cortexM4lf_math.a(arm_common_tables.o)
                0x08012588                twiddleCoef_1024
 .rodata.twiddleCoef_32
                0x08014588      0x100 D:\APP5\Architecture_calcul_rapide_DSP\TP\stCube_workspace\TP_Calcul_Rapide\Drivers\CMSIS\Lib\GCC\libarm_cortexM4lf_math.a(arm_common_tables.o)
                0x08014588                twiddleCoef_32
 .rodata.armBitRevIndexTable1024
                0x08014688      0xe10 D:\APP5\Architecture_calcul_rapide_DSP\TP\stCube_workspace\TP_Calcul_Rapide\Drivers\CMSIS\Lib\GCC\libarm_cortexM4lf_math.a(arm_common_tables.o)
                0x08014688                armBitRevIndexTable1024
 .rodata.armBitRevIndexTable16
                0x08015498       0x28 D:\APP5\Architecture_calcul_rapide_DSP\TP\stCube_workspace\TP_Calcul_Rapide\Drivers\CMSIS\Lib\GCC\libarm_cortexM4lf_math.a(arm_common_tables.o)
                0x08015498                armBitRevIndexTable16
 .rodata.twiddleCoef_rfft_32
                0x080154c0       0x80 D:\APP5\Architecture_calcul_rapide_DSP\TP\stCube_workspace\TP_Calcul_Rapide\Drivers\CMSIS\Lib\GCC\libarm_cortexM4lf_math.a(arm_common_tables.o)
                0x080154c0                twiddleCoef_rfft_32
 .rodata.armBitRevIndexTable32
                0x08015540       0x60 D:\APP5\Architecture_calcul_rapide_DSP\TP\stCube_workspace\TP_Calcul_Rapide\Drivers\CMSIS\Lib\GCC\libarm_cortexM4lf_math.a(arm_common_tables.o)
                0x08015540                armBitRevIndexTable32
 .rodata.sinTable_f32
                0x080155a0      0x804 D:\APP5\Architecture_calcul_rapide_DSP\TP\stCube_workspace\TP_Calcul_Rapide\Drivers\CMSIS\Lib\GCC\libarm_cortexM4lf_math.a(arm_common_tables.o)
                0x080155a0                sinTable_f32
 .rodata.twiddleCoef_128
                0x08015da4      0x400 D:\APP5\Architecture_calcul_rapide_DSP\TP\stCube_workspace\TP_Calcul_Rapide\Drivers\CMSIS\Lib\GCC\libarm_cortexM4lf_math.a(arm_common_tables.o)
                0x08015da4                twiddleCoef_128
 .rodata.twiddleCoef_512
                0x080161a4     0x1000 D:\APP5\Architecture_calcul_rapide_DSP\TP\stCube_workspace\TP_Calcul_Rapide\Drivers\CMSIS\Lib\GCC\libarm_cortexM4lf_math.a(arm_common_tables.o)
                0x080161a4                twiddleCoef_512
 .rodata.armBitRevIndexTable2048
                0x080171a4     0x1dc0 D:\APP5\Architecture_calcul_rapide_DSP\TP\stCube_workspace\TP_Calcul_Rapide\Drivers\CMSIS\Lib\GCC\libarm_cortexM4lf_math.a(arm_common_tables.o)
                0x080171a4                armBitRevIndexTable2048
 .rodata.twiddleCoef_64
                0x08018f64      0x200 D:\APP5\Architecture_calcul_rapide_DSP\TP\stCube_workspace\TP_Calcul_Rapide\Drivers\CMSIS\Lib\GCC\libarm_cortexM4lf_math.a(arm_common_tables.o)
                0x08018f64                twiddleCoef_64
 .rodata.twiddleCoef_rfft_512
                0x08019164      0x800 D:\APP5\Architecture_calcul_rapide_DSP\TP\stCube_workspace\TP_Calcul_Rapide\Drivers\CMSIS\Lib\GCC\libarm_cortexM4lf_math.a(arm_common_tables.o)
                0x08019164                twiddleCoef_rfft_512
 .rodata.armBitRevIndexTable512
                0x08019964      0x380 D:\APP5\Architecture_calcul_rapide_DSP\TP\stCube_workspace\TP_Calcul_Rapide\Drivers\CMSIS\Lib\GCC\libarm_cortexM4lf_math.a(arm_common_tables.o)
                0x08019964                armBitRevIndexTable512
 .rodata.twiddleCoef_rfft_1024
                0x08019ce4     0x1000 D:\APP5\Architecture_calcul_rapide_DSP\TP\stCube_workspace\TP_Calcul_Rapide\Drivers\CMSIS\Lib\GCC\libarm_cortexM4lf_math.a(arm_common_tables.o)
                0x08019ce4                twiddleCoef_rfft_1024
 .rodata.twiddleCoef_rfft_256
                0x0801ace4      0x400 D:\APP5\Architecture_calcul_rapide_DSP\TP\stCube_workspace\TP_Calcul_Rapide\Drivers\CMSIS\Lib\GCC\libarm_cortexM4lf_math.a(arm_common_tables.o)
                0x0801ace4                twiddleCoef_rfft_256
 .rodata.armBitRevIndexTable256
                0x0801b0e4      0x370 D:\APP5\Architecture_calcul_rapide_DSP\TP\stCube_workspace\TP_Calcul_Rapide\Drivers\CMSIS\Lib\GCC\libarm_cortexM4lf_math.a(arm_common_tables.o)
                0x0801b0e4                armBitRevIndexTable256
 .rodata.twiddleCoef_rfft_128
                0x0801b454      0x200 D:\APP5\Architecture_calcul_rapide_DSP\TP\stCube_workspace\TP_Calcul_Rapide\Drivers\CMSIS\Lib\GCC\libarm_cortexM4lf_math.a(arm_common_tables.o)
                0x0801b454                twiddleCoef_rfft_128
 .rodata.armBitRevIndexTable128
                0x0801b654      0x1a0 D:\APP5\Architecture_calcul_rapide_DSP\TP\stCube_workspace\TP_Calcul_Rapide\Drivers\CMSIS\Lib\GCC\libarm_cortexM4lf_math.a(arm_common_tables.o)
                0x0801b654                armBitRevIndexTable128
                0x0801b7f4                        . = ALIGN (0x4)

.ARM.extab      0x0801b7f4        0x0
                0x0801b7f4                        . = ALIGN (0x4)
 *(.ARM.extab* .gnu.linkonce.armextab.*)
                0x0801b7f4                        . = ALIGN (0x4)

.ARM            0x0801b7f4        0x8
                0x0801b7f4                        . = ALIGN (0x4)
                0x0801b7f4                        __exidx_start = .
 *(.ARM.exidx*)
 .ARM.exidx     0x0801b7f4        0x8 D:/STM32CubeIDE_1.18.1/STM32CubeIDE/plugins/com.st.stm32cube.ide.mcu.externaltools.gnu-tools-for-stm32.13.3.rel1.win32_1.0.0.202411081344/tools/bin/../lib/gcc/arm-none-eabi/13.3.1/thumb/v7e-m+fp/hard\libgcc.a(_udivmoddi4.o)
                0x0801b7fc                        __exidx_end = .
                0x0801b7fc                        . = ALIGN (0x4)

.preinit_array  0x0801b7fc        0x0
                0x0801b7fc                        . = ALIGN (0x4)
                0x0801b7fc                        PROVIDE (__preinit_array_start = .)
 *(.preinit_array*)
                0x0801b7fc                        PROVIDE (__preinit_array_end = .)
                0x0801b7fc                        . = ALIGN (0x4)

.init_array     0x0801b7fc        0x4
                0x0801b7fc                        . = ALIGN (0x4)
                0x0801b7fc                        PROVIDE (__init_array_start = .)
 *(SORT_BY_NAME(.init_array.*))
 *(.init_array*)
 .init_array    0x0801b7fc        0x4 D:/STM32CubeIDE_1.18.1/STM32CubeIDE/plugins/com.st.stm32cube.ide.mcu.externaltools.gnu-tools-for-stm32.13.3.rel1.win32_1.0.0.202411081344/tools/bin/../lib/gcc/arm-none-eabi/13.3.1/thumb/v7e-m+fp/hard/crtbegin.o
                0x0801b800                        PROVIDE (__init_array_end = .)
                0x0801b800                        . = ALIGN (0x4)

.fini_array     0x0801b800        0x4
                0x0801b800                        . = ALIGN (0x4)
                [!provide]                        PROVIDE (__fini_array_start = .)
 *(SORT_BY_NAME(.fini_array.*))
 *(.fini_array*)
 .fini_array    0x0801b800        0x4 D:/STM32CubeIDE_1.18.1/STM32CubeIDE/plugins/com.st.stm32cube.ide.mcu.externaltools.gnu-tools-for-stm32.13.3.rel1.win32_1.0.0.202411081344/tools/bin/../lib/gcc/arm-none-eabi/13.3.1/thumb/v7e-m+fp/hard/crtbegin.o
                [!provide]                        PROVIDE (__fini_array_end = .)
                0x0801b804                        . = ALIGN (0x4)
                0x0801b804                        _sidata = LOADADDR (.data)

.rel.dyn        0x0801b804        0x0
 .rel.iplt      0x0801b804        0x0 D:/STM32CubeIDE_1.18.1/STM32CubeIDE/plugins/com.st.stm32cube.ide.mcu.externaltools.gnu-tools-for-stm32.13.3.rel1.win32_1.0.0.202411081344/tools/bin/../lib/gcc/arm-none-eabi/13.3.1/thumb/v7e-m+fp/hard/crtbegin.o

.data           0x20000000       0x6c load address 0x0801b804
                0x20000000                        . = ALIGN (0x4)
                0x20000000                        _sdata = .
 *(.data)
 *(.data*)
 .data.tunerRealAudioSourceFileKeep
                0x20000000        0x4 ./Core/Src/static_tuner.o
 .data.tunerRealAudioSourceUrlKeep
                0x20000004        0x4 ./Core/Src/static_tuner.o
 .data.tunerRealAudioSourceSha256Keep
                0x20000008        0x4 ./Core/Src/static_tuner.o
 .data.tunerRealAudioLicenseKeep
                0x2000000c        0x4 ./Core/Src/static_tuner.o
 .data.SystemCoreClock
                0x20000010        0x4 ./Core/Src/system_stm32f4xx.o
                0x20000010                SystemCoreClock
 .data.uwTickPrio
                0x20000014        0x4 ./Drivers/STM32F4xx_HAL_Driver/Src/stm32f4xx_hal.o
                0x20000014                uwTickPrio
 .data.uwTickFreq
                0x20000018        0x1 ./Drivers/STM32F4xx_HAL_Driver/Src/stm32f4xx_hal.o
                0x20000018                uwTickFreq
 *fill*         0x20000019        0x3 
 .data._impure_ptr
                0x2000001c        0x4 D:/STM32CubeIDE_1.18.1/STM32CubeIDE/plugins/com.st.stm32cube.ide.mcu.externaltools.gnu-tools-for-stm32.13.3.rel1.win32_1.0.0.202411081344/tools/bin/../lib/gcc/arm-none-eabi/13.3.1/../../../../arm-none-eabi/lib/thumb/v7e-m+fp/hard\libc_nano.a(libc_a-impure.o)
                0x2000001c                _impure_ptr
 .data._impure_data
                0x20000020       0x4c D:/STM32CubeIDE_1.18.1/STM32CubeIDE/plugins/com.st.stm32cube.ide.mcu.externaltools.gnu-tools-for-stm32.13.3.rel1.win32_1.0.0.202411081344/tools/bin/../lib/gcc/arm-none-eabi/13.3.1/../../../../arm-none-eabi/lib/thumb/v7e-m+fp/hard\libc_nano.a(libc_a-impure.o)
                0x20000020                _impure_data
 *(.RamFunc)
 *(.RamFunc*)
                0x2000006c                        . = ALIGN (0x4)
                0x2000006c                        _edata = .

.igot.plt       0x2000006c        0x0 load address 0x0801b870
 .igot.plt      0x2000006c        0x0 D:/STM32CubeIDE_1.18.1/STM32CubeIDE/plugins/com.st.stm32cube.ide.mcu.externaltools.gnu-tools-for-stm32.13.3.rel1.win32_1.0.0.202411081344/tools/bin/../lib/gcc/arm-none-eabi/13.3.1/thumb/v7e-m+fp/hard/crtbegin.o
                0x2000006c                        . = ALIGN (0x4)

.bss            0x2000006c    0x108b0 load address 0x0801b870
                0x2000006c                        _sbss = .
                0x2000006c                        __bss_start__ = _sbss
 *(.bss)
 .bss           0x2000006c       0x1c D:/STM32CubeIDE_1.18.1/STM32CubeIDE/plugins/com.st.stm32cube.ide.mcu.externaltools.gnu-tools-for-stm32.13.3.rel1.win32_1.0.0.202411081344/tools/bin/../lib/gcc/arm-none-eabi/13.3.1/thumb/v7e-m+fp/hard/crtbegin.o
 *(.bss*)
 .bss.hdma_adc1
                0x20000088       0x60 ./Core/Src/main.o
                0x20000088                hdma_adc1
 .bss.hdma_dac1
                0x200000e8       0x60 ./Core/Src/main.o
                0x200000e8                hdma_dac1
 .bss.htim7     0x20000148       0x48 ./Core/Src/main.o
                0x20000148                htim7
 .bss.huart2    0x20000190       0x48 ./Core/Src/main.o
                0x20000190                huart2
 .bss.appDebugStep
                0x200001d8        0x4 ./Core/Src/main.o
                0x200001d8                appDebugStep
 .bss.tunerStaticInput
                0x200001dc     0x2000 ./Core/Src/static_tuner.o
                0x200001dc                tunerStaticInput
 .bss.tunerFftStringMagnitudes
                0x200021dc       0x18 ./Core/Src/static_tuner.o
                0x200021dc                tunerFftStringMagnitudes
 .bss.tunerSpectrum64
                0x200021f4      0x100 ./Core/Src/static_tuner.o
                0x200021f4                tunerSpectrum64
 .bss.tunerGraphLowE
                0x200022f4        0x4 ./Core/Src/static_tuner.o
                0x200022f4                tunerGraphLowE
 .bss.tunerGraphA
                0x200022f8        0x4 ./Core/Src/static_tuner.o
                0x200022f8                tunerGraphA
 .bss.tunerGraphD
                0x200022fc        0x4 ./Core/Src/static_tuner.o
                0x200022fc                tunerGraphD
 .bss.tunerGraphG
                0x20002300        0x4 ./Core/Src/static_tuner.o
                0x20002300                tunerGraphG
 .bss.tunerGraphB
                0x20002304        0x4 ./Core/Src/static_tuner.o
                0x20002304                tunerGraphB
 .bss.tunerGraphHighE
                0x20002308        0x4 ./Core/Src/static_tuner.o
                0x20002308                tunerGraphHighE
 .bss.tunerGraphPeakHz
                0x2000230c        0x4 ./Core/Src/static_tuner.o
                0x2000230c                tunerGraphPeakHz
 .bss.tunerGraphPeakMagnitude
                0x20002310        0x4 ./Core/Src/static_tuner.o
                0x20002310                tunerGraphPeakMagnitude
 .bss.tunerGraphCentsErrorX10
                0x20002314        0x4 ./Core/Src/static_tuner.o
                0x20002314                tunerGraphCentsErrorX10
 .bss.tunerGraphCorrHz
                0x20002318        0x4 ./Core/Src/static_tuner.o
                0x20002318                tunerGraphCorrHz
 .bss.tunerGraphCorrCentsErrorX10
                0x2000231c        0x4 ./Core/Src/static_tuner.o
                0x2000231c                tunerGraphCorrCentsErrorX10
 .bss.tunerDiag
                0x20002320       0xa8 ./Core/Src/static_tuner.o
                0x20002320                tunerDiag
 .bss.tunerRealAudioMetadataKeepAlive
                0x200023c8        0x4 ./Core/Src/static_tuner.o
                0x200023c8                tunerRealAudioMetadataKeepAlive
 .bss.tunerInputSource
                0x200023cc        0x4 ./Core/Src/static_tuner.o
                0x200023cc                tunerInputSource
 .bss.tunerSelectedTest
                0x200023d0        0x4 ./Core/Src/static_tuner.o
                0x200023d0                tunerSelectedTest
 .bss.tunerRunRequest
                0x200023d4        0x4 ./Core/Src/static_tuner.o
                0x200023d4                tunerRunRequest
 .bss.tunerAutoDemoEnabled
                0x200023d8        0x4 ./Core/Src/static_tuner.o
                0x200023d8                tunerAutoDemoEnabled
 .bss.tunerAutoDemoPeriodMs
                0x200023dc        0x4 ./Core/Src/static_tuner.o
                0x200023dc                tunerAutoDemoPeriodMs
 .bss.tunerYinDiff
                0x200023e0      0x398 ./Core/Src/static_tuner.o
 .bss.tunerFftInstance
                0x20002778       0x18 ./Core/Src/static_tuner.o
 .bss.tunerFftInitialized
                0x20002790        0x4 ./Core/Src/static_tuner.o
 .bss.tunerFftInput
                0x20002794     0x4000 ./Core/Src/static_tuner.o
 .bss.tunerFftOutput
                0x20006794     0x4000 ./Core/Src/static_tuner.o
 .bss.tunerCorrInput
                0x2000a794     0x2000 ./Core/Src/static_tuner.o
 .bss.tunerCorrOutput
                0x2000c794     0x3ffc ./Core/Src/static_tuner.o
 .bss.tunerAutoDemoLastTickMs
                0x20010790        0x4 ./Core/Src/static_tuner.o
 .bss.tunerAutoDemoTestIndex
                0x20010794        0x4 ./Core/Src/static_tuner.o
 .bss.htim10    0x20010798       0x48 ./Core/Src/stm32f4xx_hal_timebase_tim.o
                0x20010798                htim10
 .bss.uwTick    0x200107e0        0x4 ./Drivers/STM32F4xx_HAL_Driver/Src/stm32f4xx_hal.o
                0x200107e0                uwTick
 .bss.__sf      0x200107e4      0x138 D:/STM32CubeIDE_1.18.1/STM32CubeIDE/plugins/com.st.stm32cube.ide.mcu.externaltools.gnu-tools-for-stm32.13.3.rel1.win32_1.0.0.202411081344/tools/bin/../lib/gcc/arm-none-eabi/13.3.1/../../../../arm-none-eabi/lib/thumb/v7e-m+fp/hard\libc_nano.a(libc_a-findfp.o)
                0x200107e4                __sf
 *(COMMON)
                0x2001091c                        . = ALIGN (0x4)
                0x2001091c                        _ebss = .
                0x2001091c                        __bss_end__ = _ebss

._user_heap_stack
                0x2001091c      0x604 load address 0x0801b870
                0x20010920                        . = ALIGN (0x8)
 *fill*         0x2001091c        0x4 
                [!provide]                        PROVIDE (end = .)
                0x20010920                        PROVIDE (_end = .)
                0x20010b20                        . = (. + _Min_Heap_Size)
 *fill*         0x20010920      0x200 
                0x20010f20                        . = (. + _Min_Stack_Size)
 *fill*         0x20010b20      0x400 
                0x20010f20                        . = ALIGN (0x8)

/DISCARD/
 libc.a(*)
 libm.a(*)
 libgcc.a(*)

.ARM.attributes
                0x00000000       0x2e
 *(.ARM.attributes)
 .ARM.attributes
                0x00000000       0x22 D:/STM32CubeIDE_1.18.1/STM32CubeIDE/plugins/com.st.stm32cube.ide.mcu.externaltools.gnu-tools-for-stm32.13.3.rel1.win32_1.0.0.202411081344/tools/bin/../lib/gcc/arm-none-eabi/13.3.1/thumb/v7e-m+fp/hard/crti.o
 .ARM.attributes
                0x00000022       0x34 D:/STM32CubeIDE_1.18.1/STM32CubeIDE/plugins/com.st.stm32cube.ide.mcu.externaltools.gnu-tools-for-stm32.13.3.rel1.win32_1.0.0.202411081344/tools/bin/../lib/gcc/arm-none-eabi/13.3.1/thumb/v7e-m+fp/hard/crtbegin.o
 .ARM.attributes
                0x00000056       0x34 ./Core/Src/main.o
 .ARM.attributes
                0x0000008a       0x34 ./Core/Src/static_tuner.o
 .ARM.attributes
                0x000000be       0x34 ./Core/Src/stm32f4xx_hal_msp.o
 .ARM.attributes
                0x000000f2       0x34 ./Core/Src/stm32f4xx_hal_timebase_tim.o
 .ARM.attributes
                0x00000126       0x34 ./Core/Src/stm32f4xx_it.o
 .ARM.attributes
                0x0000015a       0x34 ./Core/Src/system_stm32f4xx.o
 .ARM.attributes
                0x0000018e       0x21 ./Core/Startup/startup_stm32f446retx.o
 .ARM.attributes
                0x000001af       0x34 ./Drivers/STM32F4xx_HAL_Driver/Src/stm32f4xx_hal.o
 .ARM.attributes
                0x000001e3       0x34 ./Drivers/STM32F4xx_HAL_Driver/Src/stm32f4xx_hal_cortex.o
 .ARM.attributes
                0x00000217       0x34 ./Drivers/STM32F4xx_HAL_Driver/Src/stm32f4xx_hal_dma.o
 .ARM.attributes
                0x0000024b       0x34 ./Drivers/STM32F4xx_HAL_Driver/Src/stm32f4xx_hal_gpio.o
 .ARM.attributes
                0x0000027f       0x34 ./Drivers/STM32F4xx_HAL_Driver/Src/stm32f4xx_hal_rcc.o
 .ARM.attributes
                0x000002b3       0x34 ./Drivers/STM32F4xx_HAL_Driver/Src/stm32f4xx_hal_rcc_ex.o
 .ARM.attributes
                0x000002e7       0x34 ./Drivers/STM32F4xx_HAL_Driver/Src/stm32f4xx_hal_tim.o
 .ARM.attributes
                0x0000031b       0x34 ./Drivers/STM32F4xx_HAL_Driver/Src/stm32f4xx_hal_tim_ex.o
 .ARM.attributes
                0x0000034f       0x34 ./Drivers/STM32F4xx_HAL_Driver/Src/stm32f4xx_hal_uart.o
 .ARM.attributes
                0x00000383       0x39 D:\APP5\Architecture_calcul_rapide_DSP\TP\stCube_workspace\TP_Calcul_Rapide\Drivers\CMSIS\Lib\GCC\libarm_cortexM4lf_math.a(arm_rfft_fast_init_f32.o)
 .ARM.attributes
                0x000003bc       0x39 D:\APP5\Architecture_calcul_rapide_DSP\TP\stCube_workspace\TP_Calcul_Rapide\Drivers\CMSIS\Lib\GCC\libarm_cortexM4lf_math.a(arm_rfft_fast_f32.o)
 .ARM.attributes
                0x000003f5       0x39 D:\APP5\Architecture_calcul_rapide_DSP\TP\stCube_workspace\TP_Calcul_Rapide\Drivers\CMSIS\Lib\GCC\libarm_cortexM4lf_math.a(arm_cfft_f32.o)
 .ARM.attributes
                0x0000042e       0x39 D:\APP5\Architecture_calcul_rapide_DSP\TP\stCube_workspace\TP_Calcul_Rapide\Drivers\CMSIS\Lib\GCC\libarm_cortexM4lf_math.a(arm_correlate_f32.o)
 .ARM.attributes
                0x00000467       0x39 D:\APP5\Architecture_calcul_rapide_DSP\TP\stCube_workspace\TP_Calcul_Rapide\Drivers\CMSIS\Lib\GCC\libarm_cortexM4lf_math.a(arm_sin_f32.o)
 .ARM.attributes
                0x000004a0       0x39 D:\APP5\Architecture_calcul_rapide_DSP\TP\stCube_workspace\TP_Calcul_Rapide\Drivers\CMSIS\Lib\GCC\libarm_cortexM4lf_math.a(arm_cos_f32.o)
 .ARM.attributes
                0x000004d9       0x39 D:\APP5\Architecture_calcul_rapide_DSP\TP\stCube_workspace\TP_Calcul_Rapide\Drivers\CMSIS\Lib\GCC\libarm_cortexM4lf_math.a(arm_common_tables.o)
 .ARM.attributes
                0x00000512       0x25 D:\APP5\Architecture_calcul_rapide_DSP\TP\stCube_workspace\TP_Calcul_Rapide\Drivers\CMSIS\Lib\GCC\libarm_cortexM4lf_math.a(arm_bitreversal2.o)
 .ARM.attributes
                0x00000537       0x39 D:\APP5\Architecture_calcul_rapide_DSP\TP\stCube_workspace\TP_Calcul_Rapide\Drivers\CMSIS\Lib\GCC\libarm_cortexM4lf_math.a(arm_cfft_radix8_f32.o)
 .ARM.attributes
                0x00000570       0x22 D:/STM32CubeIDE_1.18.1/STM32CubeIDE/plugins/com.st.stm32cube.ide.mcu.externaltools.gnu-tools-for-stm32.13.3.rel1.win32_1.0.0.202411081344/tools/bin/../lib/gcc/arm-none-eabi/13.3.1/thumb/v7e-m+fp/hard\libgcc.a(_arm_addsubsf3.o)
 .ARM.attributes
                0x00000592       0x22 D:/STM32CubeIDE_1.18.1/STM32CubeIDE/plugins/com.st.stm32cube.ide.mcu.externaltools.gnu-tools-for-stm32.13.3.rel1.win32_1.0.0.202411081344/tools/bin/../lib/gcc/arm-none-eabi/13.3.1/thumb/v7e-m+fp/hard\libgcc.a(_aeabi_uldivmod.o)
 .ARM.attributes
                0x000005b4       0x34 D:/STM32CubeIDE_1.18.1/STM32CubeIDE/plugins/com.st.stm32cube.ide.mcu.externaltools.gnu-tools-for-stm32.13.3.rel1.win32_1.0.0.202411081344/tools/bin/../lib/gcc/arm-none-eabi/13.3.1/thumb/v7e-m+fp/hard\libgcc.a(_udivmoddi4.o)
 .ARM.attributes
                0x000005e8       0x22 D:/STM32CubeIDE_1.18.1/STM32CubeIDE/plugins/com.st.stm32cube.ide.mcu.externaltools.gnu-tools-for-stm32.13.3.rel1.win32_1.0.0.202411081344/tools/bin/../lib/gcc/arm-none-eabi/13.3.1/thumb/v7e-m+fp/hard\libgcc.a(_dvmd_tls.o)
 .ARM.attributes
                0x0000060a       0x34 D:/STM32CubeIDE_1.18.1/STM32CubeIDE/plugins/com.st.stm32cube.ide.mcu.externaltools.gnu-tools-for-stm32.13.3.rel1.win32_1.0.0.202411081344/tools/bin/../lib/gcc/arm-none-eabi/13.3.1/../../../../arm-none-eabi/lib/thumb/v7e-m+fp/hard\libc_nano.a(libc_a-findfp.o)
 .ARM.attributes
                0x0000063e       0x34 D:/STM32CubeIDE_1.18.1/STM32CubeIDE/plugins/com.st.stm32cube.ide.mcu.externaltools.gnu-tools-for-stm32.13.3.rel1.win32_1.0.0.202411081344/tools/bin/../lib/gcc/arm-none-eabi/13.3.1/../../../../arm-none-eabi/lib/thumb/v7e-m+fp/hard\libc_nano.a(libc_a-memset.o)
 .ARM.attributes
                0x00000672       0x34 D:/STM32CubeIDE_1.18.1/STM32CubeIDE/plugins/com.st.stm32cube.ide.mcu.externaltools.gnu-tools-for-stm32.13.3.rel1.win32_1.0.0.202411081344/tools/bin/../lib/gcc/arm-none-eabi/13.3.1/../../../../arm-none-eabi/lib/thumb/v7e-m+fp/hard\libc_nano.a(libc_a-impure.o)
 .ARM.attributes
                0x000006a6       0x34 D:/STM32CubeIDE_1.18.1/STM32CubeIDE/plugins/com.st.stm32cube.ide.mcu.externaltools.gnu-tools-for-stm32.13.3.rel1.win32_1.0.0.202411081344/tools/bin/../lib/gcc/arm-none-eabi/13.3.1/../../../../arm-none-eabi/lib/thumb/v7e-m+fp/hard\libc_nano.a(libc_a-errno.o)
 .ARM.attributes
                0x000006da       0x34 D:/STM32CubeIDE_1.18.1/STM32CubeIDE/plugins/com.st.stm32cube.ide.mcu.externaltools.gnu-tools-for-stm32.13.3.rel1.win32_1.0.0.202411081344/tools/bin/../lib/gcc/arm-none-eabi/13.3.1/../../../../arm-none-eabi/lib/thumb/v7e-m+fp/hard\libc_nano.a(libc_a-init.o)
 .ARM.attributes
                0x0000070e       0x22 D:/STM32CubeIDE_1.18.1/STM32CubeIDE/plugins/com.st.stm32cube.ide.mcu.externaltools.gnu-tools-for-stm32.13.3.rel1.win32_1.0.0.202411081344/tools/bin/../lib/gcc/arm-none-eabi/13.3.1/thumb/v7e-m+fp/hard/crtn.o
OUTPUT(TP_Calcul_Rapide.elf elf32-littlearm)
LOAD linker stubs
LOAD D:/STM32CubeIDE_1.18.1/STM32CubeIDE/plugins/com.st.stm32cube.ide.mcu.externaltools.gnu-tools-for-stm32.13.3.rel1.win32_1.0.0.202411081344/tools/bin/../lib/gcc/arm-none-eabi/13.3.1/../../../../arm-none-eabi/lib/thumb/v7e-m+fp/hard\libc.a
LOAD D:/STM32CubeIDE_1.18.1/STM32CubeIDE/plugins/com.st.stm32cube.ide.mcu.externaltools.gnu-tools-for-stm32.13.3.rel1.win32_1.0.0.202411081344/tools/bin/../lib/gcc/arm-none-eabi/13.3.1/../../../../arm-none-eabi/lib/thumb/v7e-m+fp/hard\libm.a
LOAD D:/STM32CubeIDE_1.18.1/STM32CubeIDE/plugins/com.st.stm32cube.ide.mcu.externaltools.gnu-tools-for-stm32.13.3.rel1.win32_1.0.0.202411081344/tools/bin/../lib/gcc/arm-none-eabi/13.3.1/thumb/v7e-m+fp/hard\libgcc.a

.debug_info     0x00000000    0x12d68
 .debug_info    0x00000000     0x193d ./Core/Src/main.o
 .debug_info    0x0000193d     0x1863 ./Core/Src/static_tuner.o
 .debug_info    0x000031a0     0x153c ./Core/Src/stm32f4xx_hal_msp.o
 .debug_info    0x000046dc      0xc36 ./Core/Src/stm32f4xx_hal_timebase_tim.o
 .debug_info    0x00005312      0x738 ./Core/Src/stm32f4xx_it.o
 .debug_info    0x00005a4a      0x513 ./Core/Src/system_stm32f4xx.o
 .debug_info    0x00005f5d       0x30 ./Core/Startup/startup_stm32f446retx.o
 .debug_info    0x00005f8d      0x969 ./Drivers/STM32F4xx_HAL_Driver/Src/stm32f4xx_hal.o
 .debug_info    0x000068f6      0xdce ./Drivers/STM32F4xx_HAL_Driver/Src/stm32f4xx_hal_cortex.o
 .debug_info    0x000076c4      0x8e7 ./Drivers/STM32F4xx_HAL_Driver/Src/stm32f4xx_hal_dma.o
 .debug_info    0x00007fab      0x70b ./Drivers/STM32F4xx_HAL_Driver/Src/stm32f4xx_hal_gpio.o
 .debug_info    0x000086b6      0x8ff ./Drivers/STM32F4xx_HAL_Driver/Src/stm32f4xx_hal_rcc.o
 .debug_info    0x00008fb5      0x960 ./Drivers/STM32F4xx_HAL_Driver/Src/stm32f4xx_hal_rcc_ex.o
 .debug_info    0x00009915     0x299d ./Drivers/STM32F4xx_HAL_Driver/Src/stm32f4xx_hal_tim.o
 .debug_info    0x0000c2b2     0x14db ./Drivers/STM32F4xx_HAL_Driver/Src/stm32f4xx_hal_tim_ex.o
 .debug_info    0x0000d78d     0x2f4f ./Drivers/STM32F4xx_HAL_Driver/Src/stm32f4xx_hal_uart.o
 .debug_info    0x000106dc      0x4c3 D:\APP5\Architecture_calcul_rapide_DSP\TP\stCube_workspace\TP_Calcul_Rapide\Drivers\CMSIS\Lib\GCC\libarm_cortexM4lf_math.a(arm_rfft_fast_init_f32.o)
 .debug_info    0x00010b9f      0x729 D:\APP5\Architecture_calcul_rapide_DSP\TP\stCube_workspace\TP_Calcul_Rapide\Drivers\CMSIS\Lib\GCC\libarm_cortexM4lf_math.a(arm_rfft_fast_f32.o)
 .debug_info    0x000112c8      0x6b2 D:\APP5\Architecture_calcul_rapide_DSP\TP\stCube_workspace\TP_Calcul_Rapide\Drivers\CMSIS\Lib\GCC\libarm_cortexM4lf_math.a(arm_cfft_f32.o)
 .debug_info    0x0001197a      0x29f D:\APP5\Architecture_calcul_rapide_DSP\TP\stCube_workspace\TP_Calcul_Rapide\Drivers\CMSIS\Lib\GCC\libarm_cortexM4lf_math.a(arm_correlate_f32.o)
 .debug_info    0x00011c19      0x18a D:\APP5\Architecture_calcul_rapide_DSP\TP\stCube_workspace\TP_Calcul_Rapide\Drivers\CMSIS\Lib\GCC\libarm_cortexM4lf_math.a(arm_sin_f32.o)
 .debug_info    0x00011da3      0x18a D:\APP5\Architecture_calcul_rapide_DSP\TP\stCube_workspace\TP_Calcul_Rapide\Drivers\CMSIS\Lib\GCC\libarm_cortexM4lf_math.a(arm_cos_f32.o)
 .debug_info    0x00011f2d      0x99d D:\APP5\Architecture_calcul_rapide_DSP\TP\stCube_workspace\TP_Calcul_Rapide\Drivers\CMSIS\Lib\GCC\libarm_cortexM4lf_math.a(arm_common_tables.o)
 .debug_info    0x000128ca       0x85 D:\APP5\Architecture_calcul_rapide_DSP\TP\stCube_workspace\TP_Calcul_Rapide\Drivers\CMSIS\Lib\GCC\libarm_cortexM4lf_math.a(arm_bitreversal2.o)
 .debug_info    0x0001294f      0x419 D:\APP5\Architecture_calcul_rapide_DSP\TP\stCube_workspace\TP_Calcul_Rapide\Drivers\CMSIS\Lib\GCC\libarm_cortexM4lf_math.a(arm_cfft_radix8_f32.o)

.debug_abbrev   0x00000000     0x2ae2
 .debug_abbrev  0x00000000      0x2e8 ./Core/Src/main.o
 .debug_abbrev  0x000002e8      0x334 ./Core/Src/static_tuner.o
 .debug_abbrev  0x0000061c      0x260 ./Core/Src/stm32f4xx_hal_msp.o
 .debug_abbrev  0x0000087c      0x1f4 ./Core/Src/stm32f4xx_hal_timebase_tim.o
 .debug_abbrev  0x00000a70      0x181 ./Core/Src/stm32f4xx_it.o
 .debug_abbrev  0x00000bf1      0x11c ./Core/Src/system_stm32f4xx.o
 .debug_abbrev  0x00000d0d       0x24 ./Core/Startup/startup_stm32f446retx.o
 .debug_abbrev  0x00000d31      0x216 ./Drivers/STM32F4xx_HAL_Driver/Src/stm32f4xx_hal.o
 .debug_abbrev  0x00000f47      0x300 ./Drivers/STM32F4xx_HAL_Driver/Src/stm32f4xx_hal_cortex.o
 .debug_abbrev  0x00001247      0x264 ./Drivers/STM32F4xx_HAL_Driver/Src/stm32f4xx_hal_dma.o
 .debug_abbrev  0x000014ab      0x1d4 ./Drivers/STM32F4xx_HAL_Driver/Src/stm32f4xx_hal_gpio.o
 .debug_abbrev  0x0000167f      0x2b7 ./Drivers/STM32F4xx_HAL_Driver/Src/stm32f4xx_hal_rcc.o
 .debug_abbrev  0x00001936      0x211 ./Drivers/STM32F4xx_HAL_Driver/Src/stm32f4xx_hal_rcc_ex.o
 .debug_abbrev  0x00001b47      0x278 ./Drivers/STM32F4xx_HAL_Driver/Src/stm32f4xx_hal_tim.o
 .debug_abbrev  0x00001dbf      0x283 ./Drivers/STM32F4xx_HAL_Driver/Src/stm32f4xx_hal_tim_ex.o
 .debug_abbrev  0x00002042      0x30e ./Drivers/STM32F4xx_HAL_Driver/Src/stm32f4xx_hal_uart.o
 .debug_abbrev  0x00002350       0xfd D:\APP5\Architecture_calcul_rapide_DSP\TP\stCube_workspace\TP_Calcul_Rapide\Drivers\CMSIS\Lib\GCC\libarm_cortexM4lf_math.a(arm_rfft_fast_init_f32.o)
 .debug_abbrev  0x0000244d      0x188 D:\APP5\Architecture_calcul_rapide_DSP\TP\stCube_workspace\TP_Calcul_Rapide\Drivers\CMSIS\Lib\GCC\libarm_cortexM4lf_math.a(arm_rfft_fast_f32.o)
 .debug_abbrev  0x000025d5      0x18b D:\APP5\Architecture_calcul_rapide_DSP\TP\stCube_workspace\TP_Calcul_Rapide\Drivers\CMSIS\Lib\GCC\libarm_cortexM4lf_math.a(arm_cfft_f32.o)
 .debug_abbrev  0x00002760       0x94 D:\APP5\Architecture_calcul_rapide_DSP\TP\stCube_workspace\TP_Calcul_Rapide\Drivers\CMSIS\Lib\GCC\libarm_cortexM4lf_math.a(arm_correlate_f32.o)
 .debug_abbrev  0x000027f4       0xd7 D:\APP5\Architecture_calcul_rapide_DSP\TP\stCube_workspace\TP_Calcul_Rapide\Drivers\CMSIS\Lib\GCC\libarm_cortexM4lf_math.a(arm_sin_f32.o)
 .debug_abbrev  0x000028cb       0xd7 D:\APP5\Architecture_calcul_rapide_DSP\TP\stCube_workspace\TP_Calcul_Rapide\Drivers\CMSIS\Lib\GCC\libarm_cortexM4lf_math.a(arm_cos_f32.o)
 .debug_abbrev  0x000029a2       0x84 D:\APP5\Architecture_calcul_rapide_DSP\TP\stCube_workspace\TP_Calcul_Rapide\Drivers\CMSIS\Lib\GCC\libarm_cortexM4lf_math.a(arm_common_tables.o)
 .debug_abbrev  0x00002a26       0x14 D:\APP5\Architecture_calcul_rapide_DSP\TP\stCube_workspace\TP_Calcul_Rapide\Drivers\CMSIS\Lib\GCC\libarm_cortexM4lf_math.a(arm_bitreversal2.o)
 .debug_abbrev  0x00002a3a       0xa8 D:\APP5\Architecture_calcul_rapide_DSP\TP\stCube_workspace\TP_Calcul_Rapide\Drivers\CMSIS\Lib\GCC\libarm_cortexM4lf_math.a(arm_cfft_radix8_f32.o)

.debug_aranges  0x00000000      0xf38
 .debug_aranges
                0x00000000       0x70 ./Core/Src/main.o
 .debug_aranges
                0x00000070       0xe8 ./Core/Src/static_tuner.o
 .debug_aranges
                0x00000158       0x60 ./Core/Src/stm32f4xx_hal_msp.o
 .debug_aranges
                0x000001b8       0x30 ./Core/Src/stm32f4xx_hal_timebase_tim.o
 .debug_aranges
                0x000001e8       0x80 ./Core/Src/stm32f4xx_it.o
 .debug_aranges
                0x00000268       0x28 ./Core/Src/system_stm32f4xx.o
 .debug_aranges
                0x00000290       0x28 ./Core/Startup/startup_stm32f446retx.o
 .debug_aranges
                0x000002b8       0xf0 ./Drivers/STM32F4xx_HAL_Driver/Src/stm32f4xx_hal.o
 .debug_aranges
                0x000003a8      0x130 ./Drivers/STM32F4xx_HAL_Driver/Src/stm32f4xx_hal_cortex.o
 .debug_aranges
                0x000004d8       0x90 ./Drivers/STM32F4xx_HAL_Driver/Src/stm32f4xx_hal_dma.o
 .debug_aranges
                0x00000568       0x58 ./Drivers/STM32F4xx_HAL_Driver/Src/stm32f4xx_hal_gpio.o
 .debug_aranges
                0x000005c0       0x88 ./Drivers/STM32F4xx_HAL_Driver/Src/stm32f4xx_hal_rcc.o
 .debug_aranges
                0x00000648       0x78 ./Drivers/STM32F4xx_HAL_Driver/Src/stm32f4xx_hal_rcc_ex.o
 .debug_aranges
                0x000006c0      0x3d0 ./Drivers/STM32F4xx_HAL_Driver/Src/stm32f4xx_hal_tim.o
 .debug_aranges
                0x00000a90      0x168 ./Drivers/STM32F4xx_HAL_Driver/Src/stm32f4xx_hal_tim_ex.o
 .debug_aranges
                0x00000bf8      0x208 ./Drivers/STM32F4xx_HAL_Driver/Src/stm32f4xx_hal_uart.o
 .debug_aranges
                0x00000e00       0x20 D:\APP5\Architecture_calcul_rapide_DSP\TP\stCube_workspace\TP_Calcul_Rapide\Drivers\CMSIS\Lib\GCC\libarm_cortexM4lf_math.a(arm_rfft_fast_init_f32.o)
 .debug_aranges
                0x00000e20       0x30 D:\APP5\Architecture_calcul_rapide_DSP\TP\stCube_workspace\TP_Calcul_Rapide\Drivers\CMSIS\Lib\GCC\libarm_cortexM4lf_math.a(arm_rfft_fast_f32.o)
 .debug_aranges
                0x00000e50       0x30 D:\APP5\Architecture_calcul_rapide_DSP\TP\stCube_workspace\TP_Calcul_Rapide\Drivers\CMSIS\Lib\GCC\libarm_cortexM4lf_math.a(arm_cfft_f32.o)
 .debug_aranges
                0x00000e80       0x20 D:\APP5\Architecture_calcul_rapide_DSP\TP\stCube_workspace\TP_Calcul_Rapide\Drivers\CMSIS\Lib\GCC\libarm_cortexM4lf_math.a(arm_correlate_f32.o)
 .debug_aranges
                0x00000ea0       0x20 D:\APP5\Architecture_calcul_rapide_DSP\TP\stCube_workspace\TP_Calcul_Rapide\Drivers\CMSIS\Lib\GCC\libarm_cortexM4lf_math.a(arm_sin_f32.o)
 .debug_aranges
                0x00000ec0       0x20 D:\APP5\Architecture_calcul_rapide_DSP\TP\stCube_workspace\TP_Calcul_Rapide\Drivers\CMSIS\Lib\GCC\libarm_cortexM4lf_math.a(arm_cos_f32.o)
 .debug_aranges
                0x00000ee0       0x18 D:\APP5\Architecture_calcul_rapide_DSP\TP\stCube_workspace\TP_Calcul_Rapide\Drivers\CMSIS\Lib\GCC\libarm_cortexM4lf_math.a(arm_common_tables.o)
 .debug_aranges
                0x00000ef8       0x20 D:\APP5\Architecture_calcul_rapide_DSP\TP\stCube_workspace\TP_Calcul_Rapide\Drivers\CMSIS\Lib\GCC\libarm_cortexM4lf_math.a(arm_bitreversal2.o)
 .debug_aranges
                0x00000f18       0x20 D:\APP5\Architecture_calcul_rapide_DSP\TP\stCube_workspace\TP_Calcul_Rapide\Drivers\CMSIS\Lib\GCC\libarm_cortexM4lf_math.a(arm_cfft_radix8_f32.o)

.debug_rnglists
                0x00000000      0xafb
 .debug_rnglists
                0x00000000       0x53 ./Core/Src/main.o
 .debug_rnglists
                0x00000053       0xb7 ./Core/Src/static_tuner.o
 .debug_rnglists
                0x0000010a       0x46 ./Core/Src/stm32f4xx_hal_msp.o
 .debug_rnglists
                0x00000150       0x20 ./Core/Src/stm32f4xx_hal_timebase_tim.o
 .debug_rnglists
                0x00000170       0x5b ./Core/Src/stm32f4xx_it.o
 .debug_rnglists
                0x000001cb       0x1a ./Core/Src/system_stm32f4xx.o
 .debug_rnglists
                0x000001e5       0x19 ./Core/Startup/startup_stm32f446retx.o
 .debug_rnglists
                0x000001fe       0xaf ./Drivers/STM32F4xx_HAL_Driver/Src/stm32f4xx_hal.o
 .debug_rnglists
                0x000002ad       0xe0 ./Drivers/STM32F4xx_HAL_Driver/Src/stm32f4xx_hal_cortex.o
 .debug_rnglists
                0x0000038d       0x70 ./Drivers/STM32F4xx_HAL_Driver/Src/stm32f4xx_hal_dma.o
 .debug_rnglists
                0x000003fd       0x3f ./Drivers/STM32F4xx_HAL_Driver/Src/stm32f4xx_hal_gpio.o
 .debug_rnglists
                0x0000043c       0x66 ./Drivers/STM32F4xx_HAL_Driver/Src/stm32f4xx_hal_rcc.o
 .debug_rnglists
                0x000004a2       0x5e ./Drivers/STM32F4xx_HAL_Driver/Src/stm32f4xx_hal_rcc_ex.o
 .debug_rnglists
                0x00000500      0x31a ./Drivers/STM32F4xx_HAL_Driver/Src/stm32f4xx_hal_tim.o
 .debug_rnglists
                0x0000081a      0x125 ./Drivers/STM32F4xx_HAL_Driver/Src/stm32f4xx_hal_tim_ex.o
 .debug_rnglists
                0x0000093f      0x1bc ./Drivers/STM32F4xx_HAL_Driver/Src/stm32f4xx_hal_uart.o

.debug_macro    0x00000000    0x2186d
 .debug_macro   0x00000000      0x214 ./Core/Src/main.o
 .debug_macro   0x00000214      0x2a7 ./Core/Src/main.o
 .debug_macro   0x000004bb       0x2e ./Core/Src/main.o
 .debug_macro   0x000004e9       0x28 ./Core/Src/main.o
 .debug_macro   0x00000511      0xe43 ./Core/Src/main.o
 .debug_macro   0x00001354    0x1675e ./Core/Src/main.o
 .debug_macro   0x00017ab2       0x6d ./Core/Src/main.o
 .debug_macro   0x00017b1f     0x3693 ./Core/Src/main.o
 .debug_macro   0x0001b1b2       0x5c ./Core/Src/main.o
 .debug_macro   0x0001b20e      0xca5 ./Core/Src/main.o
 .debug_macro   0x0001beb3      0x9e9 ./Core/Src/main.o
 .debug_macro   0x0001c89c      0x115 ./Core/Src/main.o
 .debug_macro   0x0001c9b1      0x1a0 ./Core/Src/main.o
 .debug_macro   0x0001cb51       0xa5 ./Core/Src/main.o
 .debug_macro   0x0001cbf6      0x16d ./Core/Src/main.o
 .debug_macro   0x0001cd63      0x287 ./Core/Src/main.o
 .debug_macro   0x0001cfea       0x5f ./Core/Src/main.o
 .debug_macro   0x0001d049      0x236 ./Core/Src/main.o
 .debug_macro   0x0001d27f      0xb5b ./Core/Src/main.o
 .debug_macro   0x0001ddda      0x38b ./Core/Src/main.o
 .debug_macro   0x0001e165      0x17d ./Core/Src/main.o
 .debug_macro   0x0001e2e2       0xf9 ./Core/Src/main.o
 .debug_macro   0x0001e3db      0x122 ./Core/Src/main.o
 .debug_macro   0x0001e4fd       0xa6 ./Core/Src/main.o
 .debug_macro   0x0001e5a3      0x132 ./Core/Src/main.o
 .debug_macro   0x0001e6d5      0x29c ./Core/Src/main.o
 .debug_macro   0x0001e971       0x2e ./Core/Src/main.o
 .debug_macro   0x0001e99f      0x127 ./Core/Src/main.o
 .debug_macro   0x0001eac6       0xe8 ./Core/Src/main.o
 .debug_macro   0x0001ebae       0x89 ./Core/Src/main.o
 .debug_macro   0x0001ec37      0x8ed ./Core/Src/main.o
 .debug_macro   0x0001f524       0x53 ./Core/Src/main.o
 .debug_macro   0x0001f577      0x2aa ./Core/Src/main.o
 .debug_macro   0x0001f821      0x126 ./Core/Src/main.o
 .debug_macro   0x0001f947       0x58 ./Core/Src/main.o
 .debug_macro   0x0001f99f       0x4c ./Core/Src/main.o
 .debug_macro   0x0001f9eb      0x350 ./Core/Src/static_tuner.o
 .debug_macro   0x0001fd3b       0x46 ./Core/Src/static_tuner.o
 .debug_macro   0x0001fd81       0x5e ./Core/Src/static_tuner.o
 .debug_macro   0x0001fddf       0x56 ./Core/Src/static_tuner.o
 .debug_macro   0x0001fe35      0x205 ./Core/Src/stm32f4xx_hal_msp.o
 .debug_macro   0x0002003a      0x1f6 ./Core/Src/stm32f4xx_hal_timebase_tim.o
 .debug_macro   0x00020230      0x20f ./Core/Src/stm32f4xx_it.o
 .debug_macro   0x0002043f      0x1f6 ./Core/Src/system_stm32f4xx.o
 .debug_macro   0x00020635      0x256 ./Drivers/STM32F4xx_HAL_Driver/Src/stm32f4xx_hal.o
 .debug_macro   0x0002088b      0x1f6 ./Drivers/STM32F4xx_HAL_Driver/Src/stm32f4xx_hal_cortex.o
 .debug_macro   0x00020a81      0x1fc ./Drivers/STM32F4xx_HAL_Driver/Src/stm32f4xx_hal_dma.o
 .debug_macro   0x00020c7d      0x1fc ./Drivers/STM32F4xx_HAL_Driver/Src/stm32f4xx_hal_gpio.o
 .debug_macro   0x00020e79      0x21a ./Drivers/STM32F4xx_HAL_Driver/Src/stm32f4xx_hal_rcc.o
 .debug_macro   0x00021093      0x1f6 ./Drivers/STM32F4xx_HAL_Driver/Src/stm32f4xx_hal_rcc_ex.o
 .debug_macro   0x00021289      0x1f7 ./Drivers/STM32F4xx_HAL_Driver/Src/stm32f4xx_hal_tim.o
 .debug_macro   0x00021480      0x1f6 ./Drivers/STM32F4xx_HAL_Driver/Src/stm32f4xx_hal_tim_ex.o
 .debug_macro   0x00021676      0x1f7 ./Drivers/STM32F4xx_HAL_Driver/Src/stm32f4xx_hal_uart.o

.debug_line     0x00000000    0x12b68
 .debug_line    0x00000000      0xa41 ./Core/Src/main.o
 .debug_line    0x00000a41     0x139b ./Core/Src/static_tuner.o
 .debug_line    0x00001ddc      0x93f ./Core/Src/stm32f4xx_hal_msp.o
 .debug_line    0x0000271b      0x811 ./Core/Src/stm32f4xx_hal_timebase_tim.o
 .debug_line    0x00002f2c      0x8af ./Core/Src/stm32f4xx_it.o
 .debug_line    0x000037db      0x81b ./Core/Src/system_stm32f4xx.o
 .debug_line    0x00003ff6       0x7a ./Core/Startup/startup_stm32f446retx.o
 .debug_line    0x00004070      0xa97 ./Drivers/STM32F4xx_HAL_Driver/Src/stm32f4xx_hal.o
 .debug_line    0x00004b07      0xd57 ./Drivers/STM32F4xx_HAL_Driver/Src/stm32f4xx_hal_cortex.o
 .debug_line    0x0000585e     0x1003 ./Drivers/STM32F4xx_HAL_Driver/Src/stm32f4xx_hal_dma.o
 .debug_line    0x00006861      0xbdb ./Drivers/STM32F4xx_HAL_Driver/Src/stm32f4xx_hal_gpio.o
 .debug_line    0x0000743c      0xeb2 ./Drivers/STM32F4xx_HAL_Driver/Src/stm32f4xx_hal_rcc.o
 .debug_line    0x000082ee     0x1563 ./Drivers/STM32F4xx_HAL_Driver/Src/stm32f4xx_hal_rcc_ex.o
 .debug_line    0x00009851     0x380c ./Drivers/STM32F4xx_HAL_Driver/Src/stm32f4xx_hal_tim.o
 .debug_line    0x0000d05d     0x19f7 ./Drivers/STM32F4xx_HAL_Driver/Src/stm32f4xx_hal_tim_ex.o
 .debug_line    0x0000ea54     0x25df ./Drivers/STM32F4xx_HAL_Driver/Src/stm32f4xx_hal_uart.o
 .debug_line    0x00011033      0x1a6 D:\APP5\Architecture_calcul_rapide_DSP\TP\stCube_workspace\TP_Calcul_Rapide\Drivers\CMSIS\Lib\GCC\libarm_cortexM4lf_math.a(arm_rfft_fast_init_f32.o)
 .debug_line    0x000111d9      0x2f7 D:\APP5\Architecture_calcul_rapide_DSP\TP\stCube_workspace\TP_Calcul_Rapide\Drivers\CMSIS\Lib\GCC\libarm_cortexM4lf_math.a(arm_rfft_fast_f32.o)
 .debug_line    0x000114d0      0x783 D:\APP5\Architecture_calcul_rapide_DSP\TP\stCube_workspace\TP_Calcul_Rapide\Drivers\CMSIS\Lib\GCC\libarm_cortexM4lf_math.a(arm_cfft_f32.o)
 .debug_line    0x00011c53      0x3e9 D:\APP5\Architecture_calcul_rapide_DSP\TP\stCube_workspace\TP_Calcul_Rapide\Drivers\CMSIS\Lib\GCC\libarm_cortexM4lf_math.a(arm_correlate_f32.o)
 .debug_line    0x0001203c      0x16c D:\APP5\Architecture_calcul_rapide_DSP\TP\stCube_workspace\TP_Calcul_Rapide\Drivers\CMSIS\Lib\GCC\libarm_cortexM4lf_math.a(arm_sin_f32.o)
 .debug_line    0x000121a8      0x168 D:\APP5\Architecture_calcul_rapide_DSP\TP\stCube_workspace\TP_Calcul_Rapide\Drivers\CMSIS\Lib\GCC\libarm_cortexM4lf_math.a(arm_cos_f32.o)
 .debug_line    0x00012310      0x129 D:\APP5\Architecture_calcul_rapide_DSP\TP\stCube_workspace\TP_Calcul_Rapide\Drivers\CMSIS\Lib\GCC\libarm_cortexM4lf_math.a(arm_common_tables.o)
 .debug_line    0x00012439       0x98 D:\APP5\Architecture_calcul_rapide_DSP\TP\stCube_workspace\TP_Calcul_Rapide\Drivers\CMSIS\Lib\GCC\libarm_cortexM4lf_math.a(arm_bitreversal2.o)
 .debug_line    0x000124d1      0x697 D:\APP5\Architecture_calcul_rapide_DSP\TP\stCube_workspace\TP_Calcul_Rapide\Drivers\CMSIS\Lib\GCC\libarm_cortexM4lf_math.a(arm_cfft_radix8_f32.o)

.debug_str      0x00000000    0xdf029
 .debug_str     0x00000000    0xdf029 ./Core/Src/main.o
                              0xd6a7b (size before relaxing)
 .debug_str     0x000df029    0xda685 ./Core/Src/static_tuner.o
 .debug_str     0x000df029    0xd658d ./Core/Src/stm32f4xx_hal_msp.o
 .debug_str     0x000df029    0xd5f33 ./Core/Src/stm32f4xx_hal_timebase_tim.o
 .debug_str     0x000df029    0xd59aa ./Core/Src/stm32f4xx_it.o
 .debug_str     0x000df029    0xd540a ./Core/Src/system_stm32f4xx.o
 .debug_str     0x000df029       0x96 ./Core/Startup/startup_stm32f446retx.o
 .debug_str     0x000df029    0xd5fcf ./Drivers/STM32F4xx_HAL_Driver/Src/stm32f4xx_hal.o
 .debug_str     0x000df029    0xd5d21 ./Drivers/STM32F4xx_HAL_Driver/Src/stm32f4xx_hal_cortex.o
 .debug_str     0x000df029    0xd57ff ./Drivers/STM32F4xx_HAL_Driver/Src/stm32f4xx_hal_dma.o
 .debug_str     0x000df029    0xd5585 ./Drivers/STM32F4xx_HAL_Driver/Src/stm32f4xx_hal_gpio.o
 .debug_str     0x000df029    0xd5843 ./Drivers/STM32F4xx_HAL_Driver/Src/stm32f4xx_hal_rcc.o
 .debug_str     0x000df029    0xd5876 ./Drivers/STM32F4xx_HAL_Driver/Src/stm32f4xx_hal_rcc_ex.o
 .debug_str     0x000df029    0xd676f ./Drivers/STM32F4xx_HAL_Driver/Src/stm32f4xx_hal_tim.o
 .debug_str     0x000df029    0xd5f7b ./Drivers/STM32F4xx_HAL_Driver/Src/stm32f4xx_hal_tim_ex.o
 .debug_str     0x000df029    0xd5dfa ./Drivers/STM32F4xx_HAL_Driver/Src/stm32f4xx_hal_uart.o
 .debug_str     0x000df029      0x517 D:\APP5\Architecture_calcul_rapide_DSP\TP\stCube_workspace\TP_Calcul_Rapide\Drivers\CMSIS\Lib\GCC\libarm_cortexM4lf_math.a(arm_rfft_fast_init_f32.o)
 .debug_str     0x000df029      0x2f4 D:\APP5\Architecture_calcul_rapide_DSP\TP\stCube_workspace\TP_Calcul_Rapide\Drivers\CMSIS\Lib\GCC\libarm_cortexM4lf_math.a(arm_rfft_fast_f32.o)
 .debug_str     0x000df029      0x35f D:\APP5\Architecture_calcul_rapide_DSP\TP\stCube_workspace\TP_Calcul_Rapide\Drivers\CMSIS\Lib\GCC\libarm_cortexM4lf_math.a(arm_cfft_f32.o)
 .debug_str     0x000df029      0x2ad D:\APP5\Architecture_calcul_rapide_DSP\TP\stCube_workspace\TP_Calcul_Rapide\Drivers\CMSIS\Lib\GCC\libarm_cortexM4lf_math.a(arm_correlate_f32.o)
 .debug_str     0x000df029      0x242 D:\APP5\Architecture_calcul_rapide_DSP\TP\stCube_workspace\TP_Calcul_Rapide\Drivers\CMSIS\Lib\GCC\libarm_cortexM4lf_math.a(arm_sin_f32.o)
 .debug_str     0x000df029      0x242 D:\APP5\Architecture_calcul_rapide_DSP\TP\stCube_workspace\TP_Calcul_Rapide\Drivers\CMSIS\Lib\GCC\libarm_cortexM4lf_math.a(arm_cos_f32.o)
 .debug_str     0x000df029      0x704 D:\APP5\Architecture_calcul_rapide_DSP\TP\stCube_workspace\TP_Calcul_Rapide\Drivers\CMSIS\Lib\GCC\libarm_cortexM4lf_math.a(arm_common_tables.o)
 .debug_str     0x000df029      0x256 D:\APP5\Architecture_calcul_rapide_DSP\TP\stCube_workspace\TP_Calcul_Rapide\Drivers\CMSIS\Lib\GCC\libarm_cortexM4lf_math.a(arm_cfft_radix8_f32.o)

.comment        0x00000000       0xb3
 .comment       0x00000000       0xb3 ./Core/Src/main.o
                                 0x44 (size before relaxing)
 .comment       0x000000b3       0x44 ./Core/Src/static_tuner.o
 .comment       0x000000b3       0x44 ./Core/Src/stm32f4xx_hal_msp.o
 .comment       0x000000b3       0x44 ./Core/Src/stm32f4xx_hal_timebase_tim.o
 .comment       0x000000b3       0x44 ./Core/Src/stm32f4xx_it.o
 .comment       0x000000b3       0x44 ./Core/Src/system_stm32f4xx.o
 .comment       0x000000b3       0x44 ./Drivers/STM32F4xx_HAL_Driver/Src/stm32f4xx_hal.o
 .comment       0x000000b3       0x44 ./Drivers/STM32F4xx_HAL_Driver/Src/stm32f4xx_hal_cortex.o
 .comment       0x000000b3       0x44 ./Drivers/STM32F4xx_HAL_Driver/Src/stm32f4xx_hal_dma.o
 .comment       0x000000b3       0x44 ./Drivers/STM32F4xx_HAL_Driver/Src/stm32f4xx_hal_gpio.o
 .comment       0x000000b3       0x44 ./Drivers/STM32F4xx_HAL_Driver/Src/stm32f4xx_hal_rcc.o
 .comment       0x000000b3       0x44 ./Drivers/STM32F4xx_HAL_Driver/Src/stm32f4xx_hal_rcc_ex.o
 .comment       0x000000b3       0x44 ./Drivers/STM32F4xx_HAL_Driver/Src/stm32f4xx_hal_tim.o
 .comment       0x000000b3       0x44 ./Drivers/STM32F4xx_HAL_Driver/Src/stm32f4xx_hal_tim_ex.o
 .comment       0x000000b3       0x44 ./Drivers/STM32F4xx_HAL_Driver/Src/stm32f4xx_hal_uart.o
 .comment       0x000000b3       0x71 D:\APP5\Architecture_calcul_rapide_DSP\TP\stCube_workspace\TP_Calcul_Rapide\Drivers\CMSIS\Lib\GCC\libarm_cortexM4lf_math.a(arm_rfft_fast_init_f32.o)
 .comment       0x000000b3       0x71 D:\APP5\Architecture_calcul_rapide_DSP\TP\stCube_workspace\TP_Calcul_Rapide\Drivers\CMSIS\Lib\GCC\libarm_cortexM4lf_math.a(arm_rfft_fast_f32.o)
 .comment       0x000000b3       0x71 D:\APP5\Architecture_calcul_rapide_DSP\TP\stCube_workspace\TP_Calcul_Rapide\Drivers\CMSIS\Lib\GCC\libarm_cortexM4lf_math.a(arm_cfft_f32.o)
 .comment       0x000000b3       0x71 D:\APP5\Architecture_calcul_rapide_DSP\TP\stCube_workspace\TP_Calcul_Rapide\Drivers\CMSIS\Lib\GCC\libarm_cortexM4lf_math.a(arm_correlate_f32.o)
 .comment       0x000000b3       0x71 D:\APP5\Architecture_calcul_rapide_DSP\TP\stCube_workspace\TP_Calcul_Rapide\Drivers\CMSIS\Lib\GCC\libarm_cortexM4lf_math.a(arm_sin_f32.o)
 .comment       0x000000b3       0x71 D:\APP5\Architecture_calcul_rapide_DSP\TP\stCube_workspace\TP_Calcul_Rapide\Drivers\CMSIS\Lib\GCC\libarm_cortexM4lf_math.a(arm_cos_f32.o)
 .comment       0x000000b3       0x71 D:\APP5\Architecture_calcul_rapide_DSP\TP\stCube_workspace\TP_Calcul_Rapide\Drivers\CMSIS\Lib\GCC\libarm_cortexM4lf_math.a(arm_common_tables.o)
 .comment       0x000000b3       0x71 D:\APP5\Architecture_calcul_rapide_DSP\TP\stCube_workspace\TP_Calcul_Rapide\Drivers\CMSIS\Lib\GCC\libarm_cortexM4lf_math.a(arm_cfft_radix8_f32.o)

.debug_frame    0x00000000     0x3ecc
 .debug_frame   0x00000000      0x180 ./Core/Src/main.o
 .debug_frame   0x00000180      0x418 ./Core/Src/static_tuner.o
 .debug_frame   0x00000598      0x154 ./Core/Src/stm32f4xx_hal_msp.o
 .debug_frame   0x000006ec       0x74 ./Core/Src/stm32f4xx_hal_timebase_tim.o
 .debug_frame   0x00000760      0x178 ./Core/Src/stm32f4xx_it.o
 .debug_frame   0x000008d8       0x58 ./Core/Src/system_stm32f4xx.o
 .debug_frame   0x00000930      0x374 ./Drivers/STM32F4xx_HAL_Driver/Src/stm32f4xx_hal.o
 .debug_frame   0x00000ca4      0x508 ./Drivers/STM32F4xx_HAL_Driver/Src/stm32f4xx_hal_cortex.o
 .debug_frame   0x000011ac      0x250 ./Drivers/STM32F4xx_HAL_Driver/Src/stm32f4xx_hal_dma.o
 .debug_frame   0x000013fc      0x14c ./Drivers/STM32F4xx_HAL_Driver/Src/stm32f4xx_hal_gpio.o
 .debug_frame   0x00001548      0x1f4 ./Drivers/STM32F4xx_HAL_Driver/Src/stm32f4xx_hal_rcc.o
 .debug_frame   0x0000173c      0x1e8 ./Drivers/STM32F4xx_HAL_Driver/Src/stm32f4xx_hal_rcc_ex.o
 .debug_frame   0x00001924     0x11c0 ./Drivers/STM32F4xx_HAL_Driver/Src/stm32f4xx_hal_tim.o
 .debug_frame   0x00002ae4      0x638 ./Drivers/STM32F4xx_HAL_Driver/Src/stm32f4xx_hal_tim_ex.o
 .debug_frame   0x0000311c      0x954 ./Drivers/STM32F4xx_HAL_Driver/Src/stm32f4xx_hal_uart.o
 .debug_frame   0x00003a70       0x28 D:\APP5\Architecture_calcul_rapide_DSP\TP\stCube_workspace\TP_Calcul_Rapide\Drivers\CMSIS\Lib\GCC\libarm_cortexM4lf_math.a(arm_rfft_fast_init_f32.o)
 .debug_frame   0x00003a98       0x64 D:\APP5\Architecture_calcul_rapide_DSP\TP\stCube_workspace\TP_Calcul_Rapide\Drivers\CMSIS\Lib\GCC\libarm_cortexM4lf_math.a(arm_rfft_fast_f32.o)
 .debug_frame   0x00003afc       0xa8 D:\APP5\Architecture_calcul_rapide_DSP\TP\stCube_workspace\TP_Calcul_Rapide\Drivers\CMSIS\Lib\GCC\libarm_cortexM4lf_math.a(arm_cfft_f32.o)
 .debug_frame   0x00003ba4       0x38 D:\APP5\Architecture_calcul_rapide_DSP\TP\stCube_workspace\TP_Calcul_Rapide\Drivers\CMSIS\Lib\GCC\libarm_cortexM4lf_math.a(arm_correlate_f32.o)
 .debug_frame   0x00003bdc       0x20 D:\APP5\Architecture_calcul_rapide_DSP\TP\stCube_workspace\TP_Calcul_Rapide\Drivers\CMSIS\Lib\GCC\libarm_cortexM4lf_math.a(arm_sin_f32.o)
 .debug_frame   0x00003bfc       0x20 D:\APP5\Architecture_calcul_rapide_DSP\TP\stCube_workspace\TP_Calcul_Rapide\Drivers\CMSIS\Lib\GCC\libarm_cortexM4lf_math.a(arm_cos_f32.o)
 .debug_frame   0x00003c1c       0x54 D:\APP5\Architecture_calcul_rapide_DSP\TP\stCube_workspace\TP_Calcul_Rapide\Drivers\CMSIS\Lib\GCC\libarm_cortexM4lf_math.a(arm_cfft_radix8_f32.o)
 .debug_frame   0x00003c70       0x4c D:/STM32CubeIDE_1.18.1/STM32CubeIDE/plugins/com.st.stm32cube.ide.mcu.externaltools.gnu-tools-for-stm32.13.3.rel1.win32_1.0.0.202411081344/tools/bin/../lib/gcc/arm-none-eabi/13.3.1/thumb/v7e-m+fp/hard\libgcc.a(_arm_addsubsf3.o)
 .debug_frame   0x00003cbc       0x2c D:/STM32CubeIDE_1.18.1/STM32CubeIDE/plugins/com.st.stm32cube.ide.mcu.externaltools.gnu-tools-for-stm32.13.3.rel1.win32_1.0.0.202411081344/tools/bin/../lib/gcc/arm-none-eabi/13.3.1/thumb/v7e-m+fp/hard\libgcc.a(_aeabi_uldivmod.o)
 .debug_frame   0x00003ce8       0x34 D:/STM32CubeIDE_1.18.1/STM32CubeIDE/plugins/com.st.stm32cube.ide.mcu.externaltools.gnu-tools-for-stm32.13.3.rel1.win32_1.0.0.202411081344/tools/bin/../lib/gcc/arm-none-eabi/13.3.1/thumb/v7e-m+fp/hard\libgcc.a(_udivmoddi4.o)
 .debug_frame   0x00003d1c      0x144 D:/STM32CubeIDE_1.18.1/STM32CubeIDE/plugins/com.st.stm32cube.ide.mcu.externaltools.gnu-tools-for-stm32.13.3.rel1.win32_1.0.0.202411081344/tools/bin/../lib/gcc/arm-none-eabi/13.3.1/../../../../arm-none-eabi/lib/thumb/v7e-m+fp/hard\libc_nano.a(libc_a-findfp.o)
 .debug_frame   0x00003e60       0x20 D:/STM32CubeIDE_1.18.1/STM32CubeIDE/plugins/com.st.stm32cube.ide.mcu.externaltools.gnu-tools-for-stm32.13.3.rel1.win32_1.0.0.202411081344/tools/bin/../lib/gcc/arm-none-eabi/13.3.1/../../../../arm-none-eabi/lib/thumb/v7e-m+fp/hard\libc_nano.a(libc_a-memset.o)
 .debug_frame   0x00003e80       0x20 D:/STM32CubeIDE_1.18.1/STM32CubeIDE/plugins/com.st.stm32cube.ide.mcu.externaltools.gnu-tools-for-stm32.13.3.rel1.win32_1.0.0.202411081344/tools/bin/../lib/gcc/arm-none-eabi/13.3.1/../../../../arm-none-eabi/lib/thumb/v7e-m+fp/hard\libc_nano.a(libc_a-errno.o)
 .debug_frame   0x00003ea0       0x2c D:/STM32CubeIDE_1.18.1/STM32CubeIDE/plugins/com.st.stm32cube.ide.mcu.externaltools.gnu-tools-for-stm32.13.3.rel1.win32_1.0.0.202411081344/tools/bin/../lib/gcc/arm-none-eabi/13.3.1/../../../../arm-none-eabi/lib/thumb/v7e-m+fp/hard\libc_nano.a(libc_a-init.o)

.debug_line_str
                0x00000000       0x7a
 .debug_line_str
                0x00000000       0x7a ./Core/Startup/startup_stm32f446retx.o

.debug_loc      0x00000000     0x39cf
 .debug_loc     0x00000000      0x183 D:\APP5\Architecture_calcul_rapide_DSP\TP\stCube_workspace\TP_Calcul_Rapide\Drivers\CMSIS\Lib\GCC\libarm_cortexM4lf_math.a(arm_rfft_fast_init_f32.o)
 .debug_loc     0x00000183      0xe32 D:\APP5\Architecture_calcul_rapide_DSP\TP\stCube_workspace\TP_Calcul_Rapide\Drivers\CMSIS\Lib\GCC\libarm_cortexM4lf_math.a(arm_rfft_fast_f32.o)
 .debug_loc     0x00000fb5      0xf37 D:\APP5\Architecture_calcul_rapide_DSP\TP\stCube_workspace\TP_Calcul_Rapide\Drivers\CMSIS\Lib\GCC\libarm_cortexM4lf_math.a(arm_cfft_f32.o)
 .debug_loc     0x00001eec     0x102b D:\APP5\Architecture_calcul_rapide_DSP\TP\stCube_workspace\TP_Calcul_Rapide\Drivers\CMSIS\Lib\GCC\libarm_cortexM4lf_math.a(arm_correlate_f32.o)
 .debug_loc     0x00002f17       0xc8 D:\APP5\Architecture_calcul_rapide_DSP\TP\stCube_workspace\TP_Calcul_Rapide\Drivers\CMSIS\Lib\GCC\libarm_cortexM4lf_math.a(arm_sin_f32.o)
 .debug_loc     0x00002fdf       0xc8 D:\APP5\Architecture_calcul_rapide_DSP\TP\stCube_workspace\TP_Calcul_Rapide\Drivers\CMSIS\Lib\GCC\libarm_cortexM4lf_math.a(arm_cos_f32.o)
 .debug_loc     0x000030a7      0x928 D:\APP5\Architecture_calcul_rapide_DSP\TP\stCube_workspace\TP_Calcul_Rapide\Drivers\CMSIS\Lib\GCC\libarm_cortexM4lf_math.a(arm_cfft_radix8_f32.o)

.debug_ranges   0x00000000       0x90
 .debug_ranges  0x00000000       0x10 D:\APP5\Architecture_calcul_rapide_DSP\TP\stCube_workspace\TP_Calcul_Rapide\Drivers\CMSIS\Lib\GCC\libarm_cortexM4lf_math.a(arm_rfft_fast_init_f32.o)
 .debug_ranges  0x00000010       0x20 D:\APP5\Architecture_calcul_rapide_DSP\TP\stCube_workspace\TP_Calcul_Rapide\Drivers\CMSIS\Lib\GCC\libarm_cortexM4lf_math.a(arm_rfft_fast_f32.o)
 .debug_ranges  0x00000030       0x20 D:\APP5\Architecture_calcul_rapide_DSP\TP\stCube_workspace\TP_Calcul_Rapide\Drivers\CMSIS\Lib\GCC\libarm_cortexM4lf_math.a(arm_cfft_f32.o)
 .debug_ranges  0x00000050       0x10 D:\APP5\Architecture_calcul_rapide_DSP\TP\stCube_workspace\TP_Calcul_Rapide\Drivers\CMSIS\Lib\GCC\libarm_cortexM4lf_math.a(arm_correlate_f32.o)
 .debug_ranges  0x00000060       0x10 D:\APP5\Architecture_calcul_rapide_DSP\TP\stCube_workspace\TP_Calcul_Rapide\Drivers\CMSIS\Lib\GCC\libarm_cortexM4lf_math.a(arm_sin_f32.o)
 .debug_ranges  0x00000070       0x10 D:\APP5\Architecture_calcul_rapide_DSP\TP\stCube_workspace\TP_Calcul_Rapide\Drivers\CMSIS\Lib\GCC\libarm_cortexM4lf_math.a(arm_cos_f32.o)
 .debug_ranges  0x00000080       0x10 D:\APP5\Architecture_calcul_rapide_DSP\TP\stCube_workspace\TP_Calcul_Rapide\Drivers\CMSIS\Lib\GCC\libarm_cortexM4lf_math.a(arm_cfft_radix8_f32.o)
