../Core/Src/main.c:78:6:HAL_ADC_ConvHalfCpltCallback	1
../Core/Src/main.c:83:6:HAL_ADC_ConvCpltCallback	1
../Core/Src/main.c:88:6:HAL_ADC_ErrorCallback	1
../Core/Src/main.c:98:5:main	2
../Core/Src/main.c:162:6:SystemClock_Config	3
../Core/Src/main.c:210:13:MX_ADC1_Init	3
../Core/Src/main.c:262:13:MX_DAC_Init	3
../Core/Src/main.c:302:13:MX_TIM2_Init	4
../Core/Src/main.c:347:13:MX_TIM7_Init	3
../Core/Src/main.c:385:13:MX_USART2_UART_Init	2
../Core/Src/main.c:416:13:MX_DMA_Init	1
../Core/Src/main.c:438:13:MX_GPIO_Init	1
../Core/Src/main.c:484:6:HAL_TIM_PeriodElapsedCallback	3
../Core/Src/main.c:504:6:Error_Handler	1
