../Core/Src/microphone_dma.c:16:13:MicrophoneDma_ResetDiagnostics	8	static
../Core/Src/microphone_dma.c:28:13:MicrophoneDma_ArmCapture	4	static
../Core/Src/microphone_dma.c:38:13:MicrophoneDma_HandleCaptureControl	8	static
../Core/Src/microphone_dma.c:47:13:MicrophoneDma_RecordHalError	16	static
../Core/Src/microphone_dma.c:63:16:MicrophoneDma_IsExpectedAdc	16	static
../Core/Src/microphone_dma.c:68:16:MicrophoneDma_ConsumePending	32	static,ignoring_inline_asm
../Core/Src/microphone_dma.c:89:13:MicrophoneDma_AddPending	16	static
../Core/Src/microphone_dma.c:102:13:MicrophoneDma_UpdateDiagnostics	24	static
../Core/Src/microphone_dma.c:158:13:MicrophoneDma_UpdateClockDiagnostics	24	static
../Core/Src/microphone_dma.c:178:13:MicrophoneDma_RecordCallbackTiming	16	static
../Core/Src/microphone_dma.c:208:13:MicrophoneDma_TryCapture	24	static
../Core/Src/microphone_dma.c:233:13:MicrophoneDma_ProcessBlock	64	static
../Core/Src/microphone_dma.c:243:19:MicrophoneDma_Start	24	static
../Core/Src/microphone_dma.c:293:19:MicrophoneDma_Stop	16	static
../Core/Src/microphone_dma.c:315:10:MicrophoneDma_Task	16	static
../Core/Src/microphone_dma.c:336:6:MicrophoneDma_OnAdcHalfCplt	16	static
../Core/Src/microphone_dma.c:347:6:MicrophoneDma_OnAdcCplt	16	static
../Core/Src/microphone_dma.c:358:6:MicrophoneDma_OnAdcError	16	static
../Core/Src/microphone_dma.c:366:6:MicrophoneDma_AnalyzeSamples	104	static
../Core/Src/microphone_dma.c:477:10:MicrophoneDma_RunAnalysisSelfTest	96	static
