../Core/Src/static_tuner.c:70:14:StaticTuner_AbsF	16	static
../Core/Src/static_tuner.c:75:16:StaticTuner_RoundToI32	16	static
../Core/Src/static_tuner.c:85:14:StaticTuner_CentsFactor	24	static
../Core/Src/static_tuner.c:92:17:StaticTuner_GetStringIndex	16	static
../Core/Src/static_tuner.c:97:17:StaticTuner_GetOffsetIndex	16	static
../Core/Src/static_tuner.c:102:17:StaticTuner_IsValidTest	16	static
../Core/Src/static_tuner.c:107:17:StaticTuner_FftBinFromHz	16	static
../Core/Src/static_tuner.c:112:14:StaticTuner_GetFftMagnitude	24	static
../Core/Src/static_tuner.c:136:14:StaticTuner_GetLocalFftMagnitude	48	static
../Core/Src/static_tuner.c:162:13:StaticTuner_UpdateFftDiagnostics	72	static
../Core/Src/static_tuner.c:269:17:StaticTuner_GetSignalAmplitude	24	static
../Core/Src/static_tuner.c:291:13:StaticTuner_GenerateTone	64	static
../Core/Src/static_tuner.c:320:14:StaticTuner_GetMean	48	static
../Core/Src/static_tuner.c:332:17:StaticTuner_FindNearestString	40	static
../Core/Src/static_tuner.c:352:14:StaticTuner_InterpolateTau	40	static
../Core/Src/static_tuner.c:372:13:StaticTuner_Analyze	112	static
../Core/Src/static_tuner.c:484:13:StaticTuner_PublishResult	32	static
../Core/Src/static_tuner.c:517:6:StaticTuner_RunSelectedTest	80	static
../Core/Src/static_tuner.c:551:6:StaticTuner_RunAllTests	16	static
../Core/Src/static_tuner.c:563:6:StaticTuner_Init	8	static
../Core/Src/static_tuner.c:573:6:StaticTuner_Task	16	static
