../Core/Src/static_tuner.c:116:14:StaticTuner_AbsF	16	static
../Core/Src/static_tuner.c:121:16:StaticTuner_RoundToI32	16	static
../Core/Src/static_tuner.c:131:14:StaticTuner_CentsFactor	24	static
../Core/Src/static_tuner.c:138:17:StaticTuner_GetStringIndex	16	static
../Core/Src/static_tuner.c:143:17:StaticTuner_GetOffsetIndex	16	static
../Core/Src/static_tuner.c:148:17:StaticTuner_IsValidTest	16	static
../Core/Src/static_tuner.c:153:17:StaticTuner_FftBinFromHz	16	static
../Core/Src/static_tuner.c:158:14:StaticTuner_GetFftMagnitude	24	static
../Core/Src/static_tuner.c:182:14:StaticTuner_GetLocalFftMagnitude	48	static
../Core/Src/static_tuner.c:208:13:StaticTuner_UpdateFftDiagnostics	72	static
../Core/Src/static_tuner.c:324:17:StaticTuner_GetSignalAmplitude	24	static
../Core/Src/static_tuner.c:346:13:StaticTuner_GenerateTone	64	static
../Core/Src/static_tuner.c:375:13:StaticTuner_LoadRealAudioInput	32	static
../Core/Src/static_tuner.c:430:14:StaticTuner_GetMean	48	static
../Core/Src/static_tuner.c:442:17:StaticTuner_FindNearestString	40	static
../Core/Src/static_tuner.c:462:14:StaticTuner_InterpolateTau	40	static
../Core/Src/static_tuner.c:482:25:StaticTuner_GetTuningState	16	static
../Core/Src/static_tuner.c:497:13:StaticTuner_FillPitchResult	40	static
../Core/Src/static_tuner.c:516:14:StaticTuner_GetCorrScore	32	static
../Core/Src/static_tuner.c:531:13:StaticTuner_AnalyzeCorrelation	144	static
../Core/Src/static_tuner.c:664:13:StaticTuner_Analyze	96	static
../Core/Src/static_tuner.c:765:13:StaticTuner_PublishResult	32	static
../Core/Src/static_tuner.c:824:6:StaticTuner_RunSelectedTest	120	static
../Core/Src/static_tuner.c:884:6:StaticTuner_RunAllTests	16	static
../Core/Src/static_tuner.c:898:6:StaticTuner_Init	8	static
../Core/Src/static_tuner.c:935:6:StaticTuner_Task	16	static
