../Core/Src/static_tuner.c:98:14:StaticTuner_AbsF	16	static
../Core/Src/static_tuner.c:103:16:StaticTuner_RoundToI32	16	static
../Core/Src/static_tuner.c:113:14:StaticTuner_CentsFactor	24	static
../Core/Src/static_tuner.c:120:17:StaticTuner_GetStringIndex	16	static
../Core/Src/static_tuner.c:125:17:StaticTuner_GetOffsetIndex	16	static
../Core/Src/static_tuner.c:130:17:StaticTuner_IsValidTest	16	static
../Core/Src/static_tuner.c:135:17:StaticTuner_FftBinFromHz	16	static
../Core/Src/static_tuner.c:140:14:StaticTuner_GetFftMagnitude	24	static
../Core/Src/static_tuner.c:164:14:StaticTuner_GetLocalFftMagnitude	48	static
../Core/Src/static_tuner.c:190:13:StaticTuner_UpdateFftDiagnostics	72	static
../Core/Src/static_tuner.c:306:17:StaticTuner_GetSignalAmplitude	24	static
../Core/Src/static_tuner.c:328:13:StaticTuner_GenerateTone	64	static
../Core/Src/static_tuner.c:357:14:StaticTuner_GetMean	48	static
../Core/Src/static_tuner.c:369:17:StaticTuner_FindNearestString	40	static
../Core/Src/static_tuner.c:389:14:StaticTuner_InterpolateTau	40	static
../Core/Src/static_tuner.c:409:25:StaticTuner_GetTuningState	16	static
../Core/Src/static_tuner.c:424:13:StaticTuner_FillPitchResult	40	static
../Core/Src/static_tuner.c:443:14:StaticTuner_GetCorrScore	32	static
../Core/Src/static_tuner.c:458:13:StaticTuner_AnalyzeCorrelation	120	static
../Core/Src/static_tuner.c:568:13:StaticTuner_Analyze	96	static
../Core/Src/static_tuner.c:669:13:StaticTuner_PublishResult	32	static
../Core/Src/static_tuner.c:721:6:StaticTuner_RunSelectedTest	104	static
../Core/Src/static_tuner.c:755:6:StaticTuner_RunAllTests	16	static
../Core/Src/static_tuner.c:769:6:StaticTuner_Init	8	static
../Core/Src/static_tuner.c:783:6:StaticTuner_Task	16	static
