../Core/Src/static_tuner.c:99:14:StaticTuner_AbsF	16	static
../Core/Src/static_tuner.c:104:16:StaticTuner_RoundToI32	16	static
../Core/Src/static_tuner.c:114:14:StaticTuner_CentsFactor	24	static
../Core/Src/static_tuner.c:121:17:StaticTuner_GetStringIndex	16	static
../Core/Src/static_tuner.c:126:17:StaticTuner_GetOffsetIndex	16	static
../Core/Src/static_tuner.c:131:17:StaticTuner_IsValidTest	16	static
../Core/Src/static_tuner.c:136:17:StaticTuner_FftBinFromHz	16	static
../Core/Src/static_tuner.c:141:14:StaticTuner_GetFftMagnitude	24	static
../Core/Src/static_tuner.c:165:14:StaticTuner_GetLocalFftMagnitude	48	static
../Core/Src/static_tuner.c:191:13:StaticTuner_UpdateFftDiagnostics	72	static
../Core/Src/static_tuner.c:307:17:StaticTuner_GetSignalAmplitude	24	static
../Core/Src/static_tuner.c:329:13:StaticTuner_GenerateTone	64	static
../Core/Src/static_tuner.c:358:14:StaticTuner_GetMean	48	static
../Core/Src/static_tuner.c:370:17:StaticTuner_FindNearestString	40	static
../Core/Src/static_tuner.c:390:14:StaticTuner_InterpolateTau	40	static
../Core/Src/static_tuner.c:410:25:StaticTuner_GetTuningState	16	static
../Core/Src/static_tuner.c:425:13:StaticTuner_FillPitchResult	40	static
../Core/Src/static_tuner.c:444:14:StaticTuner_GetCorrScore	32	static
../Core/Src/static_tuner.c:459:13:StaticTuner_AnalyzeCorrelation	144	static
../Core/Src/static_tuner.c:592:13:StaticTuner_Analyze	96	static
../Core/Src/static_tuner.c:693:13:StaticTuner_PublishResult	32	static
../Core/Src/static_tuner.c:745:6:StaticTuner_RunSelectedTest	104	static
../Core/Src/static_tuner.c:779:6:StaticTuner_RunAllTests	16	static
../Core/Src/static_tuner.c:793:6:StaticTuner_Init	8	static
../Core/Src/static_tuner.c:807:6:StaticTuner_Task	16	static
