../Core/Src/static_tuner.c:59:14:StaticTuner_AbsF	16	static
../Core/Src/static_tuner.c:64:16:StaticTuner_RoundToI32	16	static
../Core/Src/static_tuner.c:74:14:StaticTuner_CentsFactor	24	static
../Core/Src/static_tuner.c:81:17:StaticTuner_GetStringIndex	16	static
../Core/Src/static_tuner.c:86:17:StaticTuner_GetOffsetIndex	16	static
../Core/Src/static_tuner.c:91:17:StaticTuner_IsValidTest	16	static
../Core/Src/static_tuner.c:96:17:StaticTuner_GetSignalAmplitude	24	static
../Core/Src/static_tuner.c:118:13:StaticTuner_GenerateTone	64	static
../Core/Src/static_tuner.c:147:14:StaticTuner_GetMean	48	static
../Core/Src/static_tuner.c:159:17:StaticTuner_FindNearestString	40	static
../Core/Src/static_tuner.c:179:14:StaticTuner_InterpolateTau	40	static
../Core/Src/static_tuner.c:199:13:StaticTuner_Analyze	112	static
../Core/Src/static_tuner.c:311:13:StaticTuner_PublishResult	32	static
../Core/Src/static_tuner.c:344:6:StaticTuner_RunSelectedTest	80	static
../Core/Src/static_tuner.c:377:6:StaticTuner_RunAllTests	16	static
../Core/Src/static_tuner.c:389:6:StaticTuner_Init	8	static
../Core/Src/static_tuner.c:399:6:StaticTuner_Task	16	static
