../Core/Src/static_tuner.c:125:13:StaticTuner_ResetRealSequence	16	static
../Core/Src/static_tuner.c:149:13:StaticTuner_CountRealSequenceString	16	static
../Core/Src/static_tuner.c:183:13:StaticTuner_RecordRealSequenceFrame	24	static
../Core/Src/static_tuner.c:223:14:StaticTuner_AbsF	16	static
../Core/Src/static_tuner.c:228:16:StaticTuner_RoundToI32	16	static
../Core/Src/static_tuner.c:238:14:StaticTuner_CentsFactor	24	static
../Core/Src/static_tuner.c:245:17:StaticTuner_GetStringIndex	16	static
../Core/Src/static_tuner.c:250:17:StaticTuner_GetOffsetIndex	16	static
../Core/Src/static_tuner.c:255:17:StaticTuner_IsValidTest	16	static
../Core/Src/static_tuner.c:260:17:StaticTuner_FftBinFromHz	16	static
../Core/Src/static_tuner.c:265:14:StaticTuner_GetFftMagnitude	24	static
../Core/Src/static_tuner.c:289:14:StaticTuner_GetLocalFftMagnitude	48	static
../Core/Src/static_tuner.c:315:13:StaticTuner_UpdateFftDiagnostics	72	static
../Core/Src/static_tuner.c:431:17:StaticTuner_GetSignalAmplitude	24	static
../Core/Src/static_tuner.c:453:13:StaticTuner_GenerateTone	64	static
../Core/Src/static_tuner.c:482:13:StaticTuner_LoadRealAudioInput	32	static
../Core/Src/static_tuner.c:537:14:StaticTuner_GetMean	48	static
../Core/Src/static_tuner.c:549:17:StaticTuner_FindNearestString	40	static
../Core/Src/static_tuner.c:569:14:StaticTuner_InterpolateTau	40	static
../Core/Src/static_tuner.c:589:25:StaticTuner_GetTuningState	16	static
../Core/Src/static_tuner.c:604:13:StaticTuner_FillPitchResult	40	static
../Core/Src/static_tuner.c:623:14:StaticTuner_GetCorrScore	32	static
../Core/Src/static_tuner.c:638:13:StaticTuner_AnalyzeCorrelation	144	static
../Core/Src/static_tuner.c:771:13:StaticTuner_Analyze	96	static
../Core/Src/static_tuner.c:872:13:StaticTuner_PublishResult	32	static
../Core/Src/static_tuner.c:931:6:StaticTuner_RunSelectedTest	120	static
../Core/Src/static_tuner.c:996:6:StaticTuner_RunAllTests	16	static
../Core/Src/static_tuner.c:1010:6:StaticTuner_Init	8	static
../Core/Src/static_tuner.c:1051:6:StaticTuner_Task	16	static
