../Core/Src/static_tuner.c:131:13:StaticTuner_EnableCycleCounter	4	static
../Core/Src/static_tuner.c:138:17:StaticTuner_GetCycleCount	4	static
../Core/Src/static_tuner.c:143:17:StaticTuner_CyclesToUs	24	static
../Core/Src/static_tuner.c:155:13:StaticTuner_ResetRealSequence	16	static
../Core/Src/static_tuner.c:193:13:StaticTuner_CountRealSequenceString	16	static
../Core/Src/static_tuner.c:227:13:StaticTuner_FinalizeRealSequenceSummary	144	static
../Core/Src/static_tuner.c:323:13:StaticTuner_RecordRealSequenceFrame	24	static
../Core/Src/static_tuner.c:365:14:StaticTuner_AbsF	16	static
../Core/Src/static_tuner.c:370:16:StaticTuner_RoundToI32	16	static
../Core/Src/static_tuner.c:380:14:StaticTuner_CentsFactor	24	static
../Core/Src/static_tuner.c:387:17:StaticTuner_GetStringIndex	16	static
../Core/Src/static_tuner.c:392:17:StaticTuner_GetOffsetIndex	16	static
../Core/Src/static_tuner.c:397:17:StaticTuner_IsValidTest	16	static
../Core/Src/static_tuner.c:402:17:StaticTuner_FftBinFromHz	16	static
../Core/Src/static_tuner.c:407:14:StaticTuner_GetFftMagnitude	24	static
../Core/Src/static_tuner.c:431:14:StaticTuner_GetLocalFftMagnitude	48	static
../Core/Src/static_tuner.c:457:14:StaticTuner_ScaleGraphMagnitude	16	static
../Core/Src/static_tuner.c:467:13:StaticTuner_UpdateFftDiagnostics	80	static
../Core/Src/static_tuner.c:593:17:StaticTuner_GetSignalAmplitude	24	static
../Core/Src/static_tuner.c:615:13:StaticTuner_GenerateTone	64	static
../Core/Src/static_tuner.c:644:13:StaticTuner_LoadRealAudioInput	32	static
../Core/Src/static_tuner.c:699:14:StaticTuner_GetMean	48	static
../Core/Src/static_tuner.c:711:17:StaticTuner_FindNearestString	40	static
../Core/Src/static_tuner.c:753:25:StaticTuner_GetTuningState	16	static
../Core/Src/static_tuner.c:789:13:StaticTuner_PromoteCorrelationResult	16	static
../Core/Src/static_tuner.c:808:14:StaticTuner_GetCorrScore	32	static
../Core/Src/static_tuner.c:823:13:StaticTuner_AnalyzeCorrelation	144	static
../Core/Src/static_tuner.c:966:13:StaticTuner_Analyze	24	static
../Core/Src/static_tuner.c:1079:13:StaticTuner_PublishResult	32	static
../Core/Src/static_tuner.c:1145:6:StaticTuner_RunSelectedTest	120	static
../Core/Src/static_tuner.c:1213:6:StaticTuner_RunAllTests	16	static
../Core/Src/static_tuner.c:1227:6:StaticTuner_Init	8	static
../Core/Src/static_tuner.c:1270:6:StaticTuner_Task	16	static
