../Core/Src/static_tuner.c:114:14:StaticTuner_AbsF	16	static
../Core/Src/static_tuner.c:119:16:StaticTuner_RoundToI32	16	static
../Core/Src/static_tuner.c:129:14:StaticTuner_CentsFactor	24	static
../Core/Src/static_tuner.c:136:17:StaticTuner_GetStringIndex	16	static
../Core/Src/static_tuner.c:141:17:StaticTuner_GetOffsetIndex	16	static
../Core/Src/static_tuner.c:146:17:StaticTuner_IsValidTest	16	static
../Core/Src/static_tuner.c:151:17:StaticTuner_FftBinFromHz	16	static
../Core/Src/static_tuner.c:156:14:StaticTuner_GetFftMagnitude	24	static
../Core/Src/static_tuner.c:180:14:StaticTuner_GetLocalFftMagnitude	48	static
../Core/Src/static_tuner.c:206:13:StaticTuner_UpdateFftDiagnostics	72	static
../Core/Src/static_tuner.c:322:17:StaticTuner_GetSignalAmplitude	24	static
../Core/Src/static_tuner.c:344:13:StaticTuner_GenerateTone	64	static
../Core/Src/static_tuner.c:373:13:StaticTuner_LoadRealAudioInput	32	static
../Core/Src/static_tuner.c:393:14:StaticTuner_GetMean	48	static
../Core/Src/static_tuner.c:405:17:StaticTuner_FindNearestString	40	static
../Core/Src/static_tuner.c:425:14:StaticTuner_InterpolateTau	40	static
../Core/Src/static_tuner.c:445:25:StaticTuner_GetTuningState	16	static
../Core/Src/static_tuner.c:460:13:StaticTuner_FillPitchResult	40	static
../Core/Src/static_tuner.c:479:14:StaticTuner_GetCorrScore	32	static
../Core/Src/static_tuner.c:494:13:StaticTuner_AnalyzeCorrelation	144	static
../Core/Src/static_tuner.c:627:13:StaticTuner_Analyze	96	static
../Core/Src/static_tuner.c:728:13:StaticTuner_PublishResult	32	static
../Core/Src/static_tuner.c:787:6:StaticTuner_RunSelectedTest	120	static
../Core/Src/static_tuner.c:847:6:StaticTuner_RunAllTests	16	static
../Core/Src/static_tuner.c:861:6:StaticTuner_Init	8	static
../Core/Src/static_tuner.c:889:6:StaticTuner_Task	16	static
