../Core/Src/static_tuner.c:122:13:StaticTuner_ResetRealSequence	16	static
../Core/Src/static_tuner.c:146:13:StaticTuner_CountRealSequenceString	16	static
../Core/Src/static_tuner.c:180:13:StaticTuner_RecordRealSequenceFrame	24	static
../Core/Src/static_tuner.c:220:14:StaticTuner_AbsF	16	static
../Core/Src/static_tuner.c:225:16:StaticTuner_RoundToI32	16	static
../Core/Src/static_tuner.c:235:14:StaticTuner_CentsFactor	24	static
../Core/Src/static_tuner.c:242:17:StaticTuner_GetStringIndex	16	static
../Core/Src/static_tuner.c:247:17:StaticTuner_GetOffsetIndex	16	static
../Core/Src/static_tuner.c:252:17:StaticTuner_IsValidTest	16	static
../Core/Src/static_tuner.c:257:17:StaticTuner_FftBinFromHz	16	static
../Core/Src/static_tuner.c:262:14:StaticTuner_GetFftMagnitude	24	static
../Core/Src/static_tuner.c:286:14:StaticTuner_GetLocalFftMagnitude	48	static
../Core/Src/static_tuner.c:312:13:StaticTuner_UpdateFftDiagnostics	72	static
../Core/Src/static_tuner.c:428:17:StaticTuner_GetSignalAmplitude	24	static
../Core/Src/static_tuner.c:450:13:StaticTuner_GenerateTone	64	static
../Core/Src/static_tuner.c:479:13:StaticTuner_LoadRealAudioInput	32	static
../Core/Src/static_tuner.c:534:14:StaticTuner_GetMean	48	static
../Core/Src/static_tuner.c:546:17:StaticTuner_FindNearestString	40	static
../Core/Src/static_tuner.c:566:14:StaticTuner_InterpolateTau	40	static
../Core/Src/static_tuner.c:586:25:StaticTuner_GetTuningState	16	static
../Core/Src/static_tuner.c:601:13:StaticTuner_FillPitchResult	40	static
../Core/Src/static_tuner.c:620:14:StaticTuner_GetCorrScore	32	static
../Core/Src/static_tuner.c:635:13:StaticTuner_AnalyzeCorrelation	144	static
../Core/Src/static_tuner.c:768:13:StaticTuner_Analyze	96	static
../Core/Src/static_tuner.c:869:13:StaticTuner_PublishResult	32	static
../Core/Src/static_tuner.c:928:6:StaticTuner_RunSelectedTest	120	static
../Core/Src/static_tuner.c:993:6:StaticTuner_RunAllTests	16	static
../Core/Src/static_tuner.c:1007:6:StaticTuner_Init	8	static
../Core/Src/static_tuner.c:1045:6:StaticTuner_Task	16	static
